>5S   Human 5S rRNA gene H4.
gtctactgccataccaccctgaacacgcccgatctcatctgatcttggaagctaagcagggtcaggcctg
gttggtacctgatgggagagagcctgggaacaccgggttctgtagggttg
>7SL   Human gene for small cytoplasmic 7SL RNA (7L30.1).
cgctccccaatgacgtaactgccctgcagcttctagtagcttttcgcagcgtctccgaccgccgggcgcg
gtggcgcgtgcctgtagtcccagctactcgggaggctgaggtgggaggatcgcttgagcccaggagttct
gggctgtagtgcgctatgccgatcgggtgtccgcactaagttcggcatcaatatggtgacctcccgggag
cgggggaccaccaggttgcctaaggaggggtgaaccggcccaggtcggaaacggagcaggtcaaaactcc
cgtgctgatcagtagtgggatcgcgcctgtgaatagccactgcactccagcctgagcaacatagcgagac
cccgtctcttttgcccccctccctact
>E1   Homo sapiens E1 small nucleolar RNA.
tccaacgtggatacaccctgggaggtcactctccccgggctctgtccaagtggcgtaggggagcataggg
ctctgccccatgatgtacaagtccctttccacaacgttggaaataaagctgggcctcgtgtctgcgcctg
catattcctacagcttcccagagtcctgtcgacaattactggggagacaaaccatgcaggaaacagcc
>E2   Homo sapiens E2 small nucleolar RNA.
tgtgcacattgttagagcttggagttgaggctactgactggccgatgaactcgcaagtgtaggtagtgtg
ctacatgaggggcaagttttcgctaacaccacaagggtctctggcccaatgagtggagtttgatagtaat
tcttgctacaagta
>E3   Human small nucleolar RNA (E3-1) gene, complete sequence.
cacgcaggattcagactagaatatagctgttaagtgctgtgttgtcattctccctgcttaaaataaagtt
tttttcttaactatacctgtctgctatctgctgtagcagccagggatgcttggtttcatacatgt
>HY1   Human gene hY1 encoding a cytoplasmic Ro RNA.
gggggctttaaatagttcaaacagtaggaggacttattggctggtccgaaggtagtgagttatctcaatt
gattgttcacagtcagttacagatcgaactccttgttctactctttccccccttctcactactgcacttg
actagtcttttacgagagtttccactctcctggcatccctcgttt
>L28   Human ribosomal protein L28 mRNA, complete cds.
gtcgccgctgcggagggagccgccgccatgtctgcgcatctgcaatggatggtcgtgcggaactgctcca
gtttcctgatcaagaggaataagcagacctacagcactgagcccaataacttgaaggcccgcaattcctt
ccgctacaacggactgattcaccgcaagactgtgggcgtggagccggcagccgacggcaaaggtgtcgtg
gtggtcattaagcggagatccggccagcggaagcctgccacctcctatgtgcggaccaccatcaacaaga
atgctcgcgccacgctcagcagcatcagacacatgatccgcaagaacaagtaccgccccgacctgcgcat
ggcagccatccgcagggccagcgccatcctgcgcacgcagaagcctgtgatggtgaagaggaagcggacc
cgccccaccaagagctcctgagccccctgcccccagagcaataaagtcagctggctttctcaaaa
>RRNA45   Human 4.5S (C8) RNA.
agttggtccgagtgttgtgggttattgttaagttgatttaacattgtctccccccacaaccgcgcttgac
tagcttgctgttt
>TRNA_ALA   Human Ala-tRNA.
ggggaattagctcaaatggtagagcgctcgctttgcttgcgagaggtagcgggatcgatgcccgcattct
ccacca
>TRNA_ASN   Human Asn-tRNA.
gtctctgtggcgcaatcggttagcgcgttcggctgttaaccgaaaggttggtggntcgagcccacccagg
gacgcca
>TRNA_GLU   Human Glu-tRNA.
tccctggtggtctagtggdtaggattcggcgctctcaccgccgcggcccgggttcgattcccggtcaggg
aacca
>TRNA_GLY   Human Gly-tRNA-GCC.
gcattggtggttcagtggtagaattctcgcctgccacgcgggaggcccgggttcgattcccggccaatgc
acca
>TRNA_VAL   Human Val-tRNA-1b.
gtttccgtagtgtagtggttatcacgttcgcctcacacgcgaaaggtccccggttcgaaaccgggcggaa
acacca
>U1   Human U1 small nuclear RNA (snRNA) gene HU1-1.
gctccatctggccaccgaaaggttgctccttaacacaggctaaggaccagcttctttgggagagaacaga
cgcaggggcgggagggaaaaagggagaggcagacgtcacttccccttggcggctctggcagcagattggt
cggttgagtggcagaaaggcagacggggactgggcaaggcactgtcggtgacatcacggacagggcgact
tctatgtagatgaggcagcgcagaggctgctgcttcgccacttgctgcttcaccacgaaggagttcccgt
gccctgggagcgggttcaggaccgctgatcggaagtgagaatcccagctgtgtgtcagggctggaaaggg
ctcgggagtgcgcggggcaagtgaccgtgtgtgtaaagagtgaggcgtatgaggctgtgtcggggcagag
gcccaagatctcatacttacctggcaggggagataccatgatcacgaaggtggttttcccagggcgaggc
ttatccattgcactccggatgtgctgacccctgcgatttccccaaatgtgggaaactcgactgcataatt
tgtggtagtgggggactgcgttcgcgctttcccctgactttctggagtttcaaaagtagactgtacgcta
agggtcatatctttttttgttttggtttgtgtcttggttggcgtcttaaatgttaatcctacagtggagg
gctgcggaataggaagtaacatgtcgcctgcacgccataggagaaaaagcgagcatcagccgtatcggct
ttgtaacacaaattagctatcgtgaagtccgctcag
>U2   Human small nuclear RNA U2 gene.
ccttcggcttccctgactgggcatgggccctcgtcccctcgtcccctcgggtacggggccggtctccccg
cccgcggcgcaaagtaaaggcccagcgcagccccctcctgccctgggccctcgtctttgtccaggaaaac
gtggaccgctctccgccgacagcctcttccacagacccctgtcgccttcccccccggtctcttccggttc
tgtcttttcgctgggctcgatacgaacaaggaagtggcccccagcggagcccggttccccaggcagaggc
ggccccgggggcggagtcaacggcggaggccacgccctctgtgaaagggcggggcatgcaaattcgaaat
gaaagcccgggaacgccggaagaagcacgggtgtaagatttcccttttcaaaggcggagaataagaaatc
agcccgagagtgtaagggcgtcaatagcgctgtggacgagacagagggaatggggcaaggagcgacgctg
gggctctcaccgcgacttgaatgtggatgagagtgggacggtgacggcgggcgcgaaggcgagcgcatcg
cttctcggccttttggctaagatcaagtgtagtatctgttcttatcagtttaatatctgatacgtcctct
atccgaggacaatatattaaatggatttttggagcagggagatggaataggagcttgctccgtccactcc
acgcatcgacctggtattgcagtacctccaggaacggtgcaccccctccggggatacaacgtgtttccta
aaagtagagggaggtgagagacggtagcacctgcggggcggcttgcacgccgagtgcctgtgacgcgccg
gcttgacttaactgcttccctgaagtaccgtgaggttcctgatgtgcgggcggtag
>U3   Human U3 small nuclear RNA, 5' end.
agactatactttcagggatcatttctatagttcgttactagagaagtttctctgactgtgtagagcaccc
gaa
>U4B   Human U4b small nuclear RNA (snRNA).
nagctttgcgcagtggcagtatcgtagccaatgaggtttatccgaggcgcgattattgctaattgaaaac
ttttcccaataccccgccgtgacgacttgcaatatagtcggcattggcaatttttgacagtctctacgga
gactg
>U5B1   Human U5 B1 small nuclear RNA, from Hela cells, complete.
atactctggtttctcttcagatcgcataaatctttcgccttttactaaagatttccgtggagaggaacaa
ctctgagtcttaacccaattttttgagccttgctccgacaaggcta
>U6   H.sapiens U6 snRNA.
gtgctcgcttcggcagcacatatactaaaattggaacgatacagagaagattagcatggcccctgcgcaa
ggatgacacgcaaattcgtgaagcgttccatattttt
>UHG   Homo sapiens spliced UHG RNA.
gactggcggataaggtcttgtgcgtggcctcgaggcttaaaagtagcagtggggctttgtgaaggacaaa
atggcgatggcgggccgtgtaggtcccccttcctatgatgaggaccttttcacagacctgtactgagctc
cgtgaggataagtaactctgaggagatgggccctgcaagcctccttcttagccgtctgttcagaaaatag
cgttttcgaaatgccctgagttgacctaatgtcttattgggctcctgtctgcaggatttacgcgcacgtt
ggaaccgaagagagctctgttgttgcaatgttcagcccacaagagcttactggtgaaggaatgggacaag
acccatctttatgcaaagccagcgttacagtaatgttccagcatctcataatctatcctggggaattcag
ctgcctcccagggtgaatacaggtattcctgatgacagtctgcctctatcttacagagcagcttgttgct
atataccattgaaaagccttcagagctgagaggtactactaaccaataacctgcttggctcaaagggcca
gcaccttctctctaaagcccaagaggagtttgaggaaaactaggtgtctgtgttcactccaggctgaagt
tacaggtctgagcaaataaggtgtataaaaaatggaatctgtcttggaggacatcagaaggtgaattttc
caagttcttggacaacctagctgttgaaaagctttctgggtttggggggtatttcagatgtaccttaaag
tgttagcagacacagattaagacactgggagccaatgaaacagcagttgagggtttgctgtgtatcacat
ttctgtattttatcacccccttcctgcaacattatttatctggaatctacctgcccttttgttttttaga
tacaagggcttggttttgttacccaggctggtttcaaggccatagctttaagagatcctctcaccacaga
tttccaaagtgctgggattgcaggtgtgattcatggcacccagactttgctgcctttcttacatgatcca
ggcccagaacccaaactcaggcactgtatagatgaccactttcgtaaactactgacctagcttgttgcca
attgttgattgaacttcccataactccacttcgtgtctgttcctctgtatacagccaccttctgttcccg
tcatgagcctttaggtctccatttgcatattgcaaatactatgttccatgtaggtagctcattcagggcc
ttgctcttcacttcaaaaaaggttcccttgaggactggctgtcaatttgtgttgctgtgttggttgttga
tgaaaataataaaatgattgattacat
>L7   Human ribosomal protein L7 (RPL7) mRNA, complete cds.
atggagggtgtagaagagaagaagaaggaggttcctgctgtgccagaaacccttaagaaaaagcgaagga
atttcgcagagctgaagatcaagcgcctgagaaagaagtttgcccaaaagatgcttcgaaaggcaaggag
gaagcttatctatgaaaaagcaaagcactatcacaaggaatataggcagatgtacagaactgaaattcga
atggcgaggatggcaagaaaagctggcaacttctatgtacctgcagaacccaaattggcgtttgtcatca
gaatcagaggtatcaatggagtgagcccaaaggttcgaaaggtgttgcagcttcttcgccttcgtcaaat
cttcaatggaacctttgtgaagctcaacaaggcttcgattaacatgctgaggattgtagagccatatatt
gcatgggggtaccccaatctgaagtcagtaaatgaactaatctacaagcgtggttatggcaaaatcaata
agaagcgaattgctttgacagataactctttgattgctcgatctcttggtaaatacggcatcatctgcat
ggaggatttgattcatgagatctatactgttggaaaacgcttcaaagaggcaaataacttcctgtggccc
ttcaaattgtcttctccacgaggtggaatgaagaaaaagaccacccattttgtagaaggtggagatgctg
gcaacagggaggaccagatcaacaggcttattagaagaatgaactaaggtgtctaccatgattatttttc
taagctggttggttaataaacagtacctgctctcaaattg
>XBR   Xba repetitive element copy A, from human alpha-fetoprotein gene.
aattgataggtcacgttctcactctatttgcctttaagggaagaaagcaatcaagttaatatgttttcct
tcattgtatagtatgtaactacggacactattagaggagggatttgtgtagcacttaggacattatactt
gataatttccaagggtctttctagatttaaaagtctgattctaacgtagtaataaaaataaaggcccaat
tttctctttaatattgcctgaagatattactctattattgcattaaaattaaacattcacacattgtttg
cactgctaaataaaattatgtaa
>XTR   Repetitive element X-2 from human alpha-fetoprotein gene.
ttaatttgagagaaattaattattctgcaacttagggacaagtcatgtctttgaatattctgtagtttga
ggagaatatttgttatatttgcaaaataaaa
>7SK   Human family A3 repeated element DNA; 7SK RNA pseudogene.
gatgtgagggcaatctggctgcgacatctgtccccactgattaccagggttgattcggctgatctggctg
gctaggcgggtctcctcttcctccctcagccctccatgtgtgtacctcctgaagcggactggtcttcagt
caagggtagacgagtagctgtgctcccctgctagaacctccaaacaagctctc
>L32   Mouse ribosomal protein pseudogene rpL32-4A coding for L32.
atggctgccctccggcctctggtgaagcccaagatcgtcaaaaagaggaccaagaagttcatcaggcacc
agtcagaccgatatgtgaaaattaagcgaaactggcggaaacccagaggcattgacaacagggtgcggag
aaggttcaagggccagatcctgatgcccaacatcggttatgggagcaacaagaaaaccaagcacatgctg
cccagcggcttccgcaagttcctggtccacaatgtcaaggagctggaggtgctgctgatgtgcaacaaat
cttactgtgctgagattgctcacaatgtgtcctctaagaaccgaaaagccattgtagaaagagcagcaca
gctggccatcagagtcaccaatcccaacgccaggctacgcagcgaagaaaatgaatag
>L7A   Human ribosomal protein L7a (surf 3) large subunit mRNA.
atgccgaaaggaaagaaggccaagggaaagaaggtggctccggccccagctgtcgtgaagaagcaggagg
ctaagaaagtggtgaatcccctgtttgagaaaaggcctaagaattttggcattggacaggacatccagcc
caaaagagacctcacccgctttgtgaaatggccccgctatatcaggttgcagcggcagagagccatcctc
tataagcggctgaaagtgcctcctgcgattaaccagttcacccaggccctggaccgccaaacagctactc
agctgcttaagctggcccacaagtacagaccagagacaaagcaagagaagaagcagagactgttggcccg
ggccgagaagaaggctgctggcaaaggggacgtcccaacgaagagaccacctgtccttcgagcaggagtt
aacaccgtcaccaccttggtggagaacaagaaagctcagctggtggtgattgcacacgacgtggatccca
tcgagctggttgtcttcttgcctgccctgtgtcgtaaaatgggggtcccttactgcattatcaagggaaa
ggcaagactgggacgtctagtccacaggaagacctgcaccactgtcgccttcacacaggtgaactcggaa
gacaaaggcgctttggctaagctggtggaagctatcaggaccaattacaatgacagatacgatgagatcc
gccgtcactggggtggcaatgtcctgggtcctaagtctgtggctcgtatcgccaagctcgaaaaggcaaa
ggctaaagaacttgccactaaactgggttaaatgtacactgttgagttttctgtacataaaaataattga
aataatacaaattttccttc
>L23A   Ribosomal protein L23A (protein coding region only).
atggcgccgaaagcgaagaaggaagctcctgcccctcctaaagctgaagccaaagcgaaggctttaaagg
ccaagaaggcagtgttgaaaggtgtccacagccacaaaaagaagaagatccgcacgtcacccaccttccg
gcggccgaagacactgcgactccggagacagcccaaatatcctcggaagagcgctcccaggagaaacaag
cttgaccactatgctatcatcaagtttccgctgaccactgagtctgccatgaagaagatagaagacaaca
acacacttgtgttcattgtggatgttaaagccaacaagcaccagattaaacaggctgtgaagaagctgta
tgacattgatgtggccaaggtcaacaccctgattcggcctgatggagagaagaaggcatatgttcgactg
gctcctgattacgatgctttggatgttgccaacaaaattgggatcatctaa
>L10   R.norvegicus mRNA for ribosomal protein L10.
tcaggcctgggagcgtctcttttcctctggcaccccatcgacgatcctagttgtcatcatgggccgccgc
cccgcccggtgttatcgctattgtaagaacaagccatacccaaagtctcgtttctgtcgtggtgtccctg
atgctaagatccgcatctttgacttgggacggaagaaagcaaaagtggatgaatttccactttgtggcca
catggtgtcagatgaatatgaacaactctcttctgaagctctggaggctgctcgtatttgtgccaacaaa
tacatggtaaagagttgtggcaaggatggctttcatatccgggtgaggctccaccctttccatgtcatcc
gtatcaacaagatgttgtcctgtgctggggctgacaggctccagacaggtatgcgtggtgcctttgggaa
accccaggggacagtagccagggttcacattggccaagtcatcatgtctatccgaaccaagctgcagaat
aaggaacatgtgattgaggctctgcgcagggccaagttcaagttccctggccggcagaagatccacatct
caaagaaatggggttttaccaagttcaatgcagatgaatttgaagacatggttgctgagaagcggctcat
tcctgatggctgtggtgtcaaatatatccccaatcgtggtcctcttgacaagtggagagccctgcattcc
tgaaggcttccacagtgcgctcctatgcgctatcaaatgaggttcaataataaagtctcgcgttcaaaa
>CYCLO   Cyclophilin-related retropseudogene (a consensus).
gctttgcagagccaccgccgccgggagccctgtactatcagccatggtcaaccccaccgtgttcttcgac
attgccgtcgacggcgagcccttgggccgcgtctccttcgagctgtttgcagacaagattccaaagacag
cagaaaatttcgtgctctgagcactggagagaaaggatttggttataagggttcctgctttcacagaatt
attccagggtttatgtgtcagggtggtgacttcacacgccataatggcactggtggcaagtccatctacg
gggagaaatttgatgatgagaacttcatcctaaagcatacaggtcctggcatcttgtccatggcaaatgc
tggacccaacacaaatggttcccagtttttcatctgcactgccaagactgagtggttggatggcaagcat
gtggtctttggcaaggtgaaagaaggcatgaatattgtggaggccatggagcgctttgggtccaggaatg
gcaagaccagcaagaagatcaccattgctgactgtggacaactctaataagtttgacttgtgttttatct
taaccaccagaccattccttctgtagctcaggagagcacccctccaccccatttgctcgcagtatcctag
aatctttgtgctctcgctgcagttccctttgggttccatgttttccttgttcccttccatgcctagctgg
attgcagagttaagtttatgattatgaaataaaaactaaataacaacaaaaaa
>L31   A consensus sequence of mammalian ribosomal protein L31.
ttcctttccaacttgggcccagcagaatggctcccgcaaagaagggtggcgagaagaaaaagggccgttc
tgccatcaacgaggtggtgacccgagaatacaccatcaacattcacaagcgcatccatggagtgggcttc
aagaagcgtgcccctcgggcactcaaagagatccggaaatttgccatgaaggagatgggaactccagatg
tgcgcattgataccaggctcaacaaagctgtctgggccaaaggaataaggaatgtcccataccgtatccg
tgtgcggttgtccagaaaacgtaatgaggatgaagattcaccaaataagctctatactttggttacctat
gtacctgttaccactttcaaaaatctacagacagtcaatgtggatgagaactaaccgctgatcatcaaat
acatcaaataaagttataaaat
>U13   H.sapiens U13 snRNA pseudogene - a consensus.
gatccttttgtagttcatragcgtgatgattgggtgttcatgtgcatgtgtgagatgtgccaccctcraa
ccttgttacgacatcggcacattacccrtctgacatgaaaaa
>L23   Human ribosomal L23 protein-encoding sequence: a consensus.
gctctaccggcaggatttgatggcgtgatgtctcacagaaagttctccgctcccagacatgggtccctcg
gcttcctgcctcggaagcgcagcagcaggcatcgtgggaaggtgaagagcttccctaaggatgacccgtc
caagccggtccacctcacagccttcctgggatacaaggctggcatgacycacatcgtgcgggaagtcgac
aggccgggatccaaggtgaacaagaaggaggtggtggaggctgtgaccattgtrgagacgccacccatgg
tggttgtgggcattgtgggctacgtggaaacccctcgaggcctccggaccttcaagactgtctttgctga
gcacatcagtgatgaatgcaagaggcgtttctataagaactggcataaatctaagaagaaggcctttacc
aagtactgcaagaaatggcaggatgaggatggcaagaagcagctggagaaggacttcagcagcatgaaga
agtactgccaagtcatccgcgtcattgcccacacccagatgcgcctgcttcctctgcgccagaagaaggc
ccacctgatggagatccaggtgaacggaggcactgtggctgagaagctggactgggcccgcgagaggctc
gagcagcaggtacctgtgaaccaagtgtttgggcaggatgagatgatcgacgtcatcggggtgaccaagg
gcaaaggctacaaaggggtcaccagtcgttggcacaccaagaagctgccccgcaagacccaccraggcct
gygcaaggtggcctgtattggggcatggcatcctgctcgtgtggscttctctgtggcacgtgctgggcag
aaaggctaccatcaccgcactgagatcaacaagaagatctataagattggccagggctaccttatcaagg
acggcaagctgatcaagaacaatgcctccactgactatgacctgtctgacaagagcatcaaccctctggg
tggctttgtccactatggtgaagtgaccaatgactttgtcatgctgaaaggctgtgtggtgggaaccaag
aagcgggtgctcaccctccgcaagtccttgctggtgcagacgaagcggcgggctctggagaagattgacc
ttaagttcattgacaccacctccaagtttggccatggccgcttccagaccatggaggagaagaaagcatt
catgggaccactcaagaaagaccgaattgcaaaggaagaaggagcttaatgccaggaacagattttgcag
ctggtggggtctcaataaaagttattttccactgaaaaaaaaaaanaaaa
>L37   DNA sequence of ribosomal protein L37 - a consensus.
tttctggtctcggccgcagaagcgagatgacgaagggaacgtcatcgtttggaaagcgtcgcaataagac
gcacacgttgtgccgccgctgtggctctaaggcctaccaccttcagaagtcgacctgtggcaaatgtggc
taccctgccaagcgcaagagaaagtataactggagtgccaaggctaaaagacgaaataccaccgggactg
gtcgaatgaggcacctaaaaattgtataccgcagattcaggcatggattccgtgaaggaacaacacctaa
acccaagagggcagctgttgcagcatccagttcatcttaagaatttcaacgattagtcatgcaataaatg
ttctggttttaaaaaat
>Y4   Human small cytoplasmic Y RNA (Y4) DNA sequence - a consensus.
ggctggtccgatggtagtgggttatcagaacttattaacattagtgtcactaaagttggtatacaacccc
ccactgctaaatttgactggcttaaaaaaaaaaaaaa
>HY3   Ro(hY3) pseudogene - a consensus.
ggctggttggagtgcagcgntgtttacaactaattgatcacaaccagttacaaatttctttgttccttct
ccactcccgctgcttcanttgacta
>HY1_SINE   SINE-like element derived from HY1 scRNA - a consensus.
ggaaaactcggctggtctgaaggtagtgagttatctcaaytgattgttcacagtcagttacagatcaaac
tccttgttctactctttccccccttctcactactgcacttgactaatcttaaaaaaaaa
