>SINE_FB   Felis bieti SINE element in Zfy gene, complete sequence.
gggcgcctgggtggtgcagtcggttaagcgtccgacttcagccaggtcacgatctcgcggtctgggagtt
cgagccccgcgtcaggctctgggctgatggctcggagcctggagcctgtttccgattctgtgtctccctc
tctctctgcccctcccccgttcatgctctgtctctctctgtcccaaaa
>SINE_FM   Felis margarita SINE element in Zfy gene, complete sequence.
gggcgcctgggtggtgcagtcggttaagcgtccgacttcagccaggtcacgatctcgcggtccgggagtt
cgagccctgcgtcgggctctgggctgatggctcggagcctggagcctgtttccgattctgtgtctccctc
tctctctgcccctcccccgttcatgctctgtctctctctgtcccaaaa
>SINE_FN   Felis nigripes SINE element in Zfy gene, complete sequence.
gggcgcctgggtggtgcagtcggttaagcgtccgacttcagccaggtcacgatctcgcggtccgggagtt
cgagccccgcgtcaggctctgggctgatggctcggagcctggagcctgtttccgattctgtgtctccctc
tctctctgcccctcccccgttcatgctctgtctctctctgtcccaaaa
>SINE_FS   Felis silvestris SINE element in Smcy gene, complete sequence.
gggcacctgggtggcgcagtcggttaagcgtccgacttcagccaggtcacgatctcgcggtccgtgagtt
cgagccccgcgtcaggctctgggcagatggctcagagcctggagcctgtttccgattctgtgtctccctc
tctctctgcccctcccccgttcatgctctgtctctctctgtcccaaaa
>SINE_LR   Lynx rufus SINE element in Smcy gene, complete sequence.
gggcgcctgggtggcgcagtcggttaagcgtccgacttcagccaggtcacgatctcgcggtccgtgagtt
cgagccccgcgtcaggctctgggcggatggctcggagcctggagcctgtttccgattctgtgtctccctc
tctctctgcccctcccccgttcatgctctgtctctctctgtcccaaaa
>SINE_OM   Otocolobus manul SINE element in Ube1y gene, complete sequence.
cgcctgggtggcgcagtcggttaagcgtccgacttcagccaggtcacgatctctcagtccgtgagttcga
gccccgcgtcgggctctgggctgatggctcagagcctggagcctgtttccgattctgtgtctccctctct
ctctgcccctcccccgttcatgctctgtctctctctgtcccaaaa
