>CERP1A   Nematode CeRep1.1 repeat DNA.
cttccgattttaatccattataacaaaatgctgtttctcaggtggcgaaaaattttaattccgagggggt
cattttcataggggattttttcgtaggaaaacgctttcggtgggacaaaatatacgacacgccttttcac
agacccaccacatgatccttcacaatgcaccacacgactttttgcaatacaccgcacgcttcttcgtatt
tatttattcctttttccaacgtaccgaacttcgacacgaattcaatacaaaacgggtttttaatggaaat
taattagttttattcccgagctaaatacggatattttcagaattttccgatgacaaaaacgggtttttca
atagattcgaacgatccaaaatttaattattaacgaaaatgagcgttttctttccggaaaaagaagaact
gatgccgagagtgatccaagtggagccaaatgtc
>RCA1   C.elegans repetitive DNA.
gacgtcacagactacaaagactacatagactacaaactatggacagacgaactgtatttttttatataaa
atataagtaatgat
>RCC9   C.elegans RcC9 repetitive DNA.
gtaaatctctgtgattcaagttttccgcattcagtgtccaatggagcgcgggtcgagccagaacctcgtg
tagaactttgcagaagtttcttgaattttccacgaaattgaacatttcagaattttatcgaattttttag
agagttctggaacattgcagacttttcccgatttttctagaaagttctggaatattccagaattttcccg
aattttctagaaaattctggaccattccagaactttctcggattttctagaaaattctggaccattccgg
aattttctcgaattttctagaaacttctggaccattccagaactttctagaattttctagaaaattctgg
accattccggaatttt
>RCD1   C.elegans RcD1 repetitive DNA.
gggtctcaccacgaagggtctcaccacgaagggtctcaccacgattggtctcaccacgacgggtctcacc
acgaaaggtctcaccacgattggtctcaccacgaagggtctcaccacgaagggtctcaccacgatgggtc
tcaccacgaagggtctcaccacgaagggtatcaccacgatgggtctcaccacgaagggtctcaccacgat
tggtctcaccacgaagggtctcaccacgaaaggtctcaccacgattggtctcaccacgaagggtctcacc
acgaagggtctcaccacgatgggtctcaccacgaagggtctcaccacgaagggtctcaccacgatgggtc
tcaccacaa
>RCS5   C.elegans RcS5 repetitive DNA sequence.
gaggcggttgtaaactattcgttttttagcaaaaattaaaaaaaaaactttatttaaatttaaaaataaa
tatcatatgttatcataccttagaatatcacgccttaatttagtaatcattttagttcataagtgtgaga
gaaagaaaaatggattaatcatcggaattaaatatcatcagaatgattatattcatcaaaggtcccactt
tacttgagggttaatttgatcgatataaaatgtttatctcatgtgaagaaaggttcgaattctgtaccta
tgaatgctgccgatatttgaattcctatctcatggaaagaaggcctttcttgtgggaagaacggtgttat
aaaaaaatatacgcaggtacagaatttgaacttttcttcccatgagagaggaatttgaatattggcattc
tataacttcactaagaaaaaaaatctccaaaggttgatcgcgaatatgtagagattcgtcgcatcccttc
aaatattacgaaatttccaagtttcttagtgataatctttattcagattactgaaaaatatacacagatt
acttttgagttgcctgcgaagttattgtaaaagccaaggcgagctgttggtacagaatttgaagttttct
tcccatgagttaggaatttgaataatggcattctataactttactaagaaaaaatatccccaaaggttgc
tcgcttccctccaaatattacgaaatctccaagtctta
>CERP1A   Nematode CeRep1.1 repeat DNA - a consensus.
cgagggggtacgttttcgtaaggggattttttcgtaaggaacgctttcagtagggcaatgtgcggcgcgc
cttttcgcaagcccgccgcacagtccttcgcaatgcgccgcacggctttttgcaatgcgccgcacgcttc
ttcgtatttatttatttatttttccaacaggaaatttcgaacggaattcaattaaaaacggatttttaat
ggaaattaattagttttattcgagctaaatacggatattttcagaattttcgatgacaaaaacgggtttc
aatcgatttcgaatcgatcaaaattaatattaatcgaaaatgagcgtttccttcccggaaaaagaagaac
ttgatgctgagagtgatccaagcggagccaaacgcttttttagaggcaagtattgatgtctaaagattaa
ttgaagagtgaaaagtatttttcagagttcacaaacaacccgagtgagcagcaattttccaagctgaagg
caagtttctttttgtagttttttaagttctcaaataggtatataacatcgatttgttttgttttccagag
aatgtatcatcacaacgactatcaaaacctgcgaggagtgattcaaaagaccattcaactatcaaaatca
ttgatcctagacttgaagagacgatccggaaatcgaacaaccgctgtgccattatacaaaaaccccgatt
tctgtacttcagtgtttttgaattataccggtttcagtgcttttaatgagaaacttttcccttttatgga
aattccgaaatgctatcactgatctctttgtttacctctgtgccattagattatagaaacaattttccat
actcaggttatccaaatttcgccatgatttttcttacttaatttaatcgaattaacttttgtttgcagtt
ttattttccatttcgactgaataaaaaatcacttctatcattttaatcgtttggctccgcctggatcact
ctcagcatcaagttcttctttttccgggaaggaaacgctcattttcgattaatattaattttgatcgatt
cgaaatcgattgaaacccgtttttgtcatcgaaaattctgaaaatatccgtatttagctcgaataaaact
aattaatttccattaaaaatccgtttttaattgaattccgttcgaaatttcctgttggaaaaataaataa
ataaatacgaagaagcgtgcggcgcattgcaaaaagccgtgcggcgcattgcgaaggactgtgcggcggg
cttgcgaaaaggcgcgccgcacattgccctactgaaagcgttccttacgaaaaaatccccttacgaaaac
gtaccccctcg
>CELE32A   C. elegans CELE32A repetitive element (a consensus).
actgtagttttcgctacgagatattttcgcgtcaaatatgttgcttaatacgcattctcagaattttktt
tttttttgaacacggcccggcaagtggtacatccatgcaaatgcgctctactgataatttgagtktagac
caggtttgggcgcgtkataacgaaaaaagctttggtccaaaaaatttagaatttattttcggacattttt
tatatgcatcacaaaaaaantggaccaaccgtttttgagaaaaacgcgcccaaacgtccaggtatacggt
agacaaattgcgtacaggtaccacttctcgggccgtgtgaaatttaaaatcataatthttttccnnkama
anaatcgatttttc
>CELE45   C. elegans Cele45 repeat - a consensus.
actacttattttattgaatttattaaatgtttttcatttaaaaaaaattaaagattaaaggacgatccgt
tcttcaagtgctatgcactgcggatctggggttcaggtacactgcctggtggtgatcacctctgggctgt
aatttaagccacgtcctagccggggactgtggccgataatccagtcgtggattgctccacttcccaatag
aggctgggtgaacctaggggggtgagaccagacttgaactcgtgacctccagactgctagcagccaccac
taccgactgagctatctgcccccccccccccccttgaaaaaagagacattattcgtcattttttgtcagc
ttatcaatcactacgagtgaataaacaccgaaattgatttacagccca
>CERP6   C. elegans transposable element - a consensus.
ttaaaagcaaagggtgtgcgcctttaaagtgtactgtagtctgaaagtattgtttctgtggcaaaatgtt
ttaatcgaaaatctattaaaaatcgataaatattccgcgggacatggtaccgtatttttaaaagaaaaat
tgtaaagggtaatagttaccgtaataccctaacaagggaagtctttgagggggtccgtagatttggggtt
ctcatgctaaaattcctacagaagagtgttagttatgatctctccaaaaaatttagctgcccaggtcaag
tttcagcaaagttatgacgttttgaaatttcagttaaaaacaccattgaaatccactgtcttaccatgca
atccacgcaaatctcagcttgcgtgaccaccgaaaatgtgacacccaccacattgagttgaaaaatgtcc
tcggtggccgagttgggagtgcgcgcgtctgataagatttaagctttggttcgattccttctatttttga
aatatttttgtaagttgaataaagttgtaaaacaactcattcaaacatttttgcgcatttttaaagtgat
tttattcttattcgggaacctagaatcattgtccgcactttttggaaatttttatttttttcatttttgc
tcaaaatttcttgatcaactccaagcaaaaaattcaaaaaatttcatttttctaaacaattatgaaattg
ctatgttgttgttcagaaatgtatgaaacgtacattacacaagttttaactctctattcgcaagtaaacc
gtcgaaatgatctacatctcacgaactttgtgcaaaatatttaaccaactttgaagttgcataacttcgt
tgagataaattattttgaaaaatgatcaactaacaaaatgtttgttgaataatagtgaacaaagttttaa
ttataaactttttgataccttcagccaccaaaaagttgtgaccgttttccaaaacacaatgttaatagaa
aaactagccaaatgccaaccttgttttcttctttgtagctggaggtatcaaaaagtttataactaaaact
ttgttcactattattcaacaaacattttgttagttgatcatttttcaaaataatttatctcaacgaagtt
atgcaacttcaaagttggttaaatattttgcacaaagttcgtgagatgtagatcatttcgacggtttact
tgcgaatagagagttaaaacttgtgtaatgtacgtttcatacatttctgaacaacaacatagcaatttca
taattgtttagaaaaatgaaattttttgaattttttgcttggagttgatcaagaaattttgagcaaaaat
gaaaaaaataaaaatttccaaaaagtgcggacaatgattctaggttcccgaataagaataaaatcacttt
aaaaatgcgcaaaaatgtttgaatgagttgttttacaactttattcaacttacaaaaatatttcaaaaat
agaaggaatcgaaccaaagcttaaatcttatcagacgcgcgcactcccaactcggccaccgaggacattt
ttcaactcaatgtggtgggtgtcacattttcggtggtcacgcaagctgagatttgcgtggattgcatggt
aagacagtggatttcaatggtgtttttaactgaaatttcaaaacgtcataactttgctgaaacttgacct
gggcagctaaattttttggagagatcataactaacactcttctgtaggaattttagcatgagaaccccaa
atctacggacccccctcaaagacttcccttgtaaattcaattacctagtttttagaaaaataaaaataga
aaagcaatttaatttttttcaggaaataattgccggaatgcttgatctaccaccgaaaaagtggagaaaa
cgagaaaccgatgaaatgtcgaagcagaagtctcgtgctgaaaatttcaa
>CELE42   C. elegans CELE42 repetitive element (a consensus)
tcgtggtactccacacggacaaatacatttagttttacaactaaaaacgagccgcgacgcgacacgcaac
gcgccgtaaatctaccccagatatggccgasccaaaatggcctagttcggcaaactcttccatttcaatt
tatgagggaagccagaaatccgtgaaatatttagcaaaaaattcaaattttttcagatatttacatttaa
atayccaaaa
>CELE1   C. elegans Cele1 repeat - a consensus.
aatgtagtttcgaaattgaaaaaaatcattaaaaatgaataaaaattytataaartttctaacaattaaa
tttgttattacgggaacacaaaattctgagaatgcgtattgcacaacatatttgacgcgcaaaatatctc
gtagcgaaaactacagtaattctttaaatgactactgtagcgcttgtgtcgatttacgggctcgattttt
gaaatgaattwaaattatttatcrataaaataatatgaaattcaatttcaaaaatcgagcccgtaaatcg
acacaagcgctacagtagtcatttaaa
>CEREP2A   CEREP2A dispersed repetitive element - a consensus.
accagccgtggaccgcacctccggcgcggcccccgacttctggggctgaaaactaatttttctgaaacta
ccgtaaccctacagtattcctaccgtaccactattgtaccactacagtaccccgactatatccctacact
aaccccaactcactatccctccagaagccaaaacttcacagactacaaagactacatagactacaaacta
tggacacacagaataagcgctttatatatagtaaatgat
>HAT2_CE   HAT2_CE nonautonomous DNA transposon - a consensus.
caggggtgtgcggataaccgattttttcggctaacggataaatcggctaatgccgattttttgagaaccg
gctaacggctaattcggctaacggctaatttcaaaattttcggctaacggctaattcggctaatctcagt
cattcaaatcggctaattttcggctaattcggctaattcggaaaatattcatttggttaagctttttttg
tccattctgttaattcaggttttgggttaattttttcactgttattgagcaaattcagggatgaacgact
gttcaaataggaaaaaatcatacaaattcaccacattttgttttccaaaaaaatatgttagttgaattag
ccgaaatagccgatcggcgaattcggctaacatcggccaaaatcggctaacggataactacgtattagcc
gaactgccaaaaagtcggctaacggctaattcggctaatcggtaaaaaggtcggctaacggataattcgg
ctaatattagccgagttagccgaattagccgatcggcgaattcggctaaatcggctattatccgcacacc
cctg
>CERP5   C. elegans repetitive DNA (a consensus).
cactgcaactttttcctcacgagggacgaggaaaagtggtttctaggccatggccgaggggccgacaagt
ttcagcggccatttatcttgctttgttttccgcctgttttcttttgtttttcacagatttttcccgtttt
ttcttattaaaactgataaataaatattttttgcagatgctaaaacaatttccaagtaaaaaaattatgt
attcagtsggcaagcagcggtgaaagtggtcaatgtaatatgatggattacgggaatacaaaacctaaac
tttttctgaaacatgatacatatgctgcttagatgctgaaactacctgattttcataacgagaccgctga
aaaagttttgagattttcaaaattcaactttttgtgtgaaaaagtcgagattttcacayaaaaagttgaa
ttttgaaaatctcaaaactttttcagcggtctcgttatgaaaatcnggtagtttcagcatctaagcagca
tatgtatcatgtttcagaaaaagtttaggttttgtattcccgtaatccatcatattacattgaccacttt
caccgctacttgccgactgaatacacaattttttcacttggaaattgttttagcatctgcaaaaaatatt
tatttatcagttttaataagaaaaaacggaaaaaatctgtgaaaaacgaaagaaaacaggcggaaaacaa
agcaagataaatggccgctgaaacttgtcggcccctcggccatggcctagaaaccacttttcctcgtccc
tcgtgaggaaaaagttgcagtg
>PAL5A_CE   PAL5A_CE non-autonomous DNA transposon - a consensus.
cactgcaactttttcctcacgagggacgaggaaaagtggtttctaggccatggccgaggggccgacaagt
ttcagcggccatttatcttgctttgttttccgcctgttttctttcgtttttcaccgatttttcccgtttt
ttcttattaaaactgataaataaatattttttgcagatgctaaaacaatttccaagtaaaaaaattatgt
attcagtgggcaagcagcggtgaaagtgggcaatgtaatatgatggattacgggaatacaaaacctaaac
tttttctgaaacatgatacatatgctgcttagatgctgaaactacctgattttcataacgagaccgctga
aaaagttttgaggttttcaaaattcaacttttttggtgaaaaagtcgagattttcgcacaaaaagttgaa
ttttgaaaacctcaaaactttttcagcggtctcgttatgaaaatcaggtagtttcagcatctaagcagca
tatgtatcatgtttcagaaaaagtttaggttttgtattcccgtaatccatcatattacattgaccacttt
caccgctgcttgcccactgaatacataatttttttacttggaaattgttttagcatctgcaaaaaatatt
tatttatcagttttaataagaaaaaacgggaaaaakctgtgaaaaacgaaagaaaacaggcggaaaacaa
agcaagataaatggccgctgaaacttgtcggcccctcggccatggcctagaaaccacttttcctcgtccc
tcgtgaggaaaaagttgcagtg
>HELICOP2   HELICOP2 is a DNA transposon.
atcatttactatatataaagcgcgtgtccttccgtccgtttgtagtttgtagtttgatctttgatctttc
aactctcttttctgtagttggaaaaggtattgggttaagagttgccgggggataatgtcaaggtactgta
gtagtactgtaggagtactgtaggtatacggtagggttactgtagattaggaaaaattgagtttttgtct
acagaagaggtattgggttgggagttggtgagggataatgtcaaggtactgtagtagtactgtaggagta
ctgtaggtatacggtagggttactgtagtttaggaaaagttgagttttcgtctacagaagaggtattggg
ttgggagttggtgagggataatttcaaggtactgtagtggtactgtaggagtactgtaggtatacggtag
ggttactgtagttaggaaaagttgagttttcgtctacagaagaggtattgggttgggagttggtgaggga
taatttcaaggtactgtagtggtactgtaggagtactgtaggtatacggtagggttactgtagttaggaa
aaatttgaattttaaccatttgaagagatattgggttgggagttggtggaggataatgtcaaggtactgt
aatggtattgttggagtactgtaggagtacggtagggttactgtagttatgaaaaatgtgaattttaacc
atttgaagagatattgggttgggagttggtggaggataatgtcaaggtactgtaatggtattgttggagt
actgtaggagtacggtagggttactgtagttatgaaaaatgtgaattttaaccatttgaagagatattgg
gttgggagttggtggaggataatgtcaaagtactgtaatggtactgtaggagtactgtaggattatggta
gggttactgtagtcaggaaaaaatttgaattttaactcaagaagggtcccattggccccgcccccttggt
tttaaatttttttgaaaacattttggtgggaattcaaatttcacttttataaaaacattttgacgggaat
tcaaattttaattttttgaaaacattttggcggtaattcaaattttaattctttgaaaacattttggagg
aaaattgatggaaattttcttaacttctaaaagttaagaaattgtttaaagttgagaaacgtctgaaacc
ttctgaaatccactgaatgcaatgtcctagaaaattttgttaagttcatgagacttcaaattaaaaaaaa
attcgaacgacaaaatgcctcattgggtggagtaattttgtcgactccagcctctctctgcagcatttca
ggatgttctatatttattttagtaaattagattgttttgttgaccggaatgtcaaaaacttttctaaata
cataatttgactgtatttttttaacacactctacgaaatttataatttgtttttctgttttcgttattta
ctgtacattaattacgaaattcaagatttgtttttatgtttttgttgtttactgtattagtgaactgttg
tttacagtagtgtttacagtattttttgtttactgtacattaattacaaaatttaaaatttgtttctctg
ttttaggttgtgttttttgaaaaaaaatggtattatacttttttgccgaactacagttttcaattatcta
tagtacgattttggttattacaaaaaaaaatcttcccctgttttatctgttctatcgaaaaaaaatttct
tttctcttcattttttcgtttttttttaaattattgtttgtgatagtcaatattttacagaggaatccga
agaattattaactatgaacgaattctcacaaaaaactgatttcccttcaacatctgattcccaagagcct
gtttcaaaaaggacacgttctagatttaaaaggtaagtttttattttctaagtttatttgttagtaaaat
aaatgtttttagtgatagttctggagctgaacgcaaaaggaaacagcgtggaaaagagtcatcagaagaa
agagaagcacgccatcaatacgatcaggataggaaacgtaaaaaaaaagcttctgagtccaaagacgaac
tgaaagtgttgctactgaaagatagagaacgtaaagcaagagaaagaagagaagcaaaaggtatatccga
tggacccaactatcttggcccgatgagcaagacatgtgatcactgtaaagccgtctttttcgaaagtaag
tttttaaataatatttttacaaatgaacgttgaattttaccatgcagcaaatttaatttcagatgaagta
agcggctccactgatcatatcaacatgtgttgcaattttggactgacaacctccatcgatgataagttcg
ccgactatcccgatcgattgaaggatcttcttctcggagattcgattgaggcaaaaacttccaatcaaat
attcggcaattcaactctgctttttccatggcttcaatgggtgcccatctcgatattccaaaaggacatg
gtccatattgctaccgcatccacggccaagtgtatcacttagcagggcctcttcatccagaacctggagg
aagaccatcatacggccaaatttatattctggacacagctcaagctatcgaagaaagattaggaaatcct
gcaaattcaaaatgtgatccgcagttgatggcagagctcacgaaactcatttcgactaggaacccatacg
ctaaagcttataaaatgatggcagaggtggaagagaaagaaaacaccgatgctctgaaagaaggaagagt
tgccgaggaggttcgactaatcttcgacatttcaactactaaagatcgtcgttgttacaatgtccccgta
tcaaatgaagtggcagttgtatttgtcggagaagatcaggatattccagcttcaagatctctagctattc
atccaagaggaggaggtctcactgcaattcgtgatattgataagatatgtgatccattgacatatccata
aggtcataagatggataacagattcatcgttccgtataactcttactttctgcttcggtacaatgctcac
atcaacgtcgaaatttgtgctttcattgaagctgtgaagtacttatttaagtacgtgtacaagggacatg
atcgtgctgctctaaacatcattcggagtagactgaaagaaggaatcgttgatgagattaaagcccacct
tgatgctcgatacgtgtgtgctccggaggccatccaccatctcttcggatttaagattgagagaaagtct
gacacggtatatcgactagctgtccatcttccgggttttcaagttgtggtatttccttcaaatgtaacaa
aggatcagttgcagtctacgcctgaaaaagatacaactctgacagcttggttcaaaattaacaaaattag
cgaagaaacagtgcagagtggttccatgtccgattcatttgtcgacgaattgcattacattgacatgcca
tcttaattcacattcgatcaaaaagagcgctgctggaaaacccgaaagcgtggaatccgacaaattggca
gaatgtacacagttgctcccagtgaaactgaacgttatgttcttcgcattcttctactaaacacaaaagg
agctacttcttttgaggatattcgaactgtcatagatgatgatggagtgcctgtagtttaccccactttc
gttgaagcagctaaggcacgtggactgctgaaggatgatagtgaatatttaaaatcgctgaaagagtgga
ttggatgctcggttcctgctgccctacgatctttgttcagttctattctactcttcaatgaggttcacga
gcctcaggtattgtgggataccgtaaaacgcgatctcagtgaggattatcgtcacgcaggagccagagat
gatgaagctgaagctttggcctattttgatatttccagtcgacttcacaggtagctatcatctctaaact
tatatttatagtggaaatatatgttttcagaggaggcaaagctttcaatgattacgttcctgagccttca
atgcatccgactgacatctatctaaatacaagcgatccatcccaatgtgcagcagagggcgttcgactat
ttcaaaccctcaactcggaccagaaatacgtcttcgagcgtatcgtgggagcgctacacgaccctacttt
accccgtctcttctttttggatggtcccggaggaagtggtaaaacatatctgtacattgcattgtacaat
atgataattggagaaaataaaatggtaactatcaactaattcatttttattcctaacatgtttttattcc
aggcggcttgcacagcatggactggaatcgcggcacatttacttccaggaggtcgaactatggtgtctct
tctcaaattgaacattcatgatcgatgtgagtcgtcgcttcaccgaaggcaattgaaagatgccagagaa
cttgctaataccgatgtgttcatttgtgacgaggcttcgatgattccaaaaacagctctcaacacgtttg
attctcttcttcgggatatcactcaagtcgatcaaccatttggaggaaaaatagtcattttgggcggaga
tttccgacaaatccttcccattgtcgaaaaagggtcgagagctgatcaagtcgatgcctgtatcaagagt
tcgcctctgtggaatcagtttgagactctacgcctccactcaaacatgagagttaccacaaacgacacgg
aatggatgaactttcttctcggtgttggcgatggttccctaaatgattctgaatcgaaagttcaaatccc
tttttctttatgtgatggaaatattgtcgagaaagtttttggagatgtaatcgacccatcaacttctgat
ccctgcgaaaatgtgattcttactccaaaaaacgttgatgtcacccttctcaacgaagatgttcattcca
gagggataggagaagaaagaatctatttatcaagagatgaaattgtaacagatgatccagcagatcacat
gcactacccaacagaatttctgaacaagatgaccccttcgactctccccccacatgtgctgaaactgaaa
aagggatcggtggttatgctgctcagaaaccttgatgtatcgggaggtctctgcaatggatctcgctttg
tggtggaatccttaggacgacgaacaattggatgccgatttgcatgtggcgaaagaaaaggaaaatttgt
aatcatccctcgaatcgaatgttatcatgataagaatttgtctttcaaactgaaacgaactcaattccct
gttcgagcccctgacggccgaatcacaaatattgtttttaccgaaattctttaaacgaatgttttagaaa
ccttgatttgatttaataaaaattatttaaaaaaaatttttttcaaaatttttcacttccttatttttaa
aataaaatttcaaacgaccagtcgcggccgcgccggaggcgcggtcagcggctggt
>HELICOP1   HELICOP1 is a DNA transposon, a consensus sequence.
atcattacttatatataaaaaaatagtgtgggtctgtccatagtttgtagtctatgtagtctttgtagtc
tgtgacgtcacccctaaagtcactgagagttgtgggcggggccagtcacccttcgtggcgagacccatcg
ttgcgagacccttcgtggcgagacccatcgtggcgagacccatcgtggcgagacccatcgtggcgagacc
catacattttggcgggaatttaaattttctttgaaatttttcggcgggaattcaaattttctgtgaaaat
ttttggcggtagctcaaattttctgaaacatttttggcgggaattcaaaatttctctgaaaatttttggc
gggaatttaaattttctttaaaattttttggcgggaattcaaattttctgtgaaaaattttggcgggaat
tcaaattttctgaaaaatttttggcgggaattcaaattttctctgaaaaattttggcgggaatttaaatt
tccttcaaaattttttggcgggaattcaaattttctgaaaaatttttggcgggaattcaaattttctctg
aaaaattttggcgggaatttaaatttccttcaaaattttttggcgggaattcaaattttctttgaaaatt
tttggcgtgaattcaaattttctgaaacatttttggcgggaattcaaattttctctgaaaatttttggcg
ggaattcaaattttctttaaaattttttggcgggaattcaaattttctgtgaaaaattttggcgggaatt
caaattttctgaaaaatttttggcgggaattcaaattttctctgaaaatttttggcgggaatttaaattt
tctttaaaattttttggcgggaattcaaattttctgtgaaaatttttggcgggaattcaaattttctgaa
aaatttttggcgggaattcaaattttctctgaaaatttttggcgggaatttaaattttctttacaatttt
ttggcgggaattcaaattttctgaaaaatttttggcgggaattcaaattttcagtgaaaaattatggcgg
gaaattcaaatttttagagaaattttgtcggagtagtcaaatttaactttgtttgacagaaaaaaaaagt
atgaaggggaagatagtttgaaccacagaaggttcacaccaaattcccgcacacaaccaatgcgacatac
cggcacatttgtttagaatttaataaacctatagaagaggaaaacttcatgcaataaacttcgagaatct
tctagaaatttcgaaaaacttctagatatctcggattacgtaacacttgacgacgtcacacatgatgagg
acattaagtaaacgtcacaggctgaacccaatataattttcagaaaattctggaaccttctagaattttg
gagaaacttccagaaaattctgatgacgtcacaatcactggcgtaacaaaaaataagtcacagattatga
cgtcacatatgatgacacctatatagtctcacattcggaaaaaaataggtgatgacgccaaatatatcag
cgtcacagaatgtgacgtcataggctccgcccattacagtaaaagaaacttctggaatcttccagaagtt
gcagaaaaagaagagaatgttccaataacgtcacaaaagatgacgtcactgataaagacatcacaggaac
tacccattaatataatcaagaagattctacaaccatctagaaacttctggatttttcaatgtagtgtgca
aaatttaaattttgactatttcattgtgcaatttttaatttatattattacaagtttaaactatattaaa
tctgtccttctaaaacccaattcgtttcaagacccaaaacttctagaatcttccaaaaaaattctatata
aggagaagaaaattatcattttctcattattaatcaacaatggataacgagctaacaagtcgacccgatt
caataatggatacggaaccaacaactctacccgattcagcaatggataccaaaccaacaaacctgcctga
tttcccttctacatcccaagaacccgtctctaggaggacacgttccagaacattaaggtaaggatcttga
atgctcgtggaattttaccaataagcagttttagtgacaactcaaatgctgtatggaagagagaacgtcg
ttcaagagaaacttcgcaagaatcagaatcaagactcaggatggattgggaaagaaaaaaggaaaaacga
gcttcaatgtcagaagaggaaaaggctgagatgaaatataaaaaaagagtatggatgaagaaaaaaagaa
atgaagtagcaaaaacacacgatacgtcatctgttgccaatcccaactaccttggaagcatgagatgtgt
gtgcaagaactgcaatgccagattctttcaaggtatacattttttcaaagtttagtgaacttctacttct
tatttccattctgagtttcagattggttttttttcataactaataacatatactagcatcatacagaaat
ttaatgtttcaggagaggtgtcctcatccaacgatcatatcaatatgtgttgctacttcggattaacaac
cacacttcaagatcgattctccaactacccagatgaactacgacatcttctcctcgatgattcttctcac
gcccgtaacttccagaagaacatccgacagtttaattcatcgttcgcaatggcatcgatgggtgcacaac
ttgatgttccgagaggccgcggcccatactgcttcaaaatccacggtcaagtttaccattttgcgggacc
acttcacccggatccaggccagagaccagcatttggacagatctacatcctggacactgatcaagcaaca
gacgagaggcttggaaatcctgccaatgccgattgtgatcctgctgttatggctgaattgagcagtcttc
tgttgagaaccaatccatatgcacaggcatacaagatgatggctgaagttgaagaaaaagaaaattctga
agctgcaaaggaaggacgacatccgggatgcgttcgactgatcttcgatatttcgacaactaaggatcca
cgacgttataacttgccacaagcgaatgaagtcgcagttgtttttgtgggcgaagacgatgacgtgccaa
ccactcgctctttggctgttcatccaagaggaggaggacttaagacgattcgtgatatcgataggatctg
cgatcctctcacatatcctgtattgtttccaaatggaaccgacggatggcatcctgacttggaaaagaga
ccatcggagaagaaacaaggaaggattactcagaagatgtactacagttacctgctcatggagagatcag
gagttttcaatccactgcatcacgggcgtgccctgtttcaacagtttgcagtagactcatgggtaaaggt
aagaatacatgatctcatgttcacaaaataatcatgtttttgcagatcgagcaaaacaggctaaactatc
atcgaactcatcaagttgatttgaaagccgccaactacaatgcggttcaggattatattgctggagatac
tgatgtcccaggaagacgcatcgttcttccatcatcttttccagggagtccccgagcaatggtccaaaac
tttcaagacgcgatggctattgtctcgaagttcggaaagcctgatatatttttaactttcacgtgtaatc
ctgcatggacagagatttctgaaaacctcggtccgcgacaatctgcatctgatcgtccagaccttattgc
ccgtgtcttcaagctaaaagtaagttgaagatctatatttaactcatcactttcttcattgtgttccagg
tagatgcgctgtttgacgatcttctaaatcgggatattctcggacacgttgccgcatacatttccgtgtt
cgaatggcaaaaacgaggtcttcctcatgtacacatgctgttaactatggcagagaactcaaagccacga
acctcggaggacatcgacaagattgtgcaagctgagattccaaatcctgacaacgagccagaacttcatc
gcattgtgaccaccgccatgatgcatcgtccatgtggtgctcaaaatcctcactcgccatgcatggttga
tgggcactgctcgaaaaggtatccgaaggattttcatcctagcaccactctcaacgttgatggatatccc
gggtatcgtcgaagggatgatggacgatatgtggaatatggcacccaacatctcgataacaggagagttg
ttccatacaacaaatggcttctgctccgttacaatgctcacatgaatgtcgagatttgtggattcatcga
agctgtaaaatatctcttcaaatatgtctacaaaggacatgaccgtgctgcactcaacatcatccaaaat
gtacgtggagatggaaatgttgttgatgagatccgagagcatctagatgctcgatacgtctgtgctcccg
aggcaatccaccacatcttgggattcaaactggaaaagaagtccgatacagtttattgactcgctgtgca
tctcgaaggattccaaacgatctactttagagccagtgtcaccacacaacaactcgaatcttcatcacaa
accgacacgactctcacagcttggtttaagatcaaccaaaagagcaaggatattgcggagagcgggaaca
tcccttcgacatttgttgattcacgccaattcttctacatggatatgccaacgcacttcacctttgtgaa
aaaggatggctggaaggttcgaggaagaggcacaaggcagataggccgaatgtacactgtcccaccatac
gaaaccgagagatacgcacttcgaattcttcttttgaacatcaaaggagcgacgtcattcgaagatcttc
gtactgttttggacgagaacaatgttccagtggtatacgcaacttatgtggaagcagcaaaagctcaagg
acttctgaatgatgacagcgaatatttgaagtctttgaaagagtgggctggatgctcagtgcccgcagct
cttcgctcaatgtttgtcgctatcattctttttaacgaagttcacgatctgaacgcactttgggatgccg
tgaagtgggatctttctgaggattttcgccatgctggagcagggaaagaagaggctgaggcacttgcata
ttttgatatcgaaagtcgccttcaaaggtatcttttgagcttttttcaaaagtagattataatatttttc
cagggttggaaaaagattcgatgtcaccaaaccatctatcaatccgccaccaatcgatctcgacacagtc
aaccctgctcaatgtgcatcagaaggcaataggctccttgcgacactcaatgatcaacagaaacgtgcag
ctgaccagatccttgctgcattagatgatgcctcgctaccccgtcttttctatttggatgggcctggagg
gagcggaaagacttatctctacatcactctgtacaacatctgtgttggaagaggactgaaggtaaacttt
caaccaaacatactaaagttatttcaatactgcatattttcaggtagcgtgtacggcgtggacaggaatt
gcagccaatttactcccactcggtcgaacatccgcttcccttttcaagcttgatattagaaatcaatgca
agtcttctcttcatcagaggcaattgaaagaagcacaagagctagcggagaacgacgttttcatttggga
tgaagcatcaatggttcccaaggtattagagtgattctgatcgtactaatcaaatcattcattcaacttt
cagacagccctcgacacggtcgatgtactgcttagggatctcacaaagatcgatcagccatttggtggga
agatcctgatcctcggaggagactttcgccaaatcctacctgtggtggagagaagctctagagctgatca
agtagacgcatgcatcaaaagatcaccactatggacagagtttcaaattttgcatctcatctcaaatatg
agagtaacatctggagactcggattggatccaattcctcctcaatgttggcgatggatctgcaaatgact
ctgattcaaaggttacactcccactctctgtcatgtgcgatcacaacatcgtcgaggaagtgttcggagc
agttatcgatccaaccacgtctgatccatgtgacaacgtcatccttacacctaagaacgtcgacgttgct
caactgaatgacgatgttcacaatcgaatggttggcgaggaaagaatctatctgtcacgagatgaagtga
tcgtggaacatcaagcggatactatgcactatcccaccgagtttctcaacaagatgtccccatcatctct
tcctccccatattctcaagctgaagaaaggctcagtgatcattctgctcaggaatctcgatgtttccgct
ggcctttgcaatggttcccgtttcattgtcgaaacattggccagtcactcacttggatgtcgctttgcaa
ctggcgagaggaaaggacatttcacaatcattccaagaatcgattgctatgatgataagaacatctcttt
ccaactcaggcgcacacagttcccagttcgcttatcatttgcattatcgatcaacaaggcccaaggacaa
tccttttctaaaatcggtctctggattcccaccgatgttttcactcatggacaactatatgttgctctat
caagagttcgtaccaaagaaggtcttattgtaaaatccagttctaatattgtcaccaatatcgtttttaa
tgaagttctttgaataaagcttattattcttctctgctatctcgctagacaactcagctctcttctgagg
tctcactcgacaactcatctcttctctgctatctcgctagacaactcagctctcttctgaggtctcactc
gacaactcatctcttctctgctatctcgctagacaactcagctctcttctgaggtctcgctcgacaactc
atctcttctctgctatctcgctagacaactcagctctcttctgaggtctcgctcgacaactcagctcttc
tctgctatctcgctagacaactcagctctcttctgaggtctcactcgacaactcatctcttctctgctat
ctcgctagacaactcagctctcttctgaggtctcgcccgacaactcatctcttctctgctatctcgctag
acaactcagctctcttctgaggtctcgctcgacaactcatctcttctctgctatctcgctagacaactca
gctctcttctgaggtctcgctcgacaactcagctcttctctgctatctcgctagacaactcagctctctt
ctgaggtctcgctcgacaactcatctcttctctgctatctcgctagacaactcagctctcttctgaggtc
tcgctcgacaactcatctcttctctgctatctcgctagacaactcagctctcttctgaggtctcactcga
caactcatctcttctctgctatctcgctagacaactcagctctcttctgaggtctcgctcgacaactcat
ctcttctctgctatctcgctagacaactcagctctcttctgaggtctcactcgacaactcatctcttctc
tgctatctcgctagacaactcagctcttttctgctatctcgctagacaactcagctctcttctgaggtct
cactcgacaactcatctcttctctgctatctcgctagacaactcagctctcttctgaggtctcgctcgac
aactcatctcttctctgctatctcgctagacaactcagctctcttctgaggtctcgctcgacaactccag
ccttctcactcgcccccatatgtaggagtatggggggagggagtattattataaccacagaaacacaaca
atgtgccacataagagacaggagatagtgctcgcactacccctgaatcaccaaccctctcagaagcacct
ctgctcttatctgggtctcgctagacatctccagtagtttgaccattctcagcaacacttttgctatttt
agaatttttttgccctcgcggggatcgaaccaaaaggtccgcgcgccaatgacgcgcgcgctaccagctg
tgccatgctggaagcgattgaacttcgaccaataacaatatacaacatttctttatttgtcaaagtgaaa
tagttttgaacaaacactattcaaaaaagtaattttaaattgaaattatatcaaattcacgatttgttcc
caaatatttaaaactgaaactcaataagagaagatctcatattctcactgataatccgaaacatgacatt
tgtttcaatgctgttttcaacctcaagttgtaaaattcaaaaaccaagctgaaaatatgttttaaaaatc
tagaaactacaataatttttatgtgaatttttggaaaaatctcaagccagacggagcacgcgccttggcg
cgtgcgaacggctggt
>HELICOPY1   HELICOPY1 is a nonautonomous DNA transposon - a consensus.
atcattamytatatataaaaaaatacagttcgtctgtccatagtttgtagtctatgtagtctttgtagtc
tgtgacgtcacacccaaatgtcagtgagaattgtgggcggggcctgtcacctacccttcgtggtgagacc
catcgtggtgagacccttcgtggtgagacccatcgtggtgagacccatcgtggtgagacccttcgtggtg
agacccatcgtggtgagacccttcgtggtgagacccacatttttggcgggaaattcaaattttcagtgaa
aaaattttggcgggaaattcaaattttcagtgaaaaaattttggcgggaaattcaaattttcagtgaaaa
aaattttggcgggaaattcaaattttcagtgaaaaaaattttggcgggaaattcaaattttcagtgaaaa
aattttggcgggaaattcaaattttcagtgaaaaaattttggcgggaaattcaaattttcagtgaaaaaa
ttttggcgggaaattcaaattttcagtgaaaaaaattttggcgggaaattcaaattttcagtgaaaaaaa
ttttggcgggaaattcaaattttcagtgaaaaaaattttggcgggaaattcaaattttcagtgaaaaaaa
ttttggcgggaaattcaaattttcagtgaaaaaaattttggcgggaaattcaaattttcagtgaaaaaaa
ttttggcgggaaattcaaattttcagtgaaaaaaattttggcgggaaattcaaattttcagtgaaaaaaa
ttttggcgggaaattcaaattttcagtgaaaaaaattttggcgggaaattcaaattttcagtgaaaaaaa
ttttggcgggaaattcaaattttcagtgaaaaaaattttggcgggaaattcaaattttcagtgaaaaaaa
ttttggcgggaaattcaaattttcagtgaaaaaaattttggcgggaaattcaaattttcagtgaaaaaaa
ttttggcgggaaattcaaattttcagtgaaaaaaattttggcgggaaattcaaattttcagtgaaaaaaa
ttttggcgggaaattcaaattttcagtgaaaaaaattttggcgggaaattcaaattttcagtgaaaaaaa
ttttggcgggaaattcaaattttcagtgaaaaaaattttggcgggaaattcaaattttcagtgaaaaaaa
ttttggcgggaaattcaaattttcagtgaaaaaaattttggcgggaaattcaaattttcagtgaaaaaaa
ttttggcgggaaattcaaattttcagtgaaaaaaattttggcgggaaattcaaattttcagtgaaaaaaa
ttttggcgggaaattcaaattttcagtgaaaaacaattttggcggaaaattccaatttctgagaaaaatc
gagaaatgtctgcaatgttccagaagtttctagaaaattcgagaaaattccggaatggtccagaattttc
tagaaaattcgggaaaactctggaatattccagaactttctagaaaattcgagaaaattctggaatgttc
cagaattttctagaaaattcgagaaaactctggaatgttccagaactttctagaaaattctagaaagttc
tggaatggtccagaattttctagaaaattcgggaaaactctggaatattccagaactttctagaaaattc
gagaaaattctgcaatgttccagaattttctagaaaattcgggaaaattctggaatattccagaactttc
tagaaaaatcgggaaaagtcggcaatgttctagaactttctagaaaattcgagaaaattccggaatggtc
cagaattttctagaaaattctagaaagttctggaatggtccagaagtttctagaaaattcgagaaaattc
cggaatggtccagaattttctagaaaatccgagaaagttctggaatggtccagaattttctagaaaattc
gggaaaattctggaatattccagaactttctagaaaaatcgggaaaagtctgcaatgttccagaactctc
taaaaaattcgataaaattctgaaatgttcaatttcgtggaaaaattcaagaaacttctgcaaagttcta
cacggggttctggctcgaccccgcgctccattggacactgaaatggcgggaaaaaactttgaaatcgcaa
gaggaattttcacgcagcgcgttgaaaaaagtgtatgcatttgcgcgtgacggtgtttcttcaagttttg
atactcctagaatattctgaagtttcaataattttaaaaaaatatcaaaaattgttataattttcagaaa
cgctcgccaaaaactttcggaaaggaccggaaaatgtttcatatgatttgaagaacgtagagaaaattat
acgttcaagaaatttagaaatagttccaggaaacttgaggttttaagttgtaattgctcagaacttagtt
atataatatttatgttgctcgaaaatttccggtaaccagggaaaaaacgttccatctgcaaagaaggctt
agaaaatttagaatttgatttcaattttgagtacgccagtcggagcacgcgcttcagcgcgtgcgaacgg
ctggt
>HELICOPY2   HELICOPY2 is a nonautonomous DNA transposon - a consensus.
atcatttactatatataaagcgcttattcygtktgtccatagtttgtagtctatgtagtctttgtagtct
gtgaagttttggcttctggagggatagtgagttggggttagtgtagggatatagtcggggtactgtagtg
gtacaatagtggtacggtaggaatactgtagggttacggtagtttcagaaaaattagttttcagccccag
aagtcgggggccgcgccggaggtgcggtccacggctggt
>HELICOPY3   HELICOPY3 is a nonautonomous DNA transposon - a consensus.
atcatttactatatataaagcgcgtgtccttctgtccctatgtagtttgatctctgatcagagcaacgaa
attttgggaaaccttatgctaaatgcgcagcagacatcgatcgaggtccgcgatagacaccgtatatcta
atgtgttttctcaaaaaagtcgggggccgcgccgtaggtgcggtccacggctggt
>HELICOPY4   HELICOPY4 is a non-autonomous DNA transposon - a consensus.
atcattacttatatataaaaaaataattccgtttgttccatagtttgtagtctatgtagtctttgtagtc
tgtgacgtcacacccaaagtcactgagaattgtgggcggggtctgtcatccttcgtggtgagacccatcg
tggcgagacccatcgtggtgagacccatcgtggcgagacccatcgtggtgagacccatcgtggcgagacc
cgtcgtggcgagacccatcgtggtgagacccatcgtggtgagacccatcgtggcgagacccatcgtggtg
agacccatcgtggtgagacccatcgtggtgagacccaccgtggtgagacccgtcgtggtaagacccaaaa
ttttggcgggaaatttaaattttctgtgaaaaatattttggcgggaaatttaaattttctgtgaaaaata
ttttggcgggaaatttaaattttctgtgaaaaatattttggcgggaaatttaaattttctgagaaaaata
ttttggcgggaaatttaaattttctgtgaaaaatattttggcgggaaatttaaattttctgtgaaaaata
ttttggcgggaaatttaaattttctgagaaaaatattttggcgggaaatttaaattttctgtgaaaaata
tttttgcgggaaatttaaattttctgaaaattctaaaattctggaaatctagaatcttctggaaatttcg
aaaaaactagaaaaattgggaaaagtctggaatgttccagaactttctagaaaaatcgagaaaattctgg
aatgttccagaactttctagaaaaatcgagaaaattctggaatgttccagaactttctagaaaaatcgag
aaaattctggaatgttccagaactttctagaaaaattgggaaaattctggaatgttccagaactttctag
aaaaatcgggaaaattctggaatgttccagaactttctagaaaaattgggaaatttctggaatgttccag
aactttctagaaaaatcgagaaaattctggaatgttccagaactttctagaaaaatcgggaaaattctgg
aatgttccagaactttctagaaaaatcgggaaaattctggaatgttccagaactttctagaaaaattggg
aaaattctggaatgttccagaactttctagaaaaattgggaaaagtctggaatgttccagaactttctag
aaaaatcgggaaaagtctggaatgttccagaactttctagaaaaatcgagaaaattctggaatgttccag
aactttctagaaaaatcgagaaaattctggaatgttccagaactttctagaaaaatcgagaaaattctgg
aatgttccagaactttctagaaaaatcgagaaaattctggaatgttccagaactttctagaaaaatcgag
aaaattctggaatgttccgaaaaattgagcttagagctttagaagaggtagttatttgggagttgatggg
ggatcaagtcaaggtactgtagtggtactataggggtactgtaggtatacggtagggttactgtagtttt
ggaaaaattggcatttcgtcctttgaagaggtattgggttaggagtcggtggaggataatgtcaaggtac
tgtagtggtattgtaaggttactgtcttggtcaaaaagtaacagaaagttttcatactgtctgtgaattt
ttgaaacatgcatgtcgtagaaaaatacatacatgtaacagtgccagtaaaccgcgttttaagtgtttca
agtttttttcatgatgagaaattttttgagtgattgaaggtatgtgtgtcaaatacttttaatggtgcca
gtcgttgcccgcgccgtaggcgcggtcagcggctggt
>NDNAX1_CE   NDNAX1_CE is a putative nonautonomous DNA transposon - a consensus.
tctgccttcttcctatgttaaatatggaatgtgcaagggtcgtcactttttgcgcacaaagtgtcacaaa
aaattaaaaaagttgggtgtgcactttcgtgtctaactttgctgtacctgcacatttttcaattttcttt
tttgtaggaaatagagaatcgctttttctatcttyctatctaaatggttatttgatttgattttatcttt
taagagaaattcttgatgaaacacgaaaaaatcacttttttcgcgtgtcgtgtcgctttttttgcacacg
tttagaggtcatagtataaaatgtttttgataaggtaactgtatatctgggattgttaaaaatttttagt
ttttgcaatttcatcaattttgaactgagttatgatgatttgaaaatcggactcgaaaaatcccggaatt
tcgaaaattgcgttgaaaacatgtttaacgttcgtatttttgttttattttacattatcaaatgtaaatt
ttaacgtagattccgtttttctaaatagttttctcattatccaaccggaaagttacgaaaaaagcataaa
ttgacgatttttcaatgaaattgtgcgcattcccccttgtgtttttggtgtgcaaattagtgatttttga
gattctttcgcctataagtcggtcagtttggcactttttggggtaaatttttcgaaaaacgtatttttca
ggaaatttactcttcaaaaatataattttttttacaaaaaagtcaaaaataacttcagaaatcgcaaatt
tcatgattttctcaaaawaatgacgtttttgctggaaaaataaaaaattttccactaccgaatgggattt
tatgttaaattcgtaattagtacataaataccgaatgcaagctgaaagcacagctctctacgatcatttt
caacgattttagtttatttaatttttgacctcgaaatttcaatttccctcttttcctggaccagtttttc
actgaaatgtgaatgttatgtcctaaatcttattatttttgctatgagaagcgagacaaaccaaaaaatt
ttagtcttgagttcctcgagccgcgttcctgaagttgtgggcttcaagccttgctcaggaagctcaaaag
ttcattcttgaccaatttttaaattttcaaatgctataatattctacttttaacgctgatttcaaatata
tacttttctttttccaattcctattatgagctgagttacggcgctttcaagtttcagcaatgcccgcccg
cccccctctttcctcccctttctcttgcctcctccctctcatgcatagggtggctgtaatatggtctcta
attactgttacaggatcagatatgtatattttacgacatatctcttaatagaagaacaatagacatcgcc
acatttgtttttgtaagaggtccccaatgggctgtaaaacagtctatccacctttcttcctgcaagaaag
gaggtaatgtatttgagactgttcatttattgtaattgaggggttgaaaattattattttaattttcaaa
taaaaatacattaaaatttttttttaattttaaaataaaaaaatcctttttaattttaaaataaaacatt
ttttaattttgaggtctgctttcttcgcggggacagagcgccgtaggcgctcttaatctaaattataggc
agagcaggccgaaggcctgctatgccagtaggctttcactgccgggtcagagcgccgcaggcgctctgaa
tctaaattacaggcagagcaggccgtaggcctgctatgccagcctgcttttactgccgggtcagagcgcc
gcaggcgctctaaatctaaattgtgtactgcagggagacaataaatatttttaaaacagtaaaaacaaac
acacaggttcgaggcgaagccgagaacctgcgccagctacctaatctggtagaggaagcaacgcaggccg
caggcctgcggtgcgagaccmaaaacattgccaatcgcacgttcgaggcgaagccgagaacccgcgccag
ctagcggactcgccccaaccccacctctactagcgggccccatagggcccgctagtc
>NDNAX2_CE   NDNAX2_CE is a putative nonautonomous DNA transposon - a consensus.
tctgcctccttcctaaaacccccatcttgccacacacacgcgttttcggtgttcaaaaaatgttcaaaaa
atgtccgaaaaaattgtaatacaactttgaacgtttatatctcggctctcactgaaccgatttttgaaat
tcttttttctctacattcacaaaatatagcgacgtgtgttcatctaaaagggggttgattttggagcatc
ctgtcggctccacaagcggaaaaccacacccckcttgtttttgcgcacaccgaagtactggccgaaaacc
actttaaattgaaggaaaattcgagtttatgttcaaaacgtttgagactcgaaacttaagttctcctttt
caatgcctatccattgtatctaagttcattgtgatatctctattcgttattttaaaaacgataattaaag
ttttgccaaaatttctgcacctccccccttttctcacacacacacacccacctccccttttcatatttgg
tgtgttttcggccacattttcaccattgtttcggtcaaatctccgttagtcttgctctttttccaaattt
ttttttggaaaaatgttcatcacatcgagaggaagcggaaaatataattttttgtttcaaaaaaggtaaa
taatagtctcaaaaatagaaaaaatgaacacttctttcaaacaatttacatttttccataaaattcacaa
actttccactatcgttccggtttttatgttaaatttagaattaatagaatgatttaaaatggaatctcaa
atcacagctcgatccgatcatttttcgcggagataggttatttaatttttgcacatggaaatccagtttt
cctctgttcctggacaagttttcaactatccttttgattttatgttttaattttgataattttcactaaa
gcaaggtagacaaactaaatttggtcggtcttgacaactttcagcacatttrkggaagttttgagcttcc
aggccttcccagaaggtgatatgtttcaatttttgttatttttaaaaataataaccgccgtattattcta
ctttttacgccaatttcaaaaattatttwatttttctcaaactcctactatgagcaaagttatgacggat
tgaagttttagtgcataactcctcacaggccgcctctcctcacaagaggctgcatgcgtgcgggtggctg
gaaaatgttttctttccaaaaaaaaacatagaaaggcactttaactctaagaakattcagttcactttga
acatatacttcaggcattgcaggccggaggcctgctgtgcgattacaactgtttcaagcccagattgtct
ggattgagtgccgcaggcactcttactcttagaagacgcagtcaaccttaaatcattataccaaggcagg
ccggaggcctgatatgcgattactcttagataagtttgatttagaaagcttttattattttcagttttct
aaaacaatccccattcccgaagggctgggggcccacaggcgttcacgattttccaaaaaagtgaaatgtt
tattttttggttatttttcaaatttgaaaacaccatacgattttggtttaaatactaaattgaaatagaa
atttcgctctcttacgatctacgccctacccactgctaagcctggcaagtcgcagatttgctatcaacac
tattggaaactgtgggctggctttgatcctattccaagcagatctgttattcactcaagcctaataacca
ggtttgagggccgcaggcccgaatactcttgraaactgtgggctggctttratcctattctaagcagagc
aggctgtaggcctgcgacgcggttgttattyactcaaacctaacaaccaggttcgagggccgcaggcccg
aatactcttggaaactatgggctggctttgatcctattctaagcagatatgttattcactcaagcctaat
aaccaggtttgagggccgcaggcccgaanactcttgraaactgtgggctggctttgatcctattctaagc
agatctgttattcactcaagcctaataaccaggtttgagggccgcaggcccgaacactcttggaaactat
gggctggctttgatcctattctaagcagatatgttattcactcaagcctaataaccaggtttgagggccg
caggcccgaatactcttgaaaactgtgggctggctttaatcctattctaagcagagcaggctgtaggcct
gcgacgcggttgttatttactcaaacctaacaaccaggttcgagggccgcaggcccgaacactcttggaa
actatgggctggctttgatcctattctaagcagagcgcgtatgttattcactcaagcctaataaccaggt
ttgagggccgcaggcccgaatactcttgaaaactgtgggctggctttaatcctattccaagcagagcagg
ccgtattcatgagttttccttttccttcaccgttttttgtagttcacagtgatgattgaaracacgctta
ttttattgataatacattcaaattattcttgaacaaaatctcagcctaagttattcgtacagtgtcggtc
ctggagcaatgaatcaaagtttaaagagatttcactttacacagtaagagcttcgaggcgaagcctcaaa
cctgaatagtcaagttttctaaacatataccccactcctgaaataatttcaargagatctcgaataaccc
swtaacaggttcgaggcgaagccgagaacctgcgccagctaccttgctaataacttagagcgaattaacc
ctatccccattcccgaagggctggcgggcccataggcccgctagtc
>NDNAX3_CE   NDNAX3_CE is a putative nonautonomous DNA transposon - a consensus.
tctgccaagcagcctctaataaatgccgagtgtacagactccgcccctttttcgcgttttttcgcgtttt
ttttggcttgcgaaaaaatgtcacacttcgttttcattaataactccagagccgtgtgacttcatgctct
aatatttgaaatcctactagaaatattttgccccacggtggagcaaaaaacggcactaagttcggagcaa
aattgagcccagggcggctttccccagtttgaaaaaattttttgttgctctttttacccccaaaaaagca
tgttttaattgaattaaaattcgggttttgctcggttttgttccaaatttatgtgcaagatactactcag
agagactgattttttgaaaaaaagtttgagttcataagtgcaaaaggaaaaaagttgtgataaaacaaaa
ggccaaaaaatgacattttgccaaaaaaaaatttttttccgaaaaagtagtttttcgtctttatctcaag
ttctacttcatcttttttgatattttttttgtttaccccacgtaaaaaagtacgctgaacacgattttta
actcagaattgagaaaagttctatgagtcggccgagcaagacgaataagtgccaaattttgcacactttc
ccattttcgcgaatctactttttcaatcataactcggtcagttttcaagttttcttagttttccaaaaat
tgacgtgtaggtctcatcaagacgcatcgagacatataaaatttgtaaaaagttcagtgggaaaattttt
caagaaaaaaataattcaaaaatttagtactggggggagtggtttcctgggtctcctgaacattttttcc
actaaagttttgcggaatgtatttttgattcatagtttttgattttatttaatggaagatgaagtttcgt
cgcattagaaatactctgccaagagatattatttttattaattttcaggccaaaacttgttttttttcta
tacatctgtctgtgtacaagatatagccctcaactgtacgtctccttttcgggaaatcaataatgagtac
aatcctgtaataaaattttcaaaaattcgttttcccgctgacatatcagtaataaacggttttcgaacgt
cttttctcaaattgtaattattgaagaaagcggaatcgaaagacgactccctccagaaatttttcttccc
tacatcccagtttgaggtgtctcccgcatggccgagtggttagtgcgtatgactgcagaaattttggtag
ttggttcaattctaccaagtgacaaatttttttgtttttttgtgagtaatcgggattcgaatagaaatac
tcgattttatacaaaatatgggtacgtctcccctaatataaagcctcctcaaacttcaatcaatcaaaac
tcagctttaactgattcatcgggtgcatctgtttttggtcaaaccgaactcaaaaatcaagaagactccc
attgacctactgaaattttcacgaaccctctaacaggttcgaggcgaagccgagaacctacgcccggcaa
ggggactcgccttacaccccctacaactggcgggcccgcagggcccgctagtc
>HELITRONY1A_CE   HELITRONY1A_CE is a non-autonomous DNA transposon - a consensus.
tcattacttatatataaaaaaatacagttcgtctgtccatagtttgtagtctatgtagtctttgtagtct
gtgacgtcacgcccaaagtcagtgagagttgtgggcggggcacccttcgtggtgagacccatcgtggtga
gacccttcgtggtgagacccatcgtggtgagacccttcgtggtgagacccatcgtggtgagacccatcgt
ggtgagacccttcgtggtgagacccttcgtggtgagacccaaaattttggcgggaaattcaaattttctg
tgaaaaacattttggcgggaaattcaaattttctgtgaaaaattttttggcgggaattcaaattttctgt
gaaaattttttggcgggaaattcaaattttctgtgaaaaaaattttggcgggaaattcaaattttctgtg
aaaaaaattttggcgggaaattcaaattttcagtgaaaaacattttggcgggaaattcaaattttcagtg
aaaaaaattttggcgggaaattcaaattttcagtgaaaaatttttggcgggaaattcaaattttcagtga
aaaaaattttggcgggaaattcaaattttctgtgaaaaaaattttggcgggaaattcaaattttctgtga
aaaaatttttggcgggaaattcaaattttcagtgaaaaaaattttggcgggaaattcaaattttcagtga
aaaaatttttggcgggaaattcaaattttctgcgaaaaaaatttttggcgggaaattcaaattttctgtg
aaaaaaattttggcgggaaattcaaattttcagtgaaaaaattttggcgggaaattcaaattttcagtga
aaaaaattttggcgggaaattcaaattttcagtgaaaaaattttggcgggaaattcaaattttcagtgaa
aaaattttggcgggaaattcaaattttcagtggaaaaaattttggcgggaaattcaaattttcagtgaaa
aaaaattttggcgggaaattcaaattttcagtgaaaaaaattttggcgggaaattcaaattttcagtgaa
aaaattttggcgggaaattcaaattttcagtgaaaaaattttggcgggaaattcaaattttcagtgaaaa
aaattttggcgggaaattcaaattttcagtgaaaaaattttggcgggaaattcaaattttcagtgaaaaa
attttggcgggaaattcaaattttcagtgaaaaaaattttggcgggaaattcaaattttcagtgaaaaaa
atttttggcgggaaattcaaattttcagtgaaaaaaattttggcgggaaattcaaattttcagtgaaaaa
aattttggcgggaaattcaaattttcagtgaaaaaaattttggcgggaaattcaaattttcagtgaaaaa
aattttggcgggaaattcaaattttcagtgaaaaaaattttggcgggaaattcaaattttcagtgaaaaa
aattttggcgggaaattcaaattttcagtgaaaaaaattttggcgggaaattcaaattttcagtgaaaaa
aattttggcgggaaattcaaattttcagtgaaaaaaattttggcgggaaattcaaattttcagtgaaaaa
aattttggcgggaaattcaaattttcagtgaaaaaaattttggcgggaaattcaaattttcagtgaaaaa
aattttggcgggaaattcaaattttcagtgaaaaaaattttggcgggaaattcaaattttcagtgaaaaa
attttggcgggaaattcaaattttcagtgaaaaaaattttggcgggaaattcaaattttcagtgaaaaaa
attttggcgggaaattcaaattttcagtgaaaaaaattttggcgggaaattcaaattttcagtgaaaaaa
attttggcgggaaattcaaattttctgtgaaaaaaatttttggagggaaattcaaattttctgagaaaaa
gattttggcgggaatttcaattttggttttggaatcatctggaaaattccagaaaattctataatgttct
agaactttctggaaaattcgagaaaattctggaatgttccagaactttctggaaagttccagaaccttct
ggaaagttccagaaccttctggaaaattcgaaaaaaattctggaatattcgtggtgagacccataaattt
tggccgaaaactcaaaatttctgagaaaaaatttttggcgggaaattcaaattttctgagaaactttttg
ttagcttaagtaccacctggaactggcgagacccatcgtggtgggacccttaaaaatatgggcgggaact
tcaaaatttatgagaaaagaaattttggcgggaattcaaatttccaagaaaaattttggcgggaaattca
aattttctgagaaaaagattttgacgggaaattcaaattttctgaggaaaacatttggcgggaaattcaa
attttggttctggaatcaattttttgtttcagcaccttctggaagtttcaagaaaattctagaatgttct
agaatcatctggaaaattcaaaaaagttctgaaatgctctacaacctcctataactgtaggagtttttat
ttgtttcgtcacatctatattcaaagaacttactattagtagttaattattcagacttctccagttaagg
aaagttattaacttattgaaaaaactgtaactctgtggaattttttcgggggagggggacagctcgccac
gccaacagtgagaaaaatagtgtggtgcgcggacctcgaatgatgtcggcggctgatattacctggggta
ccgctttttgccttttccccgtgagtgaacgagaaaaaggcggggactattttggcgtacacgcaacgca
gttttataattttgagtgtagaaaaatcagaacattctaactgtctctttgaattttctgaatcgaatac
catggaagaagaaaatgcgatttaatcgatgaagtttcaacttttttaatgatacatttttgaatgatta
aaaggacatctatgtgttatacattttaaactccgccagtcgttggccgcgccggaggcgcggtcatcgg
ctgg
