>UBX_DM   complex (BX-C).
aatgctttcccattccgatctacaggtacaaatggtctgcgaagacgcgggcgacagacatacacccgct
accagacgctcgagctggagaaggagttccacacgaatcattatctgacccgcagacggagaatcgagat
ggcgcacgcgctatgcctgacggagcggcagatcaagatctggttccagaaccggcgaatgaagctgaag
aaggagatccaggcg
>LTRBLD_DM   Drosophila blood transposon LTR.
tgtaataaaccaatatatgccaccaattgagaacacgtgttttccttgcagttgggtgcagccgtcaggc
cacctttttatttcttcttatctcttcgagtagcagaaacggttctgccccgcttaacctctacagagtg
tctaatcttacctaaatactgcgactgcgccgccgtcgacagcggcagaagagcagcgtatatatatatg
tataagagagagagagagagagcttatgcgcatatatggccagcggccagcgtggggatgctgacttagc
ttaaagcataaatgggtgatcttatatcacgctcacttgagacatttatttatgcaatgcaactaagtgt
tgctgtgtacttataggtacagtgtaccctcgatatatgcacatactaca
>TART_B2   Drosophila melanogaster TART-B2.
gatcaagggtcaagtaataaagattgaaagcaaacaatcataccttggcgtaatccttgacagcaagcta
accctcagctcccacgtcacaaagctgatgggcaaatacactacagcctacagaaaaatgacatggattc
taaacagaagaagcaaactccctaccaagactaaaatgctgatccttaagtcagtcctttcaccaatatg
gcagtatgccatagcagcttggggtccccttgtgacggatgcacagataagacggatccaagtcgaggaa
aataggaaaatgagagacatatgcagagcgggtagatacacgagcaaccaaactataagggaccgctatg
gaatcaaaacagtagaagaattctatcaacaggcactccacaggttctcagaaacaataaaatctcaccc
aaatatagctgtacgcaggatattcacaaggcactatatcccgaacagactagaaagaagcaggcagagg
tacttgaaaatgacaaatgaacacatcacgcaaaaacagactggacaaacactctcacctaaactcctaa
aaatccctgatctaaatgactgcagaacccttaaaaagcggaatgaaagagataaaataaggcaaaccca
tctaattgaactccccaccctgctgagactagaggaagaagaggaagagcttagaagaataaaaaaacag
gaagagagggaaagaagggaaaaggaaacccaaaagtggcctccagacagatggtgtgaattagaaatta
acctatataataagcaatatagaaggggcgatctaaccaggcaggaaatcatacaaaaatttagaggaca
accactaaatgtacagaggataattttacccgactataaaggagaccaggaacacaattaaaagtaaatc
atgggaaagcaggggaaaaaaaaacagaagtaacaaaatggcggaaggggtggcaaaatatatataaaaa
taagaaaagatagaaataaaaaggctaaaggctcacttacaggttaattcaaaagggaaacgtgcttaca
tatctaatggtaaaaactaacttataacacctactggatgacatagtgaggatgccacaggttgcgcact
tgaatcacgctttcctggcgagattgttaaggcatcaccgggatcccgtctctctttcctaactggagga
ctcatgcctgaaatcttttccgcttcaccggcacctgatggccatatctgctactgcgccttgcgctcca
cggacgctccttcctgaaagaaagagaatttgttttagttttcctttctcttcttaaaaatataacaaaa
acagcagcagtagccgaccaacaacatacttagcttaccaaggcagcagcaatgataccaacagaagccc
tacagtgtgctgaacaatatgccgcccacgcccaccacttctggaactcaggaatggggggtacggaatg
ccggaaactggaggattcgcctcaaatgttacgcttacatctttgagcaaatcgcctgcctcctcgtcta
acggcccggcgtcttggtacgcccagaagtagcagcggtagcaggattagcagcctccacagagatatgt
tcatcccagcatcagtccagttggcattgtgatgccgccgtagcgtacgccctcagagacccgactggaa
tcccaggacaagagacggcagcacgcctgggcttaggcgcgggacaacatgcagagattcgtcaatgaga
atggcggcactggaatcacctttcagctgagcgggataatgagtcggcaacgcaccgcactatcagcagc
aataacaacatcggcagatgacctggaagaaaggaaaaaacatgtatcagtcttttcttttctttttttt
tcccattagcatgcgtttttaaattccattcctgaaaaccggcgttttcctgtaaaagacactggacggc
ggcgtttgttttaaatgcaaagattggatgcttgcatcagggctgacgtccttgaatagccgatgccttg
taattgcctgcatagccgcggaggtcctgatgacggatgctggcctgtatttggccaccactccgatgcc
atgacagcagcaacagcagcggtttttgcaaatgagagggatcaggaggcggcaacacattcacccgtag
cagcaacaacaagcagtggtagcatcagcagggagtcttctcgccacaatagccatttggaaatttctcg
acgacccgacttcctgcttggcccatggtcaatcacactggaccagttaacagcggcgttttaccctgga
agaaagaaaacttgtattattcattcccttttctctcacagttgggtatttaagtgcattcctggccaac
ctagcgtgtctcctggcaatgacgtcggactcaacgcatgcttcccttccgacacagtaaggatgttcgc
atctgggctgacgggccaggccggtccgttgccatacatgctagcgtttccgcggcggcgtagtgaacat
caaaccgtataatggcgaagacgacgatgatccggccggatggcagctcgacgacggtagcaggccacca
tgcccgccagcccgcagctaggatagcagcaacatcagcgtcttattaacgcgaacggcggcactggccc
ttagctgaccagctgcaacaacatcagcgacgcagtctccaccagcagcaacaacagcagcggcgcttgc
gacagcagcagcagggaatggttctgccgcagtcgcctattgctgcctataaagagcattccttgccaat
tggctttctgtacgacgacgatgatcctgcggacaaatccacctttccggacgcctgagtattatggcga
gcctgctgatcattgtttctccgactccttacttgaccactggacaatcatacaatcaccggcttttcac
atctggaagaaagaaacctggattagtatttgcccttcagatttgtatgaaactgcatttctggccaacc
ggagtgtttcctgcagacgacgctggactgcgacgcacttttttctaccaacacagatgggacgcttgca
tcagatctgacgggccagactggccgatgcctggtacacgatggcatctccgcggcggcgagatgtgcag
cgacgctgaaagcaataataattcttttactttgcagtatcaaaaatgagaagccacatcacaatttaca
tcagcaaaaattacacgtgatatctttttcttttgcctaggagtagtgagacctgctaccaaaatgacca
gtaataccggctaacggaagcgagatatcgataatcattctggcggtaaaatagccagaacatcgataac
cagctgtgcattttcccttcgatttatcgaagtcaaatagcccgcctaggctatcggaccggatcggcaa
gtcagtagtgattaaaaatccggcagaggcgcctgtgcagcagctacccaaagtgaacacgacgaaacgc
aacaacaaaatggacggacataatggagatcaaagtgaaggatgggcaacagtgctatctatctcctcgg
atgatagtaactccttgtcgtcgctgcatatataaaataataaatttcttaaaataatttcatcgctgga
ttcctgcgccaccataaattacttatagaatacacttaacactgtacccactaatgctaaaaattttctt
atacaattttactttaaagctaaaactacttaaactatggcgcgtaaaacggccgtcaaaaatatccaaa
aattgtacttgccataaacaaattctaacataatgtaaatcctaaatcgtaaaatcatggcgaacataac
cgccgccaagcaaatcaaaaaatgttcctagaaattgtaaatcttaaacctacttctctaactaaagcgc
gcacaactgccgctgatccgaaattgtaaaatgccataaattgtaactatatattttataaaaaaaatca
gagtacaataaaatgacagcgccgaaaggcactgaaaatatttaaaaaaaaaaaaaaaaaaaaaaa
>DMHMR1   (HMR family).
tttttatttgaatttgggcgatttgagttgcatcaaggccttcaggtgcaaccgaaagcctaggtactgg
aagtgcaagcgctttgtttagaaaacaaccaggactatattcggagaattacttaccgtgggtcgtccag
gggcgatctcaagttcggcagcagcgagaagaagatgtccgggaagctgggcccgaacatcgctccgtcc
agctgtgtatcagacttcggatgaaagttctttttacaccgtgggcagtagatcttgacggttgacttcg
cccatacatcgctgaggcccactggcagggtgttctgctatcacaggagatattgggacacgattcaaaa
tctccttgcatattatttcggtgcatagcaatcacgccacgctctgacttgatgtatcgggcgtgaatca
tgccgtaccactttttttcatcgccgtacaacaagccagaggaactgtcgatcaccggcttcaggatcac
gtccagtatctcgctgaaatactccaagcccatctggttgaacgtatcctgcacgtagtcggtgggcacg
cgggagagggactcgttgcccttgatcccgaggaaccaatcgatccagctgctgttgttgttctggctac
aagattttactgtgacttgctataatttctataggaaaaacctagttacttacgagctcaacatgttgcc
agtttacttgttcacagaaatatgacttgtagacttcaaagtcatcgtcttcttctttgacttttgacac
gtgctaaaaggc
>FW_DM   D.melanogaster Fw repetitive element.
tgaaccagaaaacaagcctcctagaaaaaacgaggttcacccaatttacaaactccagctccttttgcac
cgtaggatcacggtagaagagccgcacaaacgcaacgctcctgtacaatgtacaaactgccaagagtatg
gccacacgaggtcatattgtacacttgccccggtgtgcgtagtctgtggagatctccacgactccaaaca
gtgtcaaattaacaaagaaaatgcatgcgagaaaaaatgtaataactgcgggggcaatcacacagcaaac
tacagaggctgtccaatctacaaagagctgaaaatccgtcttcacaaaagaatgaacacggcgcgggtac
acaaggatcagctaccctgataccatcagagacaaatcctgaagtaattttctcgaaagcagctagtttc
gctccctggcctacattcaacactaacaaagacaacatttgctaacgttttaaaatcaggtatgacgcct
ccaacccaaaactcccgaactccacatgaagtgcacacaaaattagacacacaacaaaactatcacccag
ctgcgcagcaggaaacaaaaactgaagctatgatgcaagccttacaacagagcatgatggaatttatgac
atttatgaagaccaccattcaagacatgatgcgtaatcaaaaccttttgatacaaatgcttgtagcccaa
caatcaaataaataatggctaccttacgcatagctacgtggaacgccaatggcgtctcacagcgcaaact
tgagctagctcaattcctacatgagaagcatatcgacgtaatgcttctttcggaaactcatctcacaagc
aaatacaattttcaaataagagactaccatttctacggtacaaatcatcccgacggaaaagcacacggtg
gcaccgccatactcataaggaaccgtatgaagcaccacttttacaaagaatttgcggaaaatcatcttca
ggccacatctatcaacattcagctggatgacaacactctccttacactagcggccgtatactgccccccc
cgtttcacagtattagaagctcaattcctggatttcttccaagcactagggccacacttcattgcagcag
gcgactacaacgctaaacatactcactggggatcgcgacttgtgaacccaaaaggaaaacagctttataa
gacgataataaaagccactaataaacttgaccatgtttcccccgggagtcctacatactggccatcagac
ctcaataagctgccagacctgatcgacttcgcagttacgaaaaatatttcccgcagtttggttaaagctg
aatgtctgccggatctctcatctgatcactcgcctgtactaattcacctccgccgatacgcagaaaacgt
gaaaccaccaaccagattgacctctagcaaaacaaactggctcaggtataaaaaatatataagttcacat
attgagctaagcccaaaactcaatactgaatctgatatagagagctgcacgtgtgcattgcaatccatcc
ttactgcagcagctcttactgcaacacccaaaataacaaataatacaattaattcaaaaaagaccaacgt
acaaatcgagcaactcgtccacgtaaaacgtcgcttacgcagagaatggcaatcttccagatccccaact
gcaaaacaaaagctaaaagtagccacacggaaactggccaacgctctgaaacaagaagaggacgacgatc
agcgccgatacatagagcaactcacaccaacaggcacaaaacaaaagtcactgtggcgagcccactcaac
tcttcgcccaccgactgaaaccgttttgccgataaagaattcatcaggtggctgggcccgtagtgatgaa
gacagagccaacacatttgccgctcacctacaaaatgtgttcacgccaaaccaggctactagcacattcg
cgctaccgtcctatcccgtaaaccgccatcagcaacacaccccaattgtgtttcgtcctaaagaaataac
taaaataatcaaagacaatctcagcccgaaaaaatcccccggctacgaccttataacaccggaaatgatc
atccagctgccacattctgcagttcgctacataaccaagctctttaatgccatcaccaaacttggttact
ttccacaacgatggaagatgatgaagatcataatgattccaaagcctggtaagaaccacacagtcgcttc
atcttacagaccaataagtctactctcatgcatttcgaaactattcgaaaaatgcctgctgatccgactt
aatcaacatcagacataccacaatataatcccagcccaccaatttggatttcgcgaaagccacggaacca
ttgaacaggtgaatcgtattacaacggaaataagaactgcatttgaatatcgcgaatactgtacagcagt
atttttagacgtatcccaagcattcgacaaagtctggctcgacggcctaatgtttaaaattaaaatatcc
ctacccgaaagcacacacaaacttctaaagtcttacctctatgacagaaagtttgcagtgcggtgcaaca
ctgccacttccactgttcatacaattgaggctggagtcccccaaggcagcgttcttgggccaaccttata
cctcatctatacagccgacatccctacaaatagtcgcttaacggtatccacatttgccgacgatacagct
atccttagccgttcaaggtcccctatccaagctacagcacagttggcactgtacctcatcgacattaaga
agtggctctctgactggcgaataaaagtaaacgagcaaaaatgcaagcacgtgacgtttacgctaaacag
acaagactgtcctccgctcttgttgaacagcataccactcccgaaagcagacgaggtaacgtacctagga
gtacacctagacagaagactcacatggcgcaggcacattgaagccaaaaaaacccaacttaaactcaaag
ccaacaacttacactggctcatcaactctggttctccgctcagcctagatcacaaggtcttgctctacaa
ttctatattgaaaccaatctggacctatggctcacagttatggggcaatgccagcaacagcaatattgac
atcattcagcgagcacaatcaaagattctgagaaccatcactggggcaccgtggtacgttcggagtgaaa
acatccaaagagacttaaatatcccatcagttaccaacgcaatcacggaacttaaggaaaaatacctata
gcaagcttcacacgcaccccaaccacctagcgcgaggtctaatccagctcagcagccgttcccgtctccg
gcgaaaggacctaccaacccagcgaataaattattaggccgtttaaacatagacagttggaaaaataata
caactgttcaaaaaatacttgttatagttaagatttttaaacttattgttagttcttatacaagaagatt
caataaataaaaagcaaagt
>DMLTR5   (CP3), 5'LTR.
agttaataattacagttatcgatttgattttgaagatcgcaagcgaccgtttattgcaatttatcattcg
aaactaaatctagcgtacaaaatgtttccctaagtccctagcaatcaagtgaagtcgtcggcagtggcgc
agcaggcgtcggccgcggcgcagcgcagaagtgtcgatgtcgcgcttaaccgttcgttggcgttgatggc
agcggagactatgtggaaccacaagatgttagagaatcaattgcagggcaataact
>TIRANT_I   D.melanogaster LTR retrotransposon Tirant - an internal sequence.
ctggcgcagccggtaggatgtcctacctattaataattacctacctgtaagtaaacatgtaagaaacgaa
acaaactatatgcaagatgtcgactgaaagtgactaggaacaaatttttataaaacaaaattgaagttgt
gaagtaccaaatgaaactcaaacatatattcaaacacaggaaaaaaaaaagagagaggaaaaatgtaaaa
taaataaatatacaaaaaaagtgcatgtgtaccgtactgccgcgctgacgtggaatctatcgctgatcat
cacgccatcggtatgtccatactctgccaaacgtcataatttttataaaaaagtgcaagtgtaccgtact
gccgcgctgacgtggaatctatcgctgatcatcacgccatcggtatgtccatactctgccaaacgtcata
attttttataaaaaagtgcaagtgtaccgtactgccgcgctgacgtggaatctatcgctgatcatcacgc
catcggtatgtccatactctgccaaacgtcataatttttataaaaaagtgcaagtgtaccgtactgccgc
gctgacgtggaatctatcgctgatcatcacgccatcggtatgtccatactctgccaaacgtcataatttt
tataaaaaagtgcaagtgtaccgtactgccgcgctgacgtggaatctatcgctgatcatcacgccatcgg
tatgtccatactctgccaaacgtcataatttttataaaaaagtgcaagtgtaccgtactgctgcgctgac
gtggaatctatcgctgatcaccacgccatcggtatgtccatactctgccaaacgtcataagtttttataa
aaaaaaaagagtgcaagtgtaccgtactgccgcgctgacgtggaatctatcgctgatcatcacgtcatcg
gcacttacatacgctggccaacgcatcgccaaagcctctatatacacttatatatgtgagcatacaatat
caactacaatccaatacattcacgtactgtaccgcctcgttggcatggaatcaaacgctgatcaccatgc
caccgtggtaaacaaacaaagcaccaaagcctccctaatacattgtacactcaaaacgtacactgccata
cgtcggcgaaaaatcaaaacataagcaaaaatcatttcaaaccaagcgaggctcattctgcgtaccacaa
cgacaacgacactgcatgtgtagtggcgcacccatgtctgggtagccgaggtaaggggaaaacgcttgag
tatcgtcaagtgttcttgcctttcactcttctacaatgggttgctacgctcatgtattgcacattcaaaa
taaccaaaacaaatgtactaaagaagtcgacatatacagatatatttggttccctttcattgtgtaattt
ggtatatcaaacaaatactaataccaatcacattgcaaaatataaaagggaaaatataaagccaaagaca
gacacctatacacatcatatctacacacccatacactctagtaaacaagaaatttgttcattatttttca
atcatacataatatactaagtaacctcaaatttaatgtcaaaaaagttcgtttacaaccttaggaaaact
acacgttcagttgttggagttccaccaaacctacttctcagcccacagtcaatttaaactcattagatgt
ttgatcttcctccccgaaattactgatagtacggagatcgaaaaaattataaccgactatcactataata
gtaaccatcgagggatcgatgaaacatatttacacataaaacgacaacagttcttcccacatatgaagga
gagaataactcagttaattcgaaaatgtgaaacatgtttaaaattaaaatacgacagacaacctcaaaag
atcacttaccaaatatccgaactaccttcaaaaccgttggacatcttacatatagacatttatactatta
acaaaaattataaccttactattatcgataaattttctaaatttgcggctgcctaccctataactaatag
gaattgtattaacgtagttaaagccttaaaacatttcatttcccaatttggtattcccaaaaagctgatc
tatgatcagggagcagaattcgctagcgatatgttcaataagttctgcactcaatttaacattgacctgc
acgttacgtccttcaacaatcctctagtaactctcccgttgaacggcttcactcgacactaactgagatt
tacagaataatacttgacgtcaggaaacaacagaaactcagtagcgaacatgacgagataatgtccgaaa
ccctaatcacatataataacgctattcattctgcaactaaacataccccctttgaactatttaacggacg
tactcatatatcaaccaaacaatccagttcaataacgaacacgactacttaacgaaattaaatgaatttc
cgccgagaagttgtaccccctcatcacggacaaactttcaaatgacgtagttaggagaaccctaaaatta
aatgaaacccgaacagaccccgtagacctacaaccagacactttagtccttaggaaggaaaacagacgta
ataagattacacccaggttttcgattcacaaagtcaaacacgacaaaggtcatacattgataactgctag
gaatcaaaaactacacaaatcaaaaattcgaaaaacagttttgaaaaaagacaaaagcaacaacgtaccc
aacactgataataaatgaccccactacctcttaacttaccatttcaggttcacccttgtgccaactcagg
ctatccatgtccattatttaaatgataacgcccctatagccaagatagaactagggaaagccttactaat
tgagaggtacaaaataattagtcatgtaatcaacctacaagactacagcagatgtatggaacaattccat
ctgaccattaataaatttaaccccgattccacgttgacggactccgtcacaattttaaaaaccaaattaa
cccaagcccaagtaaagctcaaagcccttacgccttcatatagaaacaaacggggtttgattaacggatt
ggggagtctagtaaaggcggttaccggcaacatggatgccaacgacaataaagaaatacatgaagaactt
gacaatataaagaaaaattccgaagtcagtaacgacaatctccaaaaacaagtaatgtttaacaacgaaa
tacttatccggttcgaaaatatcacggaccatataaataatgaacaaattttgataagtaaattctttga
tacctcacaaaacaaaatatacaaacacttaaacttacaagatacccttctggaagaaatacaatattta
aataggattaattataacatagaattattcattaaccacctaaacgacataacagaaagtatgctattgg
cgaaaataaatataattcccaagttcatcctaaatgaacaagaaatggataaaataaaaacaatactgga
aaaacaaaatatcacagtcaaaaatgaacaaagtatatacaatttcctacaaatgaatacactaaattac
gaacaaaagattatttttaatatcaaagtgccaatttttaaacaaccttttcataccctcgccagactag
ttccattaccaataaataacacatattttgtaataaccccaaattacctagcttataatattaataataa
gaaatttcatatgacccgtaaatgccccaaactggataatacattcttgtgcgacgagaacttctacgtt
gatacaccacagaacaacacatgcctggaacaccttttgaacggagaaaacagttcctgcgatgtacggg
aaaccggccccatcaccgacgtgttcgaggcagagagaggttacatcttcgcattcaacgtgaacaaact
gaaggtatccctaacaaacggctccgagctctcaataatggggtcagccatcatcagatacattaacgaa
acaatacagattaacggtatcgattacgacggcacggttgacacgttccctgaacagacggattttgatc
ttccccccatgcgaaaagtaactaggaataccactattacggtactaagcctagaaaaactgcacctcga
agccacccaaacaatggataaaatcctggccgtccatcacaatactatacagcacacctggacactctac
gctctgctcggattggtaacgttcctagcagtcatcttatggctgcaccgacgaacgaaacacatcgtcc
acatccacgaggatcatcacgtaccaatctacgcgtcatccataccttcgctatggccgtcacttcgaac
tggggggggagg
>FORK_DM   D.melanogaster forked gene suppressor repeat.
aagggcgctgtcacctcgaaaactttaaaagctttgaagttaagataatgtatgcatttctttccttttt
tctgattttcgaaacgtaacgttttaaacgttttaatcattcgttaatcaaacagcaattcatataacag
aacgttatatgaatttttgttaagtgttctaaatattttggtaacacagacaggacgaaatgaattttct
atctattaaataaattgatatttaaagaaagcaaattaatttagaaatatattgacaatttccaactaat
ttatctctgttatggaaaattagtttaggaaaaaagttaaaataacaaaaggaaccgctatagtagattt
tctccactagcgccactcaactaaggggagaacgagggagaaactttgaaacttgattgtcatatccata
aaattgtttagaataacaagagagaatgctatagtcgagttgcctgaatatcagatacccgttaacccag
atatttttctgcgataccaaaagatgttggggaataaaatgagaaaaaatttcaacaattttcaaaagtg
gggcgtgaccggtttgtcggcttaagggcgtcacagtgggtgtggcaaacagttttttttttgcacatcg
atcggaatttacaagactaataaagatgtgaaaaaatatcaatatatttttcaaaagagtgatcgtggca
ttttttcgtgggcttgtgggcgttgcaacatggatcaacaaacttgcgctgcgtctttgtctctagaatc
tgcatgctaaatctccgccttccagcttttatagttcctgagatctcgacgttcatacggacagacggac
atggctatatcgactcggctattgatccgttatacagtcggaaacgcttccttctgcgtgttacattcct
ttaaacgaatctacgttactctacgagtaacgggtataataaccaaataaaaaagtctaaacatatttaa
aaaatttggttggcgttcgaatgagatggtggaggtattttggcaaagcgatacaaagtagcaaaaaatc
aaaaaatgcaatgaaaaataattataacatttcacaaaagtgtgggtgtgaaccttttgggcggtttgcc
gtcgttagggtgtgcgaatatttcaaaacttgcccacgtaccactatgtgaaattttaccactttttctg
cccaaaatgaataactccaggacgttgaaagatattcagattgggttacaatatatccgttctgaaaccg
ccccttatatttgttgtagtttgtaactctagaacggataaagatatttaaatttttttgccattatctt
ttatgataccaaaaattgtggccgtggcaccgcctcttatatttaattaactaattttgtataggtattt
ctctaatttcgtatgctttttctagtccaagcaaa
>ARS312_DM   D. melanogaster autonomous replication sequence (ars) 312.
ccacttcccgtccaaaactactacgcccaagcctataaaaaatgttttgatatattttcatatttattaa
tattattgttattattattatttattagtcttgtaaatttctatcgatttgccaaaaagctttttgttac
gatcactctaacgcactctaacactcaaaagtgccgcacccacacttttgataaattttttaatatattt
aaatattttgttgcgaactgctttctttccttagtgacagtgcctctagctcagg
>DMLTR4   D.melanogaster mobile dispersed genetic element mdg1, 5' LTR.
tgtagttaatttgaattctaatacttctgatgtagttaataaagtctcaaaacgcagttggtcattttat
ctttatttggtttttattaagcgagtgtacattcctgatctattcctgatttataactgatcttagtgtg
gtctacagggagatctcttgtgacagccaagtgctgacactagcaaattctgcaatatgtatgtatgaag
ttcatactcgataaccaatgggagtcgagtccgacccctaaaggcgtacatcctgaattcgcatatttag
tattagggtgtatctaaagatctactagggtgaccctaaggaattagggtggtcctaagtttacttatta
gttgacttattattatgattcatattataattattattaatattattattattattgttattattattgt
tattatattcgtatatactacatctccctccttttgaaaaataacgtaataacatgaa
>ROO   Drosophila roo transposable element from 68C glue gene cluster.
ctgcagagtcgattaaaggctcagattagaccaaatgtaaaatcccagataagaagactttactcgttgn
ctttttgtaagaaactgattttatttggaaatatcttcggtttaaataggtgacatgagaatcgcatctt
aaagtaaatggcctacgcagaggcctaagtaaatagtccccgccttatcgaggtcccacgctcgggcaca
tctgcctatcttgagcggcgaggaccttatctgtggtctcccactaagggactattttaggaggcgggga
acgatctcaagtgactgactcatgtagtgtgcacttaaattacatgtttttgagcaatgcacccatgtcg
ccttagataacaaaatcctaaatataatttatcgctctcgattcatttacataagatatgaacggagccc
aaaattgtaagtctttaaatatattcgtgttcatgtgtgaaca
>LTRBLD_DM   LTR from BLOOD LTR-retrotransposon - a consensus sequence.
tgtagtatgtgcatatatcgagggtacactgtacctataagtacacagcaacacttagttgcattgcata
aataaatgtctcaagtgagcgtgatataagatcacccatttatgctttaagctaagtcagcatccccacg
ctggccgctggccatatatgcgcataagctctctctctctctctcttatacatatatatatacgctgctc
ttctgccgctgtcgacggcggcgcagtcgcagtatttaggtaagattagacactctgtagaggttaagcg
ggcagaaccgtttctgctactcgaagagataagaagaaataaaaaggtggcctgacggctgcacccaact
gcaaggaaaacacgtgttctcaattggtggcatatattggtttattaca
>BLOODI   sequence.
tggcgaccgtgaggcaggagcctgcgatctgaggactactgaggaaatgctgctaatattgccgatttga
tttgggaattctaaacagcgacaacaggtgtgagaggcaggccgccccttacaccagtgcgggagaccta
gagacgggacactgatgaaaaaaaaaagaaacaaaaatactgagtgagtagagtgtggtaatgggcaaac
gcggatgtcaggaaatcaaaaataaaggtatagcacatattaagtggctatgatatacaaataaaacacc
gcccccatgggcaacggcacagaaattaactgccgaattagactttctgaaagaaaacctccagcaaaga
aagccgaataccacaactcactcagcaaaaatagaaataatcaatgaagaaataactgaaaattcaacat
cacccaagccgaaaagacccgacgtctgcatgaacgactgccctcgaccattgtaagccgcaacagcaat
tagcacggcatcctgcgagggtaggattaggataaaggataaaggattccaccggcgcgccgcacatgac
aacagcgaatgtctaccaagcagacgttcgaacaccctgctcctgtcgagcaaagggatctgccaagtat
caaagaggtaatagaggtagatccgtccgcgggaccaaagcccttgaccatacaagagtacaaggcacgg
actgcagcgagggagcagccacctaaaaagaagaggggtggccgccggattaagttgctcagcgcccgga
ggctcaacatcgaactactgaagacggcaactaatgaggaagaccggcagcgctacaaagagcgccttgc
agccatcaatcaacaacttcgtggtgcgaagtaaagcggcgggctgcgttatacgccatagcctcaaccg
cccaaatattatattaatgttgtcgatgcggtttccgctgcaacaaaattactaacttatcagggaccca
tttcataactaacacattatactcagtcctaaacttaaaataagtaataatattgtaaaattgcaaattg
caaccgatgtaaactgagtataatgaattcatctatcaagtaaaaatatgtttaacaacagtttagacct
attaaaatttcgagctatatttatatctgatcgagataacaataattgaccaattctcaaagttaaaatt
ctatttgtacttttgatatacaaataaagactaattttccccatatcaaaatgggacataagtcgtggat
acaaccccacagttaaattcaatgtacttactatttttgattttagttatcctatcagccttttaacctg
gccttaaaactttatcagtttcacaaaagatcgttgaaaagacttacatgagtcgagccaatgatttaga
caaaatctaatagaaactacaccaaaaaggtacaagtgcgattacatcgctaaaaggtacatacatggaa
tggctaaacttaaccatatccataaacaatattagagatgcttttgataaatcctataaatgtattaata
aaaccgcgctgatcaaaactcagacgcttatttttcacataaaggtattgataacacaatacaacacatt
acaaaacctaatagtaacaaacaaaagcaaactcactgaagaacataaagtccaatgcttcaaagttctc
agttcatttggtaaaagactacataataccagcgttagacacagtattataatagaagtcccaacagaac
taaccaaaatagcagaattcgacgaaagccagttaagagacttggacgagtcgcagccgttagaagattt
agatatcgaaagcgatatcgaatcaatagaagaattaaaatttaataccgtacaaccaaatacaagaaac
atggccaacgcattagaagctcagagagcatacgttaaacaggtatctgccacagtacctgaattcgatg
gtaagaaactccatttaaacaggtttgtgacagcacttaagttgacggatctaactaaaggagatcaaga
aactttagcagtagaggtcataaagaccaaaattattggcccattaaactataaagtagaacatgcgaca
acgatacaggcaataattaccatattgcaggcaaacgtaaaaggcgaatcgcctgacgttataaaggcca
aattaataaatgcccaacaaagaggcaagaccgcgtctcagtatgttacagaaatagacagtatgcgtaa
gcagctcgaggcagcttacatagacggcggattagacgccgataatgctgacaaattcgcgactaaagag
tcgatatcagcaatgaccaaaaactgtgccaacgaggcacttaaaatgatcttaactgcaggtacattta
gtacattcaacgacgcaatggaaaaatacctacattgcagtacagaaataaccggcaattcaaatacagt
cttattctataatgggaataatagacgtggtaattataatgcctactatcgtggtagaggcagaaataat
tataaccataattataaccagaattataaccaaggttataataataacaacagaggtcgcggaggctacc
gcggccacggtaataacagagacggaggtaaccgaaggggtaaccaaagtcagaataataataacaaccg
aaatgtgcgtaacgtacaatcggaaaacagccagacccccttaagcgatcaacagtaaaagtgtttaaag
taaacctaaatctgagtattttcattaagacaaaaaaccatgaaacaaacacagttcttacattactaat
agacacaggtgcagaaatttcattgctaaaagccaaagcaaaggaatataataatataaatttcagtaat
atatcaaatattacaggtattgggcaaggaaccatacagtctataggtacagtagatcttgacatacgca
ttcaggatgttctagtgccacatgaatttcatgtagtacctgagaattttccgataccatgcgatggcat
aatcggaatagattttatcaagaaatacaattgcgtattagagtttcaaaataacaaagactggttcaca
ataagacccaataacttcagtagacagattagtgtaccaattacacataacttagactccaacacactct
tattgccagctagatgcgaagtaatcagacaagtcaaattactcactaacgaaaaaacggtggtagtacc
aaatcaggagctgcaaccaggtataatagtagcaagcaccattgccgatagcaaaaacgcattgattcgc
attataaatacaaataataaagacgccataatagatagcgcgaagatcaaatgcgaatcaatgaaagact
atgacatttttacaacaccagtagaaaaggaaaatagaactgaagaaattttaaaacaattaagattccc
taaacaattcaataatgaactaactaagttatgcaccgagtttagcgatatttttggtctagaaacagaa
ccaatatcggctaacaatttctacaaacaaaaactcagattaggggaaaaaacaccggtctatataaaaa
actatcgcatggcagatagccaaaaaccagaaatcgccagacaggtaaaaaaattaatagatgatggaat
agttgaaccatcaatgtctgaatataatagtccattacttttggttccaaagaaaccacttccgaattcc
acggaaaaaagatggcgattagcagttgactatcgtcaaataaataagaaactattatcagacaaatttc
cacttccaagaatagaagatattcttgatcaattaggaagagcaaagtatttttcatgtctcgacctaat
gtctggattccaccagatagaactagaaaaaaggtatagagatataacgtcattttcaacagccaatggc
tcatatcgcttcacgcgattaccatacggactgaaagtagcaccaaactccttccaacgtatgatgacac
ttgcattttctggtcttgaaccatcgcaagcatttctatatatggatgacttagtagtaataggttgttc
agaaaaacatatgctcaaaaatttgactaacgtattcgagctatgtagacgacataatttgaaactacat
ccagggaaatgttctttctttatgaaagaagtaacatatttgggtcacaaatgtaccgataaaggtatac
tcccagatgacaccaaatatgaagttatagaaaaatatcctataccaacagatgccgacagtgctaggcg
tttcgtagccttctgtaattattacagacgtttcattaaaaatttttctgatcattcacgccacttaacg
aggctttgtaaaaagaatgttcaattcgaatggacagcagaatgcaatgatgcattcgaataccttaaaa
cagaattaatgaaaccaacattactacagtacccagatttcggtaaagaattttgcataacaaccgatgc
tagtaaacaggcatgcggagcggtacttacacaagatcacaatggtcaacaacttccagtggcatacgct
tcaagaatgttcactcaaggtgaaagtaataagtccactacagaacaagaattaacggccattcattggg
ccataaatcattttcgaccatacatatatggcaagcatttcatggtaaaaagcgatcatagaccattgtc
atacctattctctatgaaaaatccaagttcaaaactcactcgtatgaggctggatttagaagagtatgac
tttactgtagaatatcttaaggggaaagataaccatattgcggacgccttgtctcgcataacaataaaag
atctgaaaacaatcaacagagaaatattaaaagttaccaccagatcaaaagctaaacaggaaaattcctg
taaggacgaagcaatagtcaaaatacaagaggaaaaagagcaaacaatagaaaagcccaaagtctatgaa
gttgtcaataataatgacacaaagaaatatgttttaatcaaaatagataaacacaagtgtttattaaaac
gaggaaaaacaattgtttcacgctttgatgttgatgacttgtattctaatgaaacatttgatctaaatca
attctttcaaaggcttatttcaaaagccggaatgcataaaataacaaaaatgcgaatatcaccaagcgaa
cagatgttccaatttgtatcactaaatgaatttaaaataaagggcaaccgagtactcgaaaaagtagaac
tagctattctacaaaaggtgataattatagacaaaaatgacgaagctcagattaaagaaattttgacaaa
attccatgatgatcctatagaaggaggccacactggtatttcgcgaacccagtcaaaaatcaaaagattt
tattattggccccagatgaccaagacaatctcaaagtatgtaaagacttgtttgaaatgtcaacaagcca
aaattacaacacatacgaaaactccattaacattgatgccaacgccagcaacagcatttgatactgtttt
aattgataccattggtccactaccgaaatcggaagacggaaatgagtatgcagttacaatcatatgcgat
ctaaccaagtttttagtaactattccaacaccaaataaaagtgctaaaacagttgcaaaggctatatttg
aattatttgtactgaagtacggtccaatgaagacgttcattacagatcaaggtacggaatacaaaaattc
acttatgaatgaattatgcaaatatatgcatatagaaaatctaacatctagcgctcaccatcatcaaact
ttaggaacaatagaaagaagccaccgaacttttaatgaatatatacgttcatacatatcggttaacaaaa
gtgattgggacatttggttaccatatttcacttattgcttcaatacaacaccctcaatagtccatgacta
ttgcccatacgaactagtatttggcagactacccagacaattcaaagatttcagtaagataaacaaaata
gacccaatatacaacttagacgactactctaaagagcttaaatgcagactagaattgtcgtacaacagag
caagaagaatgttagaaaaagcaaaagcggatagaaaattaagatatgataggaatacaaataatttcga
attaaaaataggagataaagtattacttagaaaagaaacaggtcataagttagataaaagatatgaaggt
ccttatgacgtagtagatataggaataaatgacaatataaccattaaaacaggaagtaagaaacaacaaa
tagtacataaagataggctaaaaaagcacaaatagaatgaaaaaaaaaaagggcaatcaatgccaaacct
ttcataataaaacttaaataacggcctgatcagccaaaacaatataacaaagacatagatataatcgaat
ttttattaattcaaaatacatacatattttttctttattcatttaaaaattctatatcataaataatgtt
aattcattaaaaataatatttaagtaatttttattttataatggtaatatagttgatagaaaataacttc
atttctttacgttattttaaaaaagaggggagg
>DM412   Drosophila retrotransposon 412 genome.
cattcacacgccgaccaaatacatattacatacgtacatacatatctcgctctcccgataagcctagata
tataagatatacataagaacgccgctccgctgctggcgtacccggcacgcagctacgcggattagcctaa
gtccaaatatataaaaaactgtaaaatcagagagactctgtagacgttgagctgacagaaccatttctgc
ctactctaaaatcaaaagaagaaattgaataaatatatgtcagcccgacggtcttcaacttaaaacggac
ttgtgttcttaattggagttcatcattacatggcgaccgtgacagnntccaacgctggacgaattgacca
aagctggtgaaaacaaaggaacaaaggaacactggactggaagaagactggactaattaaatggaactgc
aaaaaccaaggaaaaatctgagtgagtagagttctattgagtatgggcaaacaccgtggcggtttgaaaa
ctaagctgaataaacgtatagcccacgtaaggtggctaatatacggtcagcaaacgccaccggtttggtc
gaaagctctaaagctacatgcagagctagaccacttgttgcaatatcagcaagaattaaagacccataag
ctcgagaaaactcactcagataatattaaaaatatacccacaattaatgaagttccaaaataccaggcat
gtccagcaccagcaccagcattaacaaaaccaaagaagtcctgcccccctggctgcgaaggaatctggag
tccccactgcctggggacttgtgagcgaccatcgacgtcttcagcggcgaagaaatagacagcagcgagg
gagtgtcagcgtgccaccccggcgacgcccagctgacacctgatagagcatcatcaacagcagaatataa
taataaatatatataaatataaagtaaatataaaatatatatagataagaaaaattgtaagaaatattgt
aaaacggagcatatactattatgccctgttaacccaatatggcccgtgaagccatagctagaatcaggca
ggcaacaatgtaaaatacaattttttttttactcttgcgaacattgaaagattttataaatagataattc
caaacataaatgtctatagagacaaatgaaataagtaaaactgaaaataaaagtatatacaaaggaaatt
ttctattctattctccaaaatataaaattagtatacccaaaatgggtctaatagacactaaaactgtgga
ctctacagccaatgtaataaataaagtagaagtccaaaatgcagacttgttctggataaccataatacta
attgtaattgcattaattatggtatccaatgcattaataaaaatatacaaactgcataacaagtgtctta
agaaacgataccgtagcactgctaacggtatagataatatttaaggaagatctttaataaagtcaattat
gaatgaaaatatgagaaaaattatatgaaaaaaaaaaataataaataaaaaaaaaatataaaacgtaata
ttgaatttatctacattaaaaaaaaaatatatacaaatgaataaatttgaagttatgagtataccacagc
atggactgggaaaagcttgttgatcagataaaagatcaaaatgaaaatttcagaaaatcctataagtgct
taacgcaaaacagatcaacacaagctgtaacaatcaataggaatgcccaagtcttggtaaatagttataa
tgaaatcagagagttgatccaacaaaatagaaagaatttggaacgcaaacagtgtgctaaggctttgaac
ctactggtgacattaagagaaaaattaatatttataaaaaataaattcagtctccagatagaaattccaa
ccatagtaaacaccccactaagaataaatttgaatgaagacagcactaactctgacgaggaagataggac
tatagtcaaggaagacattaaagaggaagatcttcacgatctaactataccagcaaaattaatgctgaag
aacgacgataaaacaaataacgcagccgactccgaaaataacttaaccatggcagaagaagcagctgcca
ttaggtcttacattagggaagtcgcctgcacagtgccagaatttgatgggcaaaagatccatttacaaag
attcattaaggcaatcaaattggtagacctagctaagggaccatttgaagacattgcagttgaggtcatt
aagtcaaaaatagttggcacaattttgaactcagttgacaatgaaacgacaattccagcaattataaaca
aattgcagaaagtagttgtcggtgagacatccagtaatgtcaaagcaaagctagcaacagttcagcagag
aggtaaaactgcaacgcaatttaccgctgaagttgatagcctgagaaaacttttagaagcttcctatatc
gatgagggtatacctctagaacatgccactggtctaagcaccaaagaggcaattgaaaccatgatacatc
gtgctgagcacgaaagtatcaaaacagtactggaagcagggacttgcaccactatggatgcagcgataag
cgcatacataagaacgagtacaagagttaccggtgacatcaataaagtgatgtactttagaggtaacaga
cccaatagaggatacggaaatgccaatagaggtagtaaccgccgtagaggctttaataacaatagtatta
gaggcaactaccataacggttaccaaaataacggttaccaaaataacggttaccagaataacggttatca
aaaccgctataatggaaataataaccgttataatggctataacagaggccgttataatggaaacagaggc
cgtaacaacagtcagaacaactacaacagaaacaatgccaatgtacgagtaatccaagaacagggcaact
cgcaacagcctttaggtactcagtagaagaagatcgtagagtatacaccatcaattataatctcaacata
ttttctacattcattcatgccaaaacaggcgtaaaactagtttttctacttgatacaggtgcagatatct
ctattctcaaagagaactctgacaaattttctaatattcaaataaccaataaaataaacattcaaggcat
aggccaacagaaaattcagtctcgaggacagacttttattgagatacagacaggtaaatacgttatccca
cacgattttcatttagtagataaaaactttccaataccgtgtgatggaataatcggaatagatttcataa
aaaaatataattgccaaatcgatttaaaccaagaagaagattggtttataattagaccaaacaatttgaa
atttccaatatatattcccatagcatacagctctggtattaacacaacgttattaccagcaagatcccaa
gttgtccgaagattaatagtatcatcaaaagatgataacattttaattccaaaccaggaaattcaaactg
gtatttatgttgcaaatacaatcgcaacatcaagtaatacatttgtccgaattttaaatacaaccgattc
cgaccaattagtcaatatggacactctaaaatatgagccactttcgaactacaatgtagttcaggcaaat
agtgaacacagaaataaaactgtcttatctcaattaaagaaaaatttccccgaattgtttaaatcacaat
tagaaaatatatgcagcgaatatatagatatatttgcattagaatcagaacctataacagttaataattt
gtataaacaacagttgagattaaaagatgatgagccagtatacacgaaaaattatagaagtcctcatagt
caagtggaagaaatacaagcccaagttcagaaattaataaaagataaaatagttgaaccatcagtttcac
agtacaatagccctttgctattagtacccaaaaagtcaagcccgaattctgataaaaagaaatggagatt
agtaatagactatcgccaaattaataagaaacttttagctgacaaatttccactaccgagaatagatgat
attttggaccaacttggtcgagcaaaatatttctcctgccttgatttaatgtcaggttttcatcaaatcg
aactggatgaaggctcgagagatataacatctttctcaaccagcaatggctcatatcgtttcacgcgatt
gccatttggcttaaaaatagcgcctaattcattccaaagaatgatgactatagcattctccggaatagaa
ccgtctcaagcattcctttatatggatgacttaatagtcataggttgttccgaaaaacatatgcttaaaa
acctcactgaagtttttggtaaatgcagggaatacaacctaaagttacatcctgaaaaatgttcattttt
catgcatgaagtcacatttttgggacacaaatgcacagacaaaggaattttgccggatgacaaaaaatat
gatgtcattcagaactacccagttccacatgatgcggacagcgctagacgttttgtagcattttgcaatt
actacagacgttttatcaaaaatttcgccgactattcgcggcacataacaagattatgtaaaaagaatgt
tccattcgagtggacagatgaatgtcaaaaagcattcatacatttaaaatctcagctaattaacccaaca
ctcttgcagtacccagacttcagcaaagaattttgcataacaacagatgcaagcaagcaagcgtgtggcg
cagttttaactcaaaaccataatggccaccaactcccagttgcttatgcatccagagcttttacgaaagg
tgaaagcaataagagtacaacagaacaagagttagcagcaattcattgggcaataatacatttcagacca
tacatttacggaaaacatttcactgtgaaaacagaccatagaccattgacatatttattctcgatggtga
accccagctctaaattaactagaataaggcttgaactagaggaatataattttacagtagagtatctaaa
gggcaaggacaatcatgtagcagatgcgttatcaagaataaccatcaaagagctaaaagatataactgga
aatatattaaaagtcactacaagatttcaaagtagacaaaaatcctgcgcaggaaaagaacaattggatt
tgcaaaagcaaaccaaagaaatagcttcagagcccaacgtatacgaagtcataacaaatgacgaggtacg
aaaagtagtgacattgcaattgaatgactcgatatgtttatttaaacatggaaagaaaattattgcaaga
tatgatgttggtgatctttatactaatggaattcttgatttagatcaatttctccaaaggcttgaattgc
aggccggtatatatgatatcagccaaatcaaaatggcaccgtggaaaaaaatctttgaacacgtttcaat
agataaatttaaaaatatgggcaataaaatattaaagaatttaaaagtagcgctacttaacccggtgacc
caaataaataatgaaaaagaaaaagaagctatattgtctacattacatgatgatccaatacaaggagggc
atacaggcattacaaaaaccttggccaaggtcaaaagacattattactggaaaaatatgagtaaatacat
aaaagagtacgtaagaaaatgtcaaaaatgccaaaaagcaaaaacaacaaagcacacaaagactccaatg
acgataactgaaacaccagaacatgctttcgatagagttgttgtggacacaattggtccactacccaagt
cagaaaatggtaacgagtacgcagtcactctcatatgtgatttaaccaagtacttagttgccataccaat
agcaaataaaagcgcaaaaacagtcgcaaaagctatatttgaatcttttattctaaagtacggtccaatg
aagacgttcataacggacatgggaacagagtataagaattcaataattactgacctgtgtaaatatttga
aaataaaaaatataacatcaacagctcatcaccaccagacagttggagtagtagaaagaagtcatagaac
tttaaacgagtatatacgatcctacatatcgacggacaaaaccgattgggacgtatggcttcaatatttc
gtatactgcttcaacacgacccaatctatggtacataattattgtccatatgaattagttttcggtagaa
caagtaatttaccaaaacattttaataaactacatagcatagaaccaatatataacatagatgattacgc
taaggagagtaaatataggttagaggtagcatatgctcgagcaagaaaacttcttgaagcacacaaagaa
aaaaataaagaaaattatgacttaaaagtaaaagacatagaattagaagtaggagataaagttttactaa
gaaatgaggtaggtcataaattagactttaaatatacggggccctataagatagaaagcataggagataa
taacaatattacgctacttactaataaaaacaaaaaacaaatagttcataaagatagattaaagaaattt
cattcatgattgaatttaaacttatattttccttaatcatttatacaaattttccatacactacgtatat
ttttatctttgcattataaaatcaactattgttgttcaaacaaaaacacaaacaaaataaaaataaaaat
aaaataatttgcatttaataatcaaaataacttcactaggttacgttatttttcaaaaggagggagatgt
agtatgtgcctatgcaatattaagaacaattaaataaaatagcatattaacttatggcagcactttgttg
ctatgtttatgtttatgtttatgcacgcagttaggcc
>T412LTR   direct repeat.
tgtagtatgtgcctatgcaatattaagaacaattaaataaaatagcatattaacttatggcagcactttg
ttgctatgtttatgtttatgtttatgcacgcagttaggccagggcggatgtaacatgatcacccactcga
aggcaaaaagtataagtgcatggtcagcattcacacgccgaccaaatacatattacatacgtacatacat
atctcgctctcccgataagcctagatatataagatatacataagaacgccgctccgctgctggcgtaccc
ggcagcgcagctacgcggattagcctaagtccaaatatattaaaaactgtaaaatcggagagactctgta
gacgttgagcggacagaaccatttctgcctactctaaaatcaaaagaagaaattgaataaatatatgtca
gcccgacggctgccttcaacttaaaacggacttgtgttctgaattggagttcatcattaca
>DMLTR3   D.melanogaster gypsy transposon sc1, 5' LTR.
agttatataagttccaataggtccagagttatgttatttccagtaggtctagagatcttccttctttcgc
tgaggttcgtcttagacactgtttatggagattaggttggagggcttgacttcgcccccttagttattat
cactagccttgtggcgatagcgatttgattgtaaataagaacaatgatgtttaacggcaatgagccggag
caagctgtggtttatttcaacacaagatttgaactgagtagaagacaatattgaaaactaagtttaccct
cgagcaatgcatcgcgccgccacaagtcggcaagccgactcagcatttcttgcagcgtgaagcaacactc
ccggtaggaagtgtcagctttccgctgccagcattcttcgcgtggagcgttgaacccaattctgggcgcg
tcagcattgttcatacaaagctacttagttgctacgaagcaatacattgttagttgttaact
>GYPSY_DM   transcriptase-like enzyme.
gggagaaccttaaagatgctaatcgatacggcgcgggcaaaaaactacattaggcccgtaaaggagctga
aaaatgtaatgccggtcgccagccctttctcggtgagctcaatacaccgctccaccgaaatcaaacacaa
atgcttgatgaaagtcttcaagcacatctccccattttttcttttggattctctcaatgcgttcgacgct
atcataggcttggacctgttaacacaggccggggtaaaactcaaccttgcagaggactccttagaatacc
agggcatcgctgaaaagcttcattatttcagctgccccagtgtaaatttcactgatgtaaacgatattgt
tgtacctgactccgttaaaaaggagttcaaggacacaataataaggaggaagaaagctttctccacaaca
aatgaagctcttccttttaacaccgctgtcactgccacaattcggacagttgacaatgaaccggtgtact
caagagcgtacccaactcttatgggtgtctccgactttgtgaacaacgaggtcaaacaactgctgaaaga
cggcattatcaggccctcaaggtctccctataacagcccgacctgggttgttgacaaaaaggggaccgac
gcttcgggaaacccaaacaagaggttggtcattgactttaggaagctaaatgagaaaactattcctgacc
ggtacccgatgcctagcattcccatgattctagcgaatctgggcaaggcaaagttcttcactacccttga
tcttaagtcagggtatcatcaaatttacctcgcggaacacgaccgcgagaagacatcgttctcggtgaat
ggtggtaaatacgagttttgccgtctaccgttcggcttgagaaatgcaagcagcatttttcaaagagccc
tagacgatgtgcttagagagcaaatcgggaagatatgttacgtctatgtagatgacgtcataattttctc
tgaaaacgagtccgaccatgtccgccacatcgatacagtactaaaatgcctgatcgatgccaacatgaga
gtaagccaggagaaaactagattctttaaagagagtgtagaatacctcggctttattgtcagtaaggacg
gaactaaatccgatccagagaaggtgaaggccattcaggagtaccctgaaccagactgcgtttacaaggt
taggtccttccttggtttagccagctactacagagtcttcatcaaagactttgctgccatagcccgcccg
atcaccgatatcctaaaaggggaaaatggttcggtgagcaaacacatgtctaaaaaaattcctgttgagt
ttaatgaaactcaacgcaacgcgttccaaagactgcgaaacatactagcatccgaggatgtcatactcaa
ataccccgtctttaaaaagccttttgaccttactacagatgcttcggcaagtggtatcggtgcagtccta
tcccaggagggcaggccaatcaccatgatatcgcgtacccttaaacagcccgagcagaactacgccacaa
acgaaagggaattgctggcgattgtatgggccctaggtaagttgcagaacttcctgtatggctctaggga
gattaatatatttaccgaccatcaacccctcactttcgctgttgccgacaggaacacgaatgccaagata
aagaggtggaaatcttacatagaccagcataatgccaaggttttctacaaacctggcaaagaaaatttcg
tggcagacgccctctctaggcagaatctgaatgccttacaaaacgaaccccaatcagacgctgcgaccat
tcacagtgagctctccctgacctacacggtcgagacaacagacaaaccgttaaattgcttcaggaaccag
atcattctggaggcagcacgttttccgctcaaacggaacctggtgctctttcgaagcaaatctcgccact
tgatcagctttactgataaaagttggctattaaaaacacttaaggaggtggtaaaccctgacgtcgtgaa
cgctattcactgcgacctgcccactctggcaagcttccaacacgacctcattgcccactttccagccacc
caatttcgtcactgtaagaatgtcgtgttagacataaccgacaaaaacgaacagatcgaaatcgtcactg
ctgagcacaaccgcgctcacagagccgcacaagaaaacattaaacaagtccttcgggattattactttcc
caaaatgggcagtttagctaaagaagtagtagctaattgtagggtctgcacccaagcaaagtatgacagg
cacccgaaaaagcaagagctcggggaaacgcccatacccagctatacaggtgagatggtgcatattgaca
tattctcaaccgacaggaagctattcctgacgtgtattgacaaattttctaaatatgcaatagtgcaacc
agtggtgtctagaacaatagtggacatcacagcacccctgttgcagatcattaacctgttccccaatatc
aaaacggtctattgtgacaatgagcccgcatttaactcagaaactgtcacctcaatgctcaagaacacct
tcggcattgacatagtaaatgcgcccccactccacagctcgtccaatggccaagttgaacggttccacag
cacattggcagaaatcgccaggtgcctgaagttggacaaaaaaacgagtgacacagtagaactaatcttg
agggcgacgatagaatataacaaaaccgtgcactcagttactcgtgagaaccaattgagg
>DM2   Drosophila retroposon microcopia Dm-2 3'end.
agcaacctagttatgatgttaagctacccaaatttaaccctgatgctgcatgcgtagaggcagcaaagtg
gtgtccaacaaccgatataattctaactgagcacccccttaaaggaagtaaattgatcatggcactaagt
aactgcatggagggaactgcatctcagtggctaacacaaatctcgtaccagggtatgacttggcaagagt
tccaggaattatttctgcagcgctttgaaaccgaagagacgccggccgctacgtttttaaatttactcaa
cagccgcccgactgccgccgaatgttacgcggtgtatgcgagtcggctggtgacgacgctgactacaaag
tggcggaatatggaaatagaagaaattgccgttacaaccgttcttgcgcatatggcaaacattgacagtc
gtttgcagcgcgtcctcttcacatccaatgtgcgtaccagaagtaagctacaggcggagttaaaagcgtt
tacgttcgacaagaagcgacatgctcgagatgacaaccttggacctgaccacaagaaccgtaaggcatcg
ccagttgtatgccacttctgttcaaagccgggacatcgaattgctgaatgccgaagtaaaatgcgacaag
atagacaggcgaaaccgcagcgtgaaaaatcaaatgttacgtgctatcggtgcggccaaccgggacattt
ctccaaccagtgcccgaaaaacggaagtgcagccaaacaagatgtgactcaacagaagactgttaaccaa
tgttgtgtgactgagccaaagggaagcttgcatcaacgaggtgagatctatccaatttgtttcgattccg
gtgcagagtgctcccttattaaagacgacattagcagtaagttatctggtaaacgtataaacaatactgt
aatgataaaaggcattggtggtggcagtgtgtgcagtacattgcaaatcttgagtgaagtcactataaac
gaaaatattatggaaatattatttcatgtagtcccgaacgagcaaatgaggaatgatattctgatagggc
gagaaatacttaaacaagacttttatgtaattttgacatccgataattttaaagttgtaaaatcaaaaac
tgttaataattgttcttttatatgttaattgcgctgttatgttactgttactgcattgtattgattcatc
gcttctaaataaataaatatataaaaaaaaaaaattgttccgttactgagcgatcgtttactttgtccga
tattgacaccgaattagtcgacaatgagaaagctcaattaattgagttacttgaaaagcactcgacttca
tttaccaacgggatacctcatactcgagtaaatacaggcgaaatgaaaatccgtttgattgatccaacta
aaactgttcagcgccgaccttacagacttagccccgaagagagagaagtagtgcgaatcgaggtgagcga
attgataagatgtaatattgttcgcccaagttgctctccctttgctagccccatgttgctcgtcaaaaag
aagaacggaaccgaccgtctatgtgttgattttagagagctaaactcgaacacgatttcggataaatacc
ccttgccgcttatcagcgatcaaattgctagacttcgcggagcaaattatttcacatgcctggatatggc
aagtggtttccaccaaatcccgattcaccctgaatccgtggaatatactgcatttgtgccagacggcctc
aaaaatgcgccatctgttttccagcgcacagtcataaatgcacttggtgaccttgctaactcttttgtaa
tcgtttacatggacgacataatggtagtatcgccaaccaaggaattggctttggaaaggttaaaaactgt
tttgaatgttcttacaaaggctggttttacctttaaccttgctaaatgcagttttctcaaaacaacggtt
cagtatttaggctatgaagtgcgagcgggagaaattcgtccgaatgtgcgaaagatatcttcattaagct
ccttgcctcctcctcaaactctctccggcgttagacaattcattggcttggcctcttactttcgcaaatt
cgtgtctggattctcccaacttatgaaaccattgtattcactttcgtctggtagcggcaagattacatgg
agcgctgagctggaagagatcagacttaaagttgtgacgatcctcacaaatgagcctgctctggtaatct
tcgacccgcaatatcctattgagttgcacactgatgcaagtgcctgtggatatggagcgatacttttgca
ccgtatagaaagtaagccccatgtaatcgaatacttcagcaaaacaactacctctgttgaatctagatat
cactcctacgagctggaaaccttggcagtggtaaaagccgttaaacattttcgccattacctaattggcc
gtgagttcgttgtctatacagactgcaattcattaaaagcttctcgcacaaaaatagatttaacccccag
agttcaccgctggtgggcctacttacaatcgtttaatttcgaaattcagtatagagagggtaagcgtatg
gctcatgtggatttcctatcaagaaatcctttatcacccgaacacaatttgtcaataaacaagattcccg
aaaaaagagtaaatctgtctgaaatttcaagtacttggcttcttgctgagcaacggttagaccttgagat
aatagaaattgttaacaaattggagtcagatgaattggccgaaaacttggccaaaacgtatgatttgcga
aaaggtgtattatatcgcaaggtccaaagacgaggtagaacaagttatttaccagttgtacccagagctt
tcaaatggtcagtaattaaccaggtacacgagtcgataatgcatttagggtggcaaaagacacttgataa
agtgtaccagtattattggttcgctaaaatgaacaagtatgttcgaaaatttttttcaaactgcataact
tgtagatcagtgaagtcatcttccgggaaggttcaggcggaacttcattccattccgaagacaagtatac
cgtggcacaccatccacatagatataacggggaaattaagtggcaagagcgatttgaaggaatatgtcat
tgttcagatcgatgcctatacaaagtttgtttatctgtatcacaccttaaagatagatgccgaaagctgt
gttaatgctatgaaatcttccatatccttatttggagtaccagatcgcatcatcgccaaccagggcagat
gttttactagctctaagttttcagagttttgcgtatcgcagaaagttgaacttcacttgattgctacggg
aatgagccgtgcaaatgggcaagtggaacgggtgatggaaacactgaaaaatttgttgtcagtggtagaa
tcaagtcaacgatcgtggcaggacgcacttggcgaagtccaacttgcactgaattgtacaatttctcgtg
ccactgaggcaagtccgttagaaatgttaattggtaaacaggcttgaccccttggattagttcccccatg
tgagaccgaatgtgaaatagatatggcaactgttagagctcatgcgacagaaaatatgaattcttagcgt
cttacgacaaatcccgatttgatagcagtagggcagccgttgacaaacaccacgtaggtgactatgtgct
attgaggaatgaagaaagacaccaaactaagttagatccgaaattcagaggaccgtttttggtaactgaa
gtattagagggtgacaggtatacactaaagtcgttgacgagtaaccgatcgttcaagtattgccatgaag
atatacgtaaaatgccggatgcagaaatcccgaatgagttaaacgagaatgtagagcaatagctgaaata
tagaaacagttgaatgaaaagaaaagcccgccaatgagttcttttgtgaacgagagatatccgtctaggt
gagacgatgaattgtgagttatccgtctaggtgagacgatgaattgtgagttatccgtctaggtgagacg
atgaattgtgagttatccgtcaggtgagacgatgaattgtgagttatccgtccaggagagacgatgagtt
tggattgaattaataatcaagtgtgtgtgaactggcggaagatcgatatatagaaatcgataaatgataa
tgttaagataagttgtgagctgatgtattactgatcaatggaactgaatatgaaaatagaataagttatc
ccagcaacagtgaaataagagctgttttgtttcttcacagaattaagatttaagaaatacacctaataaa
gtcaaactaatgaaattaaatgttattgaatagtgatgaaagtaggtgatcttgatatcttggtatctcg
gtatcaaaagcttacacgaggacgtgaaatgtcagaatggccgtgtcgtggcgaaaataatgagtatgcg
tgtagtcgctgtttacttcttctccatgttccctttgctattatgcgtgttcctatttatgaacacgtgg
caaaaata
>DMCR1A   DMCR1A is a LINE-like retrotransposon.
cgaagaccggccacccctttcagcaaaccctgcaccatcaagctcccaagtatctccaatatgagctaca
gagatgcgctcatgtctacccaagtgcctcagcaaaccaatcccaaccaaacccgtcaaaccccacctga
atctccgcaacccagtaacatggaacaaatgtttgctcgcttcgaaggaatggtcgaaaggatgatggag
aagatgttctcgcaaatgacgcagcttgttgcttccatcctcaacgcaaaagtatgcaaagcctaaaaat
agttatttggaatgctaatggcctgcagaggagcagagccgaggtggaacacctcctaaaaacagatgcc
atcgatgtactactggtatcagaaacccacttttgtcccagatcccattttagcattagcggctacgatg
tcatccctgccaaccatccatctggcagagcgcgcggaggagcagccatgctcatcaggagtggcatcca
gtacacggagctacctgcgtttcaggaggaatgggcccagtgtgccctggccagaatctccagcctacat
ggagacatcaccgttggagcggtctacttcccacctagacactcgatcaccgagactcacctacaagatt
tttttgagtcctttggacctcgctttatagcagctggtgacttcaacgccaaacactcctggtgggggtc
ccgctccatcaaccccaaaggcagaacgctccacagattcctgcagagcagaagactggattgccactcc
tctggtgagcctacccactggccttcaaacccttccttgctgcccgacctcctggattttgctatctcca
aaggcatagggcaagacagactaacttgctccaactataacaagctgatatccgaccacagcgctataaa
aatgcttctcaacatccccgtcctcaaaaaagagttgcccagaagactcaccgggaagcacactgatgcc
tccaagttcacactctggatgctgtcctccctgcacccggatcctccactctccactccaagcaacatcg
atgcggcaatcaaaactctcacggatgagatgtacaatgctgccgagtttgccaatcctcctccttcaac
gtccccaagaactcccggtagagaccttcacctctggtctccagaaattgcggccttcgtagcggaaaaa
aggcgcctcaggagaatctggttcttctcgcgcaacccaagggacaaggcagcactcaacagagccatca
aggaactcaaggacaagctgtgtaccctacggcaagactccttcgacagattccttgaggagctggaacc
tggtgacccgcaacataatctgtggcaagtcacgcgtcatatcaggaggcctgcaaagaaggcgtcgccg
gtgcgcaaagcggacggctcttggtgccgctctgaagccgaaagagctgaagcgtttgcagatctccaga
atgcattcacaccatttgacagatgcactggcgaagagcgtgctgcaaccaccaggttcctagagagtcc
atgtcctcctagcctgcccatagagcccgtcaccccagaagaggttgcgcaagagatcgcctccctaaag
gctagcaaatccccaggactggatcgcatcgacgccacatcccttaaaatgctgccacctccctgttccc
agttgttggccaacatatacaacagatgcttctcactagggtacttcccgagatcatggaaacgtgcaga
agtcattctcatcctcaaacctggaaaacctgaagccaatcttgcctcatatagaccgattagtctgctg
acaatcctctccaaaatactcgaaagagtatttctgcgcagagtcatgccagtactggacgaggctggac
tgatccctgatcaccagtttggcttcaggcgatcccacggaacacccgagcaatgccaccggctcgtagc
acgcatcctagatgcattcgagaacaaacgatactgttcggccgtattcctggatgtcaagcaggcgttc
gacagagtgtggcatcctggactcctctacaaactcaagtcccaccttcccagttcccactatgccctac
tcaaatcgtatactgaaggaagagagttccaagtgcgatgcggttcctcaacaagcacgacaaggcctat
acgagccggagtacctcaaggcagcgtccttggtcccatcctctacaccctgtttacagcagacctccct
atcataccctcccgttacctcacagcagccacctatgcagatgacacggcgttccttgccaccgcaacaa
accctcaattagcatcagccatcatccagaggcaactggatgcactggatccatggctgaaacgctggaa
catcatgatcaacgctgataaatcctcccacaccaccttctctctgcgcagaggagaatgccccccggtc
tcactcgacggcgacacaatccctacctccagcacccccaaatatttagggctgaccctagacagaaggc
tgacttggggcccccacatcaacaataagcgtatccaggccaacatacgcctaaagcaactccactggct
catcggtaaaaagtccaagctgcgagagaaactaaagattctcgtctacaagactattctcaagccaatc
tggacgtacggaattcagctgtggggcactgcttgcacatcacatagaaggaagatccagcgatttcaaa
acagatgtttgagaatagtctccaacgcccatccctaccacgaaaattccgccatccacgaggagctcgg
gattccatgggtagacgacgaaatctacagacacagcgtgagatatgctagcagactggagaaccaccac
aaccacctggccgtcaaccttctagaccacagccaatccctaagacgcctgcagagaacgcacccgcttg
accttactcaacatacttaatcatacttaacccctacccaagtacactcgatgtactccccttaagttaa
tgtttccctccaaaaaatttaattattgtccactaggacagattttaaataataaataaaaggctacaaa
aaaaaaaaaaaaaaaaaaaaaa
>XDMR_DM   D.melanogaster dispersed middle repetitive DNA sequence.
ccaaatttaaatgcaaatcgatttggattttaataacaaactcaacgaggtatgacattccatatttggt
ctattattttcaatgttatgatcaaaataccaaatatttttttcacaaaaaaccaggaaaacgaaatttg
gcaaaaaatttaatatttaagtagagttttttgggtataacttgactaaaaatggtcacacaactaaaat
aattaccattttgtgctcctaattaccaatactaatcatccccatcactttttggcggactttgaaaaat
taatttttgcccaaattttcgcattttttgtaaggggtaactcatcaaaatttttaaaaaatgccaaaaa
aataaagttc
>TRANSIB1   TRANSIB1 is a DNA transposon, a partial consensus sequence.
cantgcacactgggccagattccctttttttttggcataaagtcaaaaaattttgtaaattgtattttga
atttaactatatattatgaaagagcatagattagggacaccaaaacgatatttaaaaacatttaagttgc
aacactgcattttttatgcgatatcaaattcatatgtttgatcagctgtttgttcaagcaaaattggcgc
gaaacttttactcaactttgtgattctgttaaaaatacaccacgtgtccaaatattttcaaataaaatgg
aatataaaggtcaaggtatgcttaatatagatataacttactgatttagaattatgtgttccatgttgta
attgttgttgtctttgtttacgtcttagtttaggcaaaatctaaccaaagtgttcgtctattgtggagtg
agaaatgatttgtgccaacttgtgccaaaaactaataactgatgtgtttactcaaaactgtaattaaatt
gatgttagtaacgccttttgcctaaatttgcctatgctctttatattttgccgtttaagacaagtttgag
attagccgatcggttctgctggatgaatggatcaaaggagatcgaaatgacaaagccttagttgactggg
ttgttggcgaatttaaattaaatgatattactattgacgagaaagctaaaatcgctaagcaaatcagaag
ctttcacctatatataatgaaaaatctggctaaatgtaaccgtacaattgaagcattaaaaaaaaaacat
tccagttggctttcatccacgatgatggttgtcgtggaccaaaacaacaaccaagtcgcttcagactgtc
taatgggacgacctcgactctcttacagtgatgcaggatcacggctcaaaagaaaaatagcaacggatct
ggctaatattgaagaaaataatacaagtcttcttgtccatgcagcatcaatttcagccaaaaaggaaaaa
atgggcgatactgcttttgtattaaagcaaaccatttcaacttcaactgcatccactgaaattagaaaga
aattgatattctcagagccagtaccgctcacaccaattcaggctcttgcatttttgattgacagctctct
atccaaagcaaaatacaacgacatgagagctttgaacaaaacacaatttagcaacatttatccatcgtat
aataaagtcagagaagctaaattagcgtgtagacctgcgggagttcatgtgacagagacctttgcccaag
tatctttccaaaatttgctgaatcatacggccagtcgaattattcttatgcattattcttatccatggat
tcatcggatcctttactttcaagcctaaatataaacaaaagatcgtctcaaaataaaaaaatcgctttgc
cgaaagaagtcatcaatcttttagatgcaccaaatgtagaacatattaataatgaacatttttgggaagc
gatgatagcgactcggattcggatcacgatgatccattttctatgcatttggacgtagaaaattttgatt
aatataatagtataattatatgtatattaaatagatacataagaaaaattcagcttaaatttattatatt
aattaataaaaagaaataatcatgccaaatctactccttaactttatatcctaatatgggcggtatgggt
gggcgtggtccgatttacttgaaatttcacgtacgtattttaaatgtcaaatgcaccaattctacaaaaa
tgcagctctctagctttattatttgactttatgccaaaaaaagggaatctggcccagtgtgcantg
>TRANSIB3   TRANSIB3 is a DNA transposon, a partial consensus sequence.
cacactggttttttatgtgtttttttttggcagaaagtcaaaaaaaaatattttaacggaataaaaaaat
gtatggtttctttatatttaggatagtcttattagataaaaagtcgatttttacttttttacgcaaaact
ggcttatcgtcgacctctcaaagacagctgattgtcgataacatgcgtaagacaaaattgcggcaaatca
ttttgcaacatttgtggtttatatttcctcagagaattaaaaaagttcaaagttttgtcatggaaaacag
tagcacaggtatgtagatttgtagttcactaacatttttgtgtatgttatatgtttttgtgtagttgtat
cgtgttttgtttatgtgccttttttacagtcaacttaacaaatgtagctgtgtttcgtggaatataactt
ggaaaccacttcaaaaaaattttaacggcaagttattaactaacatgtgtataatattatacaactagtt
tcatatgctcctttttgttcctttttgaaaaaattacgtttttgtagatgaatacttgtttgggcatgca
gagctgctagacatttggagcaacaatagtcgctctgaggatgcagttaggcagcatatatttaaaaaaa
ttggtcagaataatttaaatgaatgttgtatttcattgttaaataaaaaagttaagtccttctttgatta
cataaggaaacatttgccaggttgcaatagatcgttggacaggttgaagaaaaaacacttcaaatggctg
gcatctagtattagtataatcgctgattgcaaaactccaaaactagtttatgaaaaggctaatgaccgac
ttaaacgaaaattagcttcggaccttttcggacctgaaaataatacttctgtaccattactcttgcatgc
tgcttcagtttcgtctaaaaaaggaaatgaaaaggacatggcagttgtattaaaagcagctggtaacagc
gataatatcaataatataaaaagaaaaatgttctcttctgagcccacacaaatgtccgtcgacaatgcat
tagcctttttatttgaaaacggatttacaaaaagccaatacatcaatttaaaacggaatacaaaagtaca
cggctttgatatttacccatcatatcctgatgttcttaatgctaaactaaagcttagaccaaatggcatc
gagtattttgagaataaggcgcaagttaagttacaacaactcttaaaccacacaacttcgcggattcttg
aaatgcagtatgaaactttcaaagcaaataccaactcgatagaatgccaattaatatttagctatggata
taatggatcaactggtcagagtatttataagcaacgttatgaggaaatcggtgctgtatatgatggatcg
ctgtttgttactacaattgtgccattaaaattagtagacaatgaacaaaaaataatttggatcaacagat
cgccacaatctatacggttttgtcgtcctttaaaaattgaatttattaaggaaactcgagagcttatatt
agcagaaaaagaaaacttggatacccagactcgtaatctgcacatatatttgcataaaataaacaacatt
aatatatttgtaaaatatgtcggtcaaatgacactaatagacggtaaaaatttacatcttaatatgattt
tattttattttattttctatatataatatcaataaaatatttaattaaatacagatacaaaaatattttt
tttttggtaaggtaaatatttttatggcatatcggccagatcgtttatatggcagctatatgaaagttga
ccaaatcacttgaaattttgtgaatcatcttgggggaagtaaagagtaacacaaaccaaatttggtgaag
ataggtcatcatttcgaatttctgccaaaaaaaaacacataaaaaaccacagtg
>TRANSIB2   TRANSIB2 is a DNA transposon, a consensus sequence.
cantgcactatggtccagaattcgtttttttttggcataaagtctaaatttttatgtcaatatatcgtcc
tttagcaattattttctaatagaaaattgatcatataaataaaaaccaaaaacaaaattgaccgaaagct
tcactaaatcgttttatgagcttttaaaggtgaagtgttaaacagctgattgagagaatgcaattcccgc
caaattatttgcttacttttgcacgtggtacgatcgttaatacgcatccataaattatagtaaaatatgg
aaaataaatgccaaggtatgttgtttttaacgtatgtagttaatatatgtgtagttgtactgtttttgtg
ttgtgtaacatccaatttatgtgtattttaacagaaaattctaacgtgtcccctgtgtttcgtggagtat
aactaattttctgacaatttctcacaaatgttaaaaacgtccgtttttatctttaactattgtctttgac
ggtaaagtaatatcttttgcccatttttgctcgttttcctaaaatttgattttatataggcaagttcgag
ttcagacatagcgacctcctgtacatttggaggcgtaacaatcggcaagtaagttatgtttcagattaca
tttcttctgcaatcaacaacaataatctggaatcgaaaaagacagaagagattgacaaaaaaatagtaaa
ttttgaattattcattaaaagaaaactgcccgagtgtaacagacaactagaccgatttatttccaaacat
actaagtggatggcgtctaagataacaattcttgttagtgattttgaaaactccaagacaccacagcaaa
tgggacgccgaaacttatcttaccaaaatgcaggagaaagattaaaaaggaaactggcatccaatctggc
aagtgaaagtgatcacgacacaagtcttttgattcatgcagcaactgtttctgctagaaaagaatgcaag
agggacgttgcctttgttcttaaagaaactttaaaaacaccagaatttccaagcgaatcgaggatgcaaa
ttcaatggcaaaaaccaactcctctttcaccagatgaagctctagcttatctcctggaaaacacgctgac
aaaacagcaatatataagcaccaggcttttaaataaaagccataacagcgacatatatccgccctataat
gaagtgatcgaagcaaaattacagtgccgaccagagggtatagaagtaatggaaaacactgctcaagtgc
tattacaaaatctcttggatcatacagcgcaaagattaattaagttgcaatctgatgttttcaagcaatt
tccagatatatttaaaatcaaattaatttgcagctacggatttgatgggacaactggtcatagtgcttac
aagcagaaatttgaaactgaagcacttggcacaccaatttctgatcaatctttatttgtaacttctgtca
tacccatacaaattatagattcgtttaatcggcatatctggataaacagagcaccgcagtccattcgatt
ttccaggcctctaaaaattgagttgataaaggaaactgctgtccacataatgatggaaaaaaatcagtta
gataatcaaattaataatcttacgccattcacttataaatgtgatgaaactcgtgacatagaagttacct
atgaaatgcacatgacacttatagatggaaaagtcctaaacgtattaacagacactaaatctactcaatg
ttgtccgatctgtggagtcagcccaacacaaatgttgaaaattacaaattttagttcagaaacctttgca
ccaaaagtaaaagctttacaattcggggtaagtccattacatgcttggatccggttttttgaatttgttt
taaacgtatcataccgagataaacgtatcaagccgagataaaaaagtggcatactaaaggagaggacaag
gttaaaataagtattcgaaaaaaatatatccaggaggaaatgtggagagaaatgggccttcgagtaagca
tgccgaagcagaatggcagcggcaatagcaatgatggtaatacggcaagaagagatttcgcaagtaccaa
attctcgtcgataaccagcttcaacgaaaatcttttggaaaagtttcacattattttaatagcaatatcg
tccaactattttataaattccgacaaatttcgttctttttgcgatataacttttcaattatatatccgaa
catatcaatggtatccctatgtcatcaagcccggaataaactttacaaaagggaccgactatcacatgca
aggaaaaatagtcggatcaatacgatgagtgatattttccacagagcgattgattcctcggacccactat
tatcaacaatttgtttaaaagaaagagagagaaaaaataggaaaaaaccacttccgaaggcagtaataag
tcttttggaaatacagtctaattttaaacctgatccatcagacaaaatattggattcacattctgattct
gattcgagttcagattcggaaatttataatgttgaactagaagaagaagagggcgattatttttaaaaca
acaatatacacacttttatttaaaaaaaaaaaaaaacaatgaaatttcgttgactcctgagtcataccag
tagttaatatgggaggcaagagagggcgtggtcgcacagacttcaaattttgtgtgcaaactatttgtgg
tttaacaacaaaatgtacaaagtttcaagtctgtagctcaatttttagactttatgccaaaaaaatcgaa
ttctggaccacagtgcantg
>TRANSIB4   TRANSIB4 is a DNA transposon, a consensus sequence.
cactatgggtaaaaagccggaaattttggtattaatgtaattttttttgtgattgatattttaatgctgc
tttcattttttgattcctaagtaacaagatagcataaaaataattttaaaacatttttacgagttatcgt
ttatttttggcgcgctttcaaagtcagctgattcagaggtgctttgaattgtgaaaattggcggaaaaag
ttgaacaaattgcagcgcaaacattgtcttcatagcaaactttgagtttatttttaattatggaaaaaac
aagtcagagtatgtaaattattcgtgaatacacgttttccgataattgtgtgtggttgttgttgaattgt
ccaatgtattgcttgtgagtattttcaattgtttactaacaaacgttctagtgttctgtggaatattact
tttgtatggcacaacgaatcaccaaagttaaagttgtatgtttttaacaaatatatgtggaatcaaatgg
tattaatgttttttgcccctttttgcccttttttgcgaaacattttatgttgtaggtgtgtataagttta
gtcatgcagttctgctggatgtttggagcaacaacaaacgcgatgcagacgctgttaacagttatatttt
ggaaaatatagaagagaactttgagactaaagagcaaaagattacaatttcaaagaaagtgaaccaattt
attacttatgtaaacaagcacttaaggaaatgcaatcgaatgttggaccgattcaaacgaaatcatttat
tgtggcttgcgtctaaaattgttgtcgttattgataagccagaaatgacactatgcaaacctagccgaaa
acagttaacatatgaagatgcagggcctcaacctaaaaaaaaaattagcaaattagctggctgcagaaca
agggcattcaacaccacttctcgtacatgctgcttcaatttccgcaaaaaaaacgaagcaggcagaaacg
gcctttgtattaaaaaaaaaaggataagcagtgaaaacatacatgatataaaaaagaaaattgagacaaa
tcatcctattaaaataagtgctgataatgctttagctctcttaattgaaaatggatttacaaagcagcaa
tataataatataaaagcgctcaataagcagcaaggatgcgatattttccctccttattcaaaagtagcag
aagcaaaattgaaatgcaggccttccgaacataaaatttctgaaaaaaggccaggagtatcgtagcaaga
tttgctagatcatacagctggccacatatgtggaatcaaatggtaagtttttaatgtttgctcagaccca
acgaattgtacattaattgtgagctatggcttcgatggatctacggaccaaagcacgtacaaacaacgct
ttctatcaaacgaatgtatcgccctagatcaattccttttcgtcactccaattataccgctgaaactaat
agatgaaatcaacaatcgagttatttggatacattcatctccacaatcggtgagatttgtcggcctttga
aaattgagtttataaaggaacgtgctgcccttacattgaagaaaaaacaaatttggatgcggctataaaa
aaccttagaccatattcctacacttccaaaaaccaaataatagcatatactgcagaccagcgttcgttct
cgaacagcaagatattttcgtccgttttgaatttggactacaaaatcatttacaatttttatataatttt
gatttcaatttcttgtgagcacatgattgatgcgaaaaatttaaatctctataccattctacttttaatt
tatacgttaaatacgaaccttatatgagatacatacatggtaaaatagagtagtcaccaaccaatattgg
tacatggatataaaattgtaagccaatttattgttcctgttagtgtccttggagaaaacgcgtcagaagc
gcgcaacaaactttacaagagcgatagaaaatctcacgccaggaaatgtagccgactagcaaacattaca
gatgttttcagagcagtggattcatctgatccattgctttcaagtctttgtctaagagatcgaagtaagt
ttggaaaaaagaaactcctcccaaaagaagtaatcgatattcttcaaaatccggatgcagaactttataa
atcaagttatcattctaataataaagaaaaagaagtggaagtggaagacgaattcaattgcctttataat
aagaggaggcagttgaagaatgacaatcaacttaataaaatataaaaaaatttattgacttttatctcat
aataatggtttttgcatcttgtgtcctcacttcgctcccacgccaatcccccagggaagacacctccgga
tccaccggttgaaccacagacatattaacacccacacctccttcgccacccatccatctccctttaaaac
cgctttcatttgtatataaatacatttttcactttattttcaaggattgtttttgtgggcggagatgaag
gcgtggtcagatcaaaaaataaacaaaatccaaaattctatttaaatcctaattataaatataaaaaaaa
tcaagtcgctatctttaaaattgtaattaataccaaaatttccggctttttacccatagtg
>AY1_DH   D.hydei y chromosome-specific ay1 repetitive sequence.
gaattctacacacccgtttcccaaagaattttcgtttatccgtgtgtgtcaaatgtgaaatgccaatcga
cattataaaagcagtcctgaactaaactgcgagggatattcagaaaatataaaaattagcattagcaaat
taattctacaagtcccgtatcccaaagaattttccttcatcccggtgtgtcaaatttgaaatgccactcg
acattataaaagcagtcctgaactaaaagtaaagttcgccgtacaagaaacacttctcccgacctgccca
aaagcgaaattggttgattttgatgctgaaatagtaagccggcagccgattagcgagctgtcatatacct
gatgctgggtaaagcaatgcaaccggtagatgtagaatttttgcaaaattaaaggaaacctcaaaagttc
tcggactaccttgaagagacaacaatcatattcaggcatataaccatccggtaaggcactaggacaaact
tcgaga
