>MYS1_PL   Mouse mys-1 transposon.
tgttgctggagggcttctctccaggttccccaagccccgcagtcccacaatccatttataaaataatcac
tcagacgcttatatcacttataaactgtatggccgtggcaggcttcttgctaactgttcttttatcttaa
attaacccatttttataaatctatagcttgccacgtggctggtggcttaccggcgtctctacatgctctt
ctcctggcggtggctgcagtctctcttcctcagcctcccgcttcccagaattctcctctctccttgtccc
acctacctcctgcctggtcattggccatcagtgttttatttacatagagtgatatccacagcacttcccc
tttcttctttttttaaaaaggaaggttttaactttaacatggtaaaattacatataacaaaacaattacc
gagcaagaattatagttacaatattaaagaagatgtcctatctatcttatatttgtgagtttaaggtttt
atagctaacttatcttttatcataactgaggaaattacgactatctagccttcaaccacatcaaagacct
gagaaggaacataatggtacctgagaaatggtagacggatgcaagcaacttcgggaatcttgcaagagta
gaccaagacagctggcagcctggacagtcacctgatgtttctcagcattgttggtgcattcaaattggct
acaggcctagagtatctgacagaccattttcagaagcaggaattctgagagaccatcttaccctgtcttg
gcagagtacagtggtcgctttccttgtgtcccgcttgtccagaaaggacagcattgcatttgtactgtca
gccgtcaaggcaagggcagttctttgcccagtaggccattttgtgccaaaaagacaaacttccaaatgga
aatgtcttagaagcccaacattctctcgggatcaattggtgcagccaggagcaattgtgtctcacatcaa
cagaattctaagttatttaaatgccatattttctaggtctatgaagtgtttgaagattacctatctatct
gaaatatatctatgtatacctagaagacttaactaacatggctacagatatgattatcatagatgactaa
ttattaacctattttttaattatccattacaattttaaatgagttatataaacataatacctcaaacaag
aatagaaatatatatatacagtataacaaaattaacttcaagtttgtatcaatgaactaaaatttatacc
aatgtaaaacattttaaacataaactaaaatctataccaatgtaaaacattttaaacaagttgttcttta
aaagtaggttcattaatctacccttttatcttatcatctccatatcctcctatatatcatatcccctttt
cttttttagaaagagatcacatttataatcaacctgttttaaataaaaatattggtttttctctgtccca
caccagagggctcttctgatttgggacacaagaatctcttaaccattttttttttttttaaagcaatatg
tctgggtttagagggggagtgagccaattccacctctaaagccagcttggtatatttgggaatttgggcg
tagcatctcttactgcttcctgctggaggggggcgctgtatcttatggggacgcaaagaaaattttagac
ctatggggtagccgtgaggctgtattgtgtgaaccagttgccttgaaaccgatctggatgttggatcatc
tgggccatggtgtcatcggagtcctttcagggggtcttggctggtgaaacctgatgtatcttaatctgga
acaagtccacagcctctggctttctgtggaaacaaaagcagaacctcttttccaaagtaacatatcctta
tatccaaattttgaagtcaaggtacctttaaaatatacattttggcataactcaacagcttttgtaatca
aatgtttttctttagttatgaatatcaaagagaacataatccagattctctgtgtggtagccatctttat
gtggcttatgttttatattaccttgagccttgagcctattgctttaaactgtaccattgtaagcgtgaaa
cggcgctgtggctgctggctccgcccacttcagcttcccaacatggcagtggtacattttccgccagctc
tgggagtcatcaagtctcagaaatagtgggtctaagcttttatcaaagcagcgtgtagcccagaaacctc
ttttttttttttttaaaaaaaaaataatagtaaagactaaatctaccacacagcttaatttgccgctggc
agatgcctcatttccgccatactgccggtcagacgcacccgccaggaacccgccagtgtccaaacttgcg
ttttgccgcatctagctgccgtataagacaagaagcaggaacctggttttggctctgtttagaattggtt
attaaatattctcaggtttaaggtggaaactcgagccgttgggcgccattt
>B3   SINE element.
ggggctggagagatagctcagcggttaagagcactggctgctcttccagaggacccgggttcggttccca
gcacccacatggcggctcacaaccgtctgtaactctagttccaggggatctracnccctcttctgacctc
cacgggcaccaggcacgcacgtggtacacagacgtacatgcargcaaaacactcatacacataaaataaa
aataaatmtttwaaaaaa
>RSINE1   SINE element; RSINE1 family - a consensus.
gggctggggagatggctcagtnygtaaagtgcttgccgtgcaagcatgaggacctgagtttgatccccag
aacccacataaaaaagagggagaggacctgaggaagacaccygaggttgacctctggcyyccacatayat
gtgcacatgtgcacacatgcacacacacacacacacaca
>LX4   Myomorpha L1 3' end - a consensus.
gatcccgttcccctaactgggctgccttgtctggcctcagtgggagaggatgtgcctagtcctgcagaga
cttgatgtgccagggtggggggatacccagggggggctccccctctcagaggagaaggggaagggggaat
ggggggagggacttgtgagggggggactgggaggag
>MT2B   Long terminal repeat of retrovirus-like element.
tgtagtggctattcctggttgtcaacttgactatatctggaatgaactacaatccagaattggaaggctc
acctgtgatcctgatcttgaggctggaagatacaagtttctgacctggatcttggcatggagatcttgag
gcatagtggccatgaaaancttaggcccaggcaaggtagtacangcctttaattccaggagactgaggca
aggagatctttgagttcaaggtcanccagatcyaggcnngrngrtacacatctttaatctgggccacacc
ttctggctggaggcctacataaggacattggaagaaggaaggntcnytytcttcgcctgcttgyacttac
tggccagyacatctgttggagcctacttcttcaggattccagcttatatagaagaccagctgaaayagct
agcctcgcgggactgagcaactactagatccttggactttccattcacagctgaccattgttgggttagt
tggactgcagactgtaagtcattccaataaattcccttaatat
>MT2C   Long terminal repeat of retrovirus-like element.
tgtagtggctattcctggttgtcaacttgactatatttggaatgaactacaatccagaattggaaggctc
accagtgaccctaatctggaggctgggagatacaagtttctgacctggatcttggtatggagatcttgag
gcatagtggctatggattccagaagattaaggcagggagatctttgagttcaaggtcatcgcctgcttgc
ttcgtgagactgagtaactgctagatccttggacttccattcacagctrcnactgaaccattgttgggaa
ttggactgcagactgtaagtcatcaataaattcctttactat
>SYNREP_MM   Mouse synaptonemal repetitive DNA sequence.
gaacagattagatgagtaagttacactgaaaaacacattcgttggaaacgggatttgtagaacagtgtat
atcaatgagttacaatgagaaacatggaaaatgataaaaaccacactgtagaacagattagatgagtgag
ttacactgaaaaacacattcgttggaaacgggatttgtagaacagtgtatatcaatgagttacaatgaaa
aacatggaaaatgataaaaatcacactgtagaacatattagatgagtgagttaggg
>L32   Mouse ribosomal protein pseudogene rpL32-4A coding for L32.
atggctgccctccggcctctggtgaagcccaagatcgtcaaaaagaggaccaagaagttcatcaggcacc
agtcagaccgatatgtgaaaattaagcgaaactggcggaaacccagaggcattgacaacagggtgcggag
aaggttcaagggccagatcctgatgcccaacatcggttatgggagcaacaagaaaaccaagcacatgctg
cccagcggcttccgcaagttcctggtccacaatgtcaaggagctggaggtgctgctgatgtgcaacaaat
cttactgtgctgagattgctcacaatgtgtcctctaagaaccgaaaagccattgtagaaagagcagcaca
gctggccatcagagtcaccaatcccaacgccaggctacgcagcgaagaaaatgaatag
>HERVK   Internal part of human endogenous retrovirus HERV-K; clone K-10.
tctggtgcccaacgtggaggcttttctctagggtgaaggtacgctcgagcgtaatcattgaggacaagtc
gacgagagatcccgagtacatctacagtcagccttacggtaagcttgcgcgctcggaagaagctagggtg
ataatggggcaaactaaaagtaaaattaaaagtaaatatgcctcttatctcagctttattaaaattcttt
taaaaagagggggagttaaagtatctacaaaaaatctaatcaagctatttcaaataatagaacaattttg
cccatggtttccagaacaaggaacttcagatctaaaagattggaaaagaattggtaaggaactaaaacaa
gcaggtaggaagggtaatatcattccacttacagtatggaatgattgggccattattaaagcagctttag
aaccatttcaaacagaagaagatagcatttcagtttctgatgcccctggaagctgtttaatagattgtaa
tgaaaacacaaggaaaaaatcccagaaagaaaccgaaagtttacattgcgaatatgtagcagagccggta
atggctcagtcaacgcaaaatgttgactataatcaattacaggaggtgatatatcctgaaacgttaaaat
tagaaggaaaaggtccagaattaatggggccatcagagtctaaaccacgaggcacaagtcctcttccagc
aggtcaggtgctcgtaagattacaacctcaaaagcaggttaaagaaaataagacccaaccgcaagtagcc
tatcaatactgccgctggctgaacttcagtatcggccacccccagaaagtcagtatggatatccaggaat
gcccccagcaccacagggcagggcgccataccatcagccgcccactaggagacttaatcctatggcacca
cctagtagacagggtagtgaattacatgaaattattgataaatcaagaaaggaaggagatactgaggcat
ggcaattcccagtaacgttagaaccgatgccacctggagaaggagcccaagagggagagcctcccacagt
tgaggccagatacaagtctttttcgataaaaatgctaaaagatatgaaagagggagtaaaacagtatgga
cccaactccccttatatgaggacattattagattccattgcttatggacatagactcattccttatgatt
gggagattctggcaaaatcgtctctctcaccctctcaatttttacaatttaagacttggtggattgatgg
ggtacaagaacaggtccgaagaaatagggctgccaatcctccagttaacatagatgcagatcaactatta
ggaataggtcaaaattggagtactattagtcaacaagcattaatgcaaaatgaggccattgagcaagtta
gagctatctgccttagagcttgggaaaaaatccaagacccaggaagtacctgcccctcatttaatacagt
aagacaaggttcaaaagagccctaccctgattttgtggcaaggctccaagatgttgctcaaaagtcaatt
gccgatgaaaaagccggtaaggtcatagtggagttgatggcatatgaaaacgccaatcctgagtgtcaat
cagccattaagccattaaaaggaaaggttcctgcaggatcagatgtaatctcagaatatgtaaaagcctg
tgatggaatcggaggagctatgcataaagctatgcttatggctcaagcaataacaggagttgttttagga
ggacaagttagaacatttggaggaaaatgttataattgtggtcaaattggtcacttaaaaaagaattgcc
cagtcttaaacaaacagaatataactattcaagcaactacaacaggtagagagccacctgacttatgtcc
aagatgtaaaaaaggaaaacattgggctagtcaatgtcgttctaaatttgataaaaatgggcaaccattg
tcgggaaacgagcaaaggggccagcctcaggccccacaacaaactggggcattcccaattcagccatttg
ttcctcagggttttcagggacaacaacccccactgtcccaagtgtttcagggaataagccagttaccaca
atacaacaattgtccctcaccacaagcggcagtgcagcagtagatttatgtactatacaagcagtctctc
tgcttccaggggagcccccacaaaaaatccctacaggggtatatggcccactgcctgaggggactgtagg
actaatcttgggaagatcaagtctaaatctaaaaggagttcaaattcatactagtgtggttgattcagac
tataaaggcgaaattcaattggttattagctcttcaattccttggagtgccagtccaagagacaggattg
ctcaattattactcctgccatatattaagggtggaaatagtgaaataaaaagaataggagggcttgtaag
cactgatccaacaggaaaggctgcatattgggcaagtcaggtctcagagaacagacctgtgtgtaaggcc
attattcaaggaaaacagtttgaagggttggtagacactggagcagatgtctctattattgctttaaatc
agtggccaaaaaactggcctaaacaaaaggctgttacaggacttgtcggcataggcacagcctcagaagt
gtatcaaagtatggagattttacattgcttagggccagataatcaagaaagtactgttcagccaatgatt
acttcaattcctcttaatctgtggggtcgagatttattacaacaatggggtgcggaaatcaccatgcccg
ctccattatatagccccacgagtcaaaaaatcatgaccaagatgggatatataccaggaaagggactagg
gaaaaatgaagatggcattaaagttccagttgaggctaaaataaatcaagaaagagaaggaatagggtat
cctttttaggggcggtcactgtagagcctcctaaacccataccactaacttggaaaacagaaaaaccggt
gtgggtaaatcagtggccgctaccaaaacaaaaactggaggctttacatttattagcaaatgaacagtta
gaaaagggtcacattgagccttcgttctcaccttggaattctcctgtgtttgtaattcagaagaaatcag
gcaaatggcatacgttaactgacttaagggctgtaaacgccgtaattcaacccatggggcctctccaacc
cgggttgccctctccggccatgatcccaaaagattggcctttaattataattgatctaaaggattgcttt
tttaccatccctctggcagagcaggattgtgaaaaatttgcctttactataccagccataaataataaag
aaccagccaccaggtttcagtggaaagtgttacctcagggaatgcttaatagtccaactatttgtcagac
ttttgtaggtcgagctcttcaaccagtgagagaaaagttttcagactgttatattattcattatattgat
gatattttatgtgctgcagaaacgaaagataaattaattgactgttatacatttctgcaagcagaggttg
ccaatgctggactggcaatagcatccgataagatccaaacctctactccttttcattatttagggatgca
gatagaaaatagaaaaattaagccacaaaaaatagaaataagaaaagacacattaaaaacactaaatgat
tttcaaaaattactaggagatattaattggattcggccaactctaggcattcctacttatgccatgtcaa
atttgttctctatcttaagaggagactcagacttaaatagtcaaagaatattaaccccagaggcaacaaa
agaaattaaattagtggaagaaaaaattcagtcagcgcaaataaatagaatagatcccttagccccactc
caacttttgatttttgccactgcacattctccaacaggcatcattattcaaaatactgatcttgtggagt
ggtcattccttcctcacagtacagttaagacttttacattgtacttggatcaaatagctacattaatcgg
tcagacaagattacgaataacaaaattatgtggaaatgacccagacaaaatagttgtccctttaaccaag
gaacaagttagacaagcctttatcaattctggtgcatggcagattggtcttgctaattttgtgggactta
ttgataatcattacccaaaaacaaagatcttccagttcttaaaattgactacttggattctacctaaaat
taccagacgtgaacctttagaaaatgctctaacagtatttactgatggttccagcaatggaaaagcagct
tacacagggccgaaagaacgagtaatcaaaactccatatcaatcggctcaaagagacgagttggttgcag
tcattacagtgttacaagattttgaccaacctatcaatattatatcagattctgcatatgtagtacaggc
tacaagggatgttgagacagctctaattaaatatagcatggatgatcagttaaaccagctattcaattta
ttacaacaaactgtaagaaaaagaaatttcccattttatattacttatattcgagcacacactaatttac
cagggcctttgactaaagcaaatgaacaagctgacttactggtatcatctgcactcataaaagcacaaga
acttcatgctttgactcatgtaaatgcagcaggattaaaaaacaaatttgatgtcacatggaaacaggca
aaagatattgtacaacattgcacccagtgtcaagtcttacacctgcccactcaagaggcaggagttaatc
ccagaggtctgtgtcctaatgcattatggcaaatggatgtcacgcatgtaccttcatttggaagattatc
atatgttcatgtaacagttgatacttattcacatttcatatgggcaacttgccaaacaggagaaagtact
tcccatgttaaaaaacatttattgtcttgttttgctgtaatgggagttccagaaaaaatcaaaactgaca
atggaccaggatattgtagtaaagctttccaaaaattcttaagtcagtggaaaatttcacatacaacagg
aattccttataattcccaaggacaggccatagttgaaagaactaatagaacactcaaaactcaattagtt
aaacaaaaagaagggggagacagtaaggagtgtaccactcctcagatgcaacttaatctagcactctata
ctttaaattttttaaacatttatagaaatcagactactacttctgcagaacaacatcttactggtaaaaa
gaacagcccacatgaaggaaaactaatttggtggaaagataataaaaataagacatgggaaatagggaag
gtgataacgtgggggagaggttttgcttgtgtttcaccaggagaaaatcagcttcctgtttggttaccca
ctagacatttgaagttctacaatgaacccatcggagatgcaaagaaaagggcctccacggagatggtaac
accagtcacatggatggataatcctatagaagtatatgttaatgatagtatatgggtacctggccccata
gatgatcgctgccctgccaaacctgaggaagaagggatgatgataaatatttccattgggtatcgttatc
ctcctatttgcctagggagagcaccaggatgtttaatgcctgcagtccaaaattggttggtagaagtacc
tactgtcagtcccatcagtagattcacttatcacatggtaagcgggatgtcactcaggccacgggtaaat
tatttacaagacttttcttatcaaagatcattaaaatttagacctaaagggaaaccttgccccaaggaaa
ttcccaaagaatcaaaaaatacagaagttttagtttgggaagaatgtgtggccaatagtgcggtgatatt
ataaaacaatgaatttggaactattatagattgggcacctcgaggtcaattctaccacaattgctcagga
caaactcagtcgtgtccaagtgcacaagtgagtccagctgttgatagcgacttaacagaaagtttagaca
aacataagcataaaaaattgcagtctttctacccttgggaatggggagaaaaaggaatctctaccccaag
accaaaaatagtaagtcctgtttctggtcctgaacatccagaattatggaggcttactgtggcctcacac
cacattagaatttggtctggaaatcaaactttagaaacaagagattgtaagccattttatactgtcgacc
taaattccagtctaacagttcctttacaaagttgcgtaaagcccccttatatgctagttgtaggaaatat
agttattaaaccagactcccagactataacctgtgaaaattgtagattgcttacttgcattgattcaact
tttaattggcaacaccgtattctgctggtgagagcaagagagggcgtgtggatccctgtgtccatggacc
gaccgtgggaggcctcaccatccgtccatattttgactgaagtattaaaaggtgttttaaatagatccaa
aagattcatttttactttaattgcagtgattatgggattaattgcagtcacagctacggctgctgtagca
ggagttgcattgcactcttctgttcagtcagtaaactttgttaatgattggcaaaagaattctacaagat
tgtggaattcacaatctagtattgatcaaaaattggcaaatcaaattaatgatcttagacaaactgtcat
ttggatgggagacagactcatgagcttagaacatcgtttccagttacaatgtgactggaatacgtcagat
ttttgtattacaccccaaatttataatgagtctgagcatcactgggacatggttagacgccatctacagg
gaagagaagataatctcactttagacatttccaaattaaaagaacaaattttcgaagcatcaaaagccca
tttaaatttggtgccaggaactgaggcaattgcaggagttgctgatggcctcgcaaatcttaaccctgtc
acttgggttaagaccattggaagtacatcgattataaatctcatattaatccttgtgtgcctgttttgtc
tgttgttagtctgcaggtgtacccaacagctccgaagagacagcgaccatcgagaacgggccatgatgac
gatggcggttttgtcgaaaagaaaagggggaaa
>HERVK22I   sequence of internal part.
ggtggtgccccgcgtgaggaacgctgcaaacggatcgtgacggacccctcgaaaatgaaggtgaaaagaa
ctgcgcagtcagtgagtaatcagtaagtcattggtgcccgctcgggatttccaagttcggggggaattgt
tcaggctagggtttcatcatgggacaacagttatcagctcaacagaaacagtatataaaagtattgaaac
agctgcttaaagctagcggagcctcagtttcgcaggctcaattaagggacctaatgcaaactgttgtttc
ccataacccatggttcccggaagaaggtacgctagacgtagagctctgggaacaagtggggagaaatctt
aaacaacatcatgcacaagggcaacgggtcccagtaacatctttaacgttatgggccttagttagggcgg
ctttggtcccgttatacacagaagagcctaaaaagggaagggaggaggaaccgtcacctaccttaccacc
tcctcgtccctcagccccgctatcaccgggccaaaataacaaagaggaaacggaggttttgcctgagccc
cctcctccaatagattggaaaaaagacaggggatacgctacagctatgggaccctgtcttaagcaagcgg
cattagaaggggagctcttagcctgcccggtaatgcaagatcgacaaggcaatcaggtgtatgaacccat
ttcttttaacgcttataaagagctaagaaaaagcattaaagaaaacggagccgctagcccatttatgaaa
ggaatgattgaagccatggcagacaacttctgtatgaccccatgggactggtcagtgctagctaaaacaa
ctttggagcccagccaatacctcctctggaaggcagaatatgatgagttgtgtgaacaacaagccaacca
gaatcaggtggccaggcaagacataacagctgctatgctccaggggaggggtccccatgccgatgtacaa
caactagattttgatccccaggcctatgcacaagtgtctttgtgtgctctcagggcttgggaccgaattc
ccgaaagcggagttcaacagggatcttttataaatgttcaacaagggcctcaggagccatttgttgaatt
tatcaatcagttaacccaggcaattaagagacaaattagtcacgcccaggccgctgatatcttattgttg
caattggcttatgaaaatgctaatgtcgatcgccagcaagcaatgcaggcaatcagaggaaaggcagcca
cagtcggggaacttatacgagcatgtcaactggtggggactgaaacacacaaagccaaaatattggctat
ggcattaaggcctcctaaagtgaaaagggagagaaacccaaattgttttctatgtggagagccaggtcat
atgaagagggaatgccccaataatagagaccaaggtaactcaggaaaagaacccccttctatatgccccc
aatgtaaaaaggrgaaacattgggcaaatcaatgcaggtccaaatttgayaaaaacagmaaccccataag
taaccaggcgggaaacttcatgakgggctggccyyaggccccgctwmaarctggggcaatgccagcagct
ttcctcggtcagatggaaagcccacagtcctctctctcagagcagccaccactgggagcgcaggactgga
cttactctgccccaacaaattagtgctaaaagaaggagaagaccctaaaagggttgcaaccgggatctgg
ggcccactgcctccgggaacagtgggattagtcctagggcgatcaagcctatccagtaaaggaattaatg
tgctcactggggtaattgatagtgattatcaaggtgagatattagttatgatggaatgtaaaggtctgca
tattcttccccctggatcaaagatagctcagttactgctyttaccatactgggtccccaacgcccacgga
aaggaaaggggaaagggaagttttggaagcacgggagccacaggagtatatgggaaycaattaatcactg
atcagagacccatgattaccttaaaaattggaaataaaaattttactggcttattggacacaggggtgga
tatttcaatcattagtgatcaaaactggccagaaacttggccttgggtcactcagaaacaaaaaattgtc
agcatcggggaagcgcacacagccaagcagagcacgcgccccctaacatgttgcgattcggagggaagaa
aggcagttatacaacctctaatcatgcccatccctgttaatctttggggacgggacctattagcccaatg
tggggggtcactctgcagacccctttctaataatggccactgttattattcctcccctacccctgacgtg
gctctctcaagatccaatttgggtagaacagtggcctttaaagggagagaaattacaaagagcccatgaa
ttagttgaagagcaattaaaagccgggcatatagaaccatcaaacagtccttggaattcgcccattttca
tcattcccaaaaagtctggtaaatggagacttttgcatgacttacgtgctattaatgctaatttgcaacc
tatggggccccttcaacaggggctcccttcccccgcggcgattcctcaagattggcctataatcgttatt
gacttaaaagactgcttttatactattccccttgcagaacaggacagagaaaaatttgcgtttacaatac
cagctatcaataatgaaaggccagcttgctgatttcattggaaagtgcttcctcaaggaatgctaaacag
tcctaccatgtgtcagtatcatgtaaatcaagctttgctccccagtagaaaagaatttcctaattgcaag
attattcattttatggatgatattttacyagcagccccaacggagccagtacttttaartttatatacct
ctgtcgtaaagaatacacagytaagaggtttaatcatagcacctgaaaaagtacaaatgtcctctccttg
gaaatatcttgggtacatactaacttcccggtcagtaagacctcaaaaggttaaattaaatactagcaac
ttacacaccttaaatgattatcagaaattactaggcgatattaactggctttgccccaccttgggcataa
ctacttataagttgcaaaacctgttttctatcttaaagggcaatacagccctagactctcccaggtattt
aactcctgcagcaaaaagggaaattgaggaaatagagcaagctatttctcagaggcaactagatcgcata
gacccatgatattcagttcagttgtttgtttttcccactaaacattccccaacaggattaataggacaga
tggccccagggctgcgctttctagaatggatttttttgctcacataccgggactaaaacactctctccct
atatccagctaattagtaaagtcatctattcaggccacagacgatgcaatcagttgctaggttatgaccc
tgatatcatcagaattcctttaagtaaaaagcaattcgaagcagtattgcccttatctttagatctgcaa
atagcactctctgattacgcaggccatatagagcatgcccttcctgctgacaaactacttcagttcttat
ctcatactcctgtggttttgcctacaaaaatagttcactcccccatacctaacgctttaacactgtttac
tgatggctctggtaaacatggaaaagcggctatttggtggagaccacataattccctcactcattctgga
tttactagcactcagagagctgaggttggagccttaatattggccctggagactttttctgctcagccca
tcaatattgttagtgactctgcttactctgtttatttattgcagaaccttgaaacagccctcattaagtc
cactctggagcccaccctgtgtgcactttttctttgacttcagcaattgctggatcaacgtacacatcct
atttttatcacacatattcgagcccacagctcactgcctggcccactggcttatggcaatgatcaagcag
acctgcaggttatgacgtcactgcttgaccaagccacccaatcgcatcaatttttccaccaaaattggag
aaacttatctaaacaatttcaacttacccaragactagctaaacaaattatcctgcaatgcccagattgc
cagctcacaggcacgtcccctccttcaacaggtgttaaccctagaggactagaacctaatcagttatggc
aaacagatgttacacacgtccctgaatttggaaaactaagatatgtacatgtatccattgataccaattc
tcatctaattagcgcacatgctcttcctggagagtccacccgatatgtcattaaacatcttcttttaact
tttgcatttatggggcggcccacaaaaattaaaactgataatggtctggcttatgccagctcacaatttc
aacaattttgtcacacatggaacatccaacattccacaggcatcccgtataacccccaaggacaggccat
agtagaacgtgcccattccacccttaaaaatatgctcagaaaacaaaaaagggggaatatgagtaaggac
cctgcaacactattggcacaagccttatttacccttaattttttaaatttaaatgataaatttcaatcag
ctatagaaaagcactttgctaaaacctctcaagacataaaacctgcagttttatggaaagatgtaaacag
taatgtatggtgtggtccaaatgaattgttaacatggggaagaggatatgcttgtgttcacaccccctca
ggtcctctttggattccagcacgacgcatcaaaccataccatggcatggctaggacccaacccagtacca
gaaatgaagaaaatgaccctgcaggacccacagccccggacgatgcagcttcctcggatgacacaagccc
cggacattacctgggggatgctgaagaagacaactcaggaggccgagcgaatcctgctccagacacagac
accattcactccagataatttgttccttgctatgctctctgttgtacattgcaactcatgtagggcattg
atcctttttatgctctcgctttgtctgcaacctgtacctgctacactctattgggctcatctcttagatc
cgcctttcttccgccctgttacctgggcagacactcccttcccagcctctaataacgtaactgcttggct
aggagggatagatttacccccagtggggtccctcagtaatggcacacattggactaaggtgccaggtaac
actacatatcactccactatcctcccactgtgtgtaagttataaaggttctaacccttactgtgtacctg
cccaaacacaattatggctacatcatggcaaaggaaatgcctttacagtcttagctgcaggtagcctcaa
accaggcaatgcaatcaatgccactttcccaaacattccttcctgtgctaaagaacaaagctgggaaagt
aatggattccactttagctgggaggtctgtcacgggggacaagcccgtagcctccagttaggcaattata
acatcttagactggagtccccacggccatttgcagggcaatcttactgatgtcctcatctatcatggcat
caatcacagtttcgtagccacgtcccgttcccctatratttgggccgatggggggatgggatatcccaga
ccccaagtaaagtccatgccaccccaagacactttatggtgcctgggacatcttagcacctcccttaaca
cctggcatgggacatatcataattccagtcacaattatactatgacctttattcataatcacactgatca
gtgcctgatttgcactacccatccatatgttttccttatgggaaccgatatttccgttacaccccaaaac
tccacgtttgtgacccgggtgcagggacaggcttggttcgcctcatgtatcactaattataatatatcta
atttaaatattactagtgtcatggtattgaggagacaatctgaggctttcctaccagtcaatttaacatg
cgattggcaaggttcctctgcccttgccaccttagaatgtgccctgtcccaggtcagacgcaaaagattc
atagttacacttacagcctttatagtctcagccatagtcatcctagcaactgctagtgttgctgtagcat
ctattactgaatcagtacaaacagctacttttgtagataatttggccagaaatgtgtctaatgaacttct
cttacagcagggtayagatcaaaagattcttgcacgtctgcaagccctcgaggctgccttggaatatgta
ggggagcgacaagatgcactggcattccaacagcaattaaactgtgactgggagcataagcacatctgtg
tcacctctctaccttggaatcaatcaatacatagttgggatgaggtgaaacaacacctctggggaacctt
tcatgacaatttaacagcagacgtaaagcaacttaaaactaaaattctagaatccctaaacgccatagat
ctacacgcccaacaaacagccatatggaagggtgtgcgagatcatctctcctggatagacccccgctcct
gggggtcactccttgattggaaaagaatgttgctaattatactcatgtttgtcttatgttatttactaat
tctaggatgcaaagccggaatacgagctataaccgccgcgcctgacagacctgttgctgcacacatctgt
actcttcaatcaacaaaacctgatgcaaaaaacagaaaagggggaga
>HERVK3I   sequence of the internal part.
tagtggcgccccgaacagcgacagaatcaggcgctcaacaagtggcatccgaacacagggactttgagga
cgtgaacgaagaaggtctgctggagcagagaaactgaaattgacaagacgaatggggaccctgggatgag
tctgctggcagcagatataaggtcagtgccctaacgaggtactgggagcaatataaggtcagtgccttaa
agaagtactgggaatgggagtttttctgaatcggaggtaacatggggcagaatttgtctgttgaggaaaa
lacattatcgtgcagttgcttaaagttttgttgaaacaatctggtgctcaggttaattctcagacattaa
ctaagatgctgcaggaggttattacgcataacccatggtttccacaggcaggcactcctgatgtagaaaa
ttggcacagagcaggagaaggattaaaacaggctcatcaaaaaggtcttaaagttgattcttctgctttc
tccactaggagtttagttcatactgtccttctgccattatatcctttttattctgctggacagcaggagt
catgttctgagtctaaaaatctgaaagaatctgttgtcccacccacagcaccaattgaaaataaaaaaca
ggagagggaggataaaaattggcctataccgccccctccagttgcagaaacatctgtaccgcctccttca
gtagccgaaatagagacctcaatacaaagaattttatgctctgctgccatagctggagagcccttaggac
ctctgcacttttcctatttccgtaaggcctgatccaaacaatccacagcagtttattcatgaacactccc
cactagagtttacgttgttgaaggaattaaaaattaagtgtaattaataatgggatacagagcccattca
ccttaggattgctagaatctgtatttggtgctatgcgccttctaccctttgatgtaaaacatttggctcg
cacttgtttgtctgctactgcatacctgacttggaatttaaattggcaagaaatgtgtgcagaccaggct
agacagaatcatgcttctggacacggagacattacagagggtatgctgttaggtaatggccctttattca
gacctggcatgtcaaatggcactcccagatcctgcttatcagcagtgtgcacaggctgctatgcacgcct
gggccacaattccagaagagagagtcccagtacaatcctttttacatctcatgcaagggtcacaggaacc
ctacgtgcaatttcttgcaagattacaagaggcagtgaagcatgaaattcctcataccgctggcacagaa
atgctaaccttaactttagcttttgagaatgcaaacgcagattgtaaacgtgcactggcacctgtgaggt
gtaacaaaacttgggaaattttctcagaacttgtcaggatgtagaaactgagcttcattgctctgcaatt
ttagctcaagcaatggctaatttagtagttgacaaatctaaaaggagccgacggtcaaaccctaaagtgg
gaaaatgttataattgtggaaaaactggacattttaaaaaggaatcatgactgatctcagggcagaaagg
accttataatgtggtgccctccacccccatggcccagcggaaaaaaacgccaggactctgtcctcactgt
aacaaaggaaatcactgggctattcaatgccgctcaaaatttcatcaaaactgcaaccacctgtcaggaa
acgagaagggggcctggacccgggcccctcaaacaatgagggcattcccagttcagaccacaaccccact
tcaggggtgggtcccaggaggaacattgattccctcaccccaggaacaccaggaagtgcaggattagatc
ttccagtcagagaaagaattacattaattggtggagacaaacctatcaaagttcccattggcatttgggg
acctttaccagcaggatacagtagactaattttaggcaaaagctgccttaacttgcaaggcattactgta
gtcccaggagtagctgactctgattatgaaggagaaattcaagtagttttaatgtcacaagatctttggg
tttttgaaccggaagaatatattgctcaattattgcttattccctgcaaattacacccttctccataaaa
ggagaaacgaggaaataaagggtttgggagcacaactacatgagaaatctaatgattcacaacctatagc
ttataatagacccacctgtgtagtacaaagtaaaggaaagaaattgtatgggcttatggacacaggagct
gatgtgtcagtaatatccagtaaggactggcccccagcatggcctctcagactaacctccacatccctag
tgggagtaggagcagctaaaagtgttcaacagagtgctgagattttaccttgtcttggtccggatggaca
atcatgtactttccagccttatgatgcaaatatagctatcaatttatggggtcaagaattacttacagca
tgggatatgagacttacaaatgaaaactttcataacccaggatttaaaatgttgaaggacatgggatatc
agagtggaaaaggtttagggaaattcctacaaggaaaccctaacccgatatctataactggagaaacaga
tagaaaagggcaaggatgtcaggatttctgatggggatcattgatatttctcctcgacccactgccttac
cattagaatggctttgtgacaaacctatgtgggtggatcaatggcccctaacacaggagaagctagatca
acttcatctgttggtaaaagaacaattgaatgcaggacatatagagaagagtttcagcccctggaattca
ccggtatttgttattccaaaaaagtctggaagatggtgactactacatgatttgagagttattaatgcgc
aaattaaaccaatgggtgccttacagcaaggtctaccttccccagcagccattccaagagacaggcctct
tgtagtaatagatcttaaggattgtttctttactataccataacacgagaaggataagcctcaatttgcc
ttctctgtgtcttctattaatcatagagaacctgtctctcgctatcagtggaaagttttaccccaaggca
tgcttaacagtcctacattatgtcagcattttgtaggaagagcattaaaggagccttgaaatatgtttcc
cactgtctatatcattcattttatggatgatattcttttggccgctcctacagatcaaattttacatcag
ttattcagagaaacaaaacaggccttaactaaatggaatctcaaaattgctccagagaaggtgcaaacaa
cttccccataccagtacttaggaactattgttatggaggggagtgtacggcctcagaaagtagttctccg
taagggcaggttacagactttgaatgatttccaacaattattaggggatattaattggctgtgcccaatg
ctaggtattgctacttatcaactcacacacctttatcaaaccctccaaggagattcttcattagattctc
ctcggcaatttactaaggaggcagaagctgagttacagcttgtagaacagatgcttcagcaacaacatgc
ctcctggctacagccacaaaagcctttgcttttgtttattcttcctaccccccattctccaacaggactt
ttaggccaattcatagacaaatctgtaatcgtaatagaatggctctttctatctaatcagtgaaatcttt
gcaagtttatctttctttaattactcaacttataacaataggtaggcataggtcaaaaatgcttatggga
tatgatccagataaaattattgttcccttggattcccaacaacaggccacagcatgggaaatgtcgactg
catggcaaatcacttttgcagattttgtgggaataatagataaccattatccatcagacaaaattttgca
attttataaagttcacccttttatccttcctgtaattactcatcacaagcctattccaggtggacagact
tattttactgatggctcttctaaaggccgtgcagctatttatggacctaaacatactcaaacaataatga
cctctggggtttcagctcaacgctcagacttaattgcagtcattcaggttttacagctgacagcttcaga
tcctatcaacattgtctgtaattcagcttatgttgtaaatgtagccagttgcatagaaactgctacaatt
aaaaatacactagacccagaactgcttaatttgtttctaagacttcacacagctattggctctccttcgt
ctccttttcatatttctcatattcgctctcacacacaacttcctggaccactatctctaggtaatgatag
agcagataaactgatgagttctgtgtttcagcaagctcaagcgtctccatgcatttctgcaccaaagtac
ttctgcctctactcgcatgttccatttstctcgcagccaagctagggctataatacaagcctgtcctact
tgccagcatgtccctggagccgcacctgtagaaggttgtaacccatgaggtttggctccaaatgaaatct
ggcaaatggatgttacacaagtagcagcctttagtaaacttagctatgttctacgaattatagacactta
ttctcatatgctgcatgctacatgccaaacaggtgagacagctggtcatgtacggcaacattgtttgtca
tcatttgctcatatggggatcactaaacaattaaaacctgacaatggaccagcttatactagtcatgctt
ttcaaatattcttacagctttgagctataacccataaacaaggaatccattataatcctagaggacaagg
aattatagagttggcacatcaaacattacaacaagtgttgaaaaaacagaaagggagggataggagacca
cttcacacctcaaacaaaactacacttagccttattatctttaaatttttttgactcctggtagagatgg
taagactccagcagaaagacattggcaagtgttagaggaaaagaggaaagtttatccgaaagtgttattg
aaatcccccggagaagagacaatggaaaggtctgttggatttactgacgtggggatgagggtatgcttgt
gtttttcagggagatggacaagccgtgtgggtgccctcaaggtggatgtgaccatggaacgggagactag
aggaacccagggtggccaactatgggcctggtccctctggtctgagccatgagccagctgagctagagtg
caaagatggagagaaggccgaccggagtccagacgacatcaacccccataacctgggagcaactcaagaa
taccaatcaggaagctgggaaactactggagcatcagagccaggcaaaacaccctgattccatgttcttg
gccatgttagtcataatgtcctgtgtggtatgttttccctgtgcagaggcaaaaacattttgggcatatg
ttcccaatcccctagtagtacaacctatgctttggagtgacactcctcctgagatttatcgtgatcagga
agtatgggctccaggacccctaactcccctgacaatagaacagttagactctcagaacaatgtcattaat
tatacgaccccacgagaaggactcctcttgtgtatcactacaaagacatcgcttaactgtagctgtctta
taattcaagctcaacaatggttgagtcactatggaaaagtcatgtgcctattaagtcttggttctattaa
tgtaacaggtgtgctaaccaaccattcccggcccaatcaccctaatcgtgctgactatatggaatggatt
cccttcgatagttactaccccccctcacatggacccaatgtcttgacccactggctagaaaacaatctat
gttaagtggagacattgtggattggggacctaaaggtcttctgtatggaagacatgaaaatcagaaatca
tggcacaaacttcgctggcattggtgggaagattttaaagcttcttctttataccacaccgggatctaat
cccagtctgccacccagattgcttgacatggagcaggctttagcccgcctcttcctcagtggcattatct
agggaggaaaggaccaatccaagagatgttatggaaggcagcactcccatttatgaatggagcatctggg
ttcgggatactatccagtgatagcaatagtaagcaacacagtcttaatgttacatttgtaaagaatatca
ccactcaatttatggtttgtctttttaatccttatgcttttttggcgactaagaaggaccagctccaggt
aaacaatatccaattgacctgtaaatcttgccagttatgtcactgcattaatcatagcacattgcaaaca
cataatgtctctactttgataattttgggtcgcatccctgggctatggattcctgttaatctgtcccagc
cttgggctaccacacctgctttgcactttatgaaacatcttctaactcagcttactcattgtgcccgtag
agccttaggcatgataatttttgctattgtttccttggtcacattaataacttccgttgtgatgtcctct
gtagctttgcatagttctattcaaacaactcagtacatggaaaactggatgcgtatagccaaccaagcat
ggccacttcagaataaaattaacactgagttacaaactgaagtggcattgttgaaatccacggctctatg
gttaggagaacaagtacaaagcttgcaattgcaacagcaattgcatgatcattttaatcacactcatatt
tgtgtaaccaacttagaatataaccaaagtgagtatccatgggaccttgtgaaagcccatttgcagggag
cttgcacatccaacatcacctttgatatcggtgaattacaaaacaaaattcttgatttaaatggacaaac
tcaagagtttcagccttctttagaagacgagaccaaattccagcaaggcctggagagcctcaacccttgg
accagtctaaagcaccacattaacatcttatatgtagtccttggaataatgttgttttgtctctgtcttc
tgttcatagtctgtaaaactggatggactgccaatcagaaaatgagagctgcccagcctgaccttacatt
ctttcaattaattcataaacagaaagggggata
>HERVKC4   Internal part of endogenous retrovirus HERVK(C4).
ttctggcgcccaacgtggggcccaaaagaatctggtgaggaaacgctcaagcatgtgaaacagaggacca
acgaacaaaggactcccaaggacataaaagttttaacctctacaggtaagcggggcgcccagagaaagct
agggacacaatgggaaaaactgaaagtaagtacaccacgtatttgagcttcctacggcagctcttcaagc
atgcatggtggggtaaaagttgatacggaaaatcttatggatttgtttcatgctatggaacaattttgcc
cttggttcccaaaacaggaaactttgaaattaaaacattaagaaggagttggaaaggaccttaaaagagc
atatagagaaggaaaggaaattcctttgcctgtttggtcgctttggtcattggtgcatgcagcactggag
ccttttcagacagataatgaggctgagtcagaggaggagagagaggagtttgataatcagaactctgaac
cacctctaccgagtactaacaaaaaggagagtctgaagatgatttatgccaatctccccagtctccctaa
acctactcaaaaaattgttcagcccacggttcctgtagagaaatgtccagaatggccacctcctcctcag
ccgagtgggtgcagggggagggagcccgagacttggctcaccgtgcccattattgcccgacccacagttc
attatggagatggggcaattcaggttcaccctacagttattacagtgaaggagcaatttcccttaaaatg
gatgacccggcgccccgtctgggttgaacagtggccgctccctaaggaaaagttgggggtgctttataaa
ataaactactaaaaaaaggatatatttcacccactttctctccttggaattccccagtatttgtaattaa
gaaaaagtccggtagatggcgtcaacgctgtaattcaaccgatgggagccttacaacctgggctcccatc
ccccactgtgctccctaaagactgaccgcttgttattatagatttaaaagactgcttttttacaattcct
ttagcagaggcagatttcaaaaaatttgcctttaccattcctgccgttaataacaaaaaacctgcagcca
aatatcattggaaagttttgccccagggtatgttaaatagtcccacagtttgtcaaacttttgtaggcag
aactatccagcctgttagagatcagtttccagatttgtgcagcaaaaagtagagaccaacttattcaata
ttattaatctttgcaaaagacaattacaaatgctgaattacttatagcacctgacaaaattcaaacaacc
actccttttcagtatttgaaaatacaagtacaggatagagccattaagcctcaaaaggttcaaattagaa
gagattctttcaaaaccttaaataattttcaaaaattgttagaagatattaattggatttggcccaattt
agcaattcctacttatgctatgtctaatctcttctcaatattgaggggaaataccaacttacgcagtaac
agagaactaacacccgaggccatgaaagagttatcagtaattgaaaacaaaattcagcaagcccaggtca
gtaggattgactcagacttgcctttataattcattgtgttccctacttcacactaaccacacaataatgg
gggttattgttcaaaatgatgatttagttaaatggtcctttttgccacataataccataaaagcacttac
agtatacttaaatcagatggcaattctaattggacaggctcatatatgaattattaaactttgtggcact
gagcccaataaaaattatagttccaataaataaaaatcaggttaaacaggcatttattaactcagttaca
tgacagattaatttaacaaaatttgttggatgtattaataatcattatcctaaaaacttttcaattctta
aaattaactacataggttcttccaaaaattacttgtgatgcccctttggaaggagccatagctgttttta
ctggtgggtctggtaaacatgaaaaagcaacagtctggtggagaccacataatccaatcacttgatctga
atttactaacattcagagagctaaggttattctgtgtatttatttaaaaactattacagccttaagtttg
ctctggagcccactctgtgtggtctttttcttcaacttcaacaattactagaccaaggtacacatcctac
ttttattacacacattcgagcccacagctctctgcctggcccattggcttacggcaataatcaagcagac
cttcaggttatgacatcactgcttgaccaagccacccaatcacatcgattattccaccaaaattggagaa
acttatctaaataatttcaacttacacagaggctggctaaacaaattatcccacaatgcccagattacca
gctcacaggcacataccctccttcaataggtgttaaccgtaaagaattggaacctagtcagttctggcaa
acagatgttaaacacatcctaaattttaaaaactaaaatatgtacatacatccattgttaccaacactca
tctaattattacacatttaaaaaaataaaagtaaaaaaaagactaagacaaaaatcaaaaaaatacaaaa
aagtaaaaaaatttaaaaagttataaaaatgtacctttagtaaaaaaattataaaacataaaaagttaag
acatgttaaaaattgtctgtaaaagtcataaaaaaagttataaaaaatttatataaaaaaggttgtttaa
ttttgttttaaagatctaaacaagttttaaaatgataattgtaaaaaattccgtgtgtaaacatatttac
taaagttaaaaagatatcatccagttttctataaactaaacattaaaataaaacacaagtttttcttaaa
acactaacctgctctttaaaaattgtaaaaagtctcttaacacagacgccactcctaaaatttccagtac
cagcctaaagactacatcctcatcaaaggataaaaaattaaaaaataaaaaaacatttgaaccagcctaa
aaaagaccctacaggaactacagcctcaacaatgcgacttccacaaacaacacaggcctcagacattata
ctaaaaaaacaaaagtctaagccaaataatttattcatttttaattctctcactttgcctactacctata
cctgctacactgtattaagctcgtatcttaaatccgcctttcttctgccctgttactttaacaaacaccc
ccttctcagcttctaataacataactgcttagctagaataaattaacatacccccagtggggttcctcat
taataacatatagtaaactaagatgccaagtaacactacaggtcactcttttactaaaaaaaaaagttac
taattatactcatgtttgtcttctgttatttactaatcctagaatacaaagccaaaataaaaacagtgac
ctcctcgcctaacaaacctgtggctacaacagcccaaaattatacctattgggcatgtgtcccattcctg
cctttaattaggcctgtcacatggttaaaacccccagttgaagtttatgttaataatagcgtttggatcc
ctaagcctacaaatactcatgggccctctcacccaaaggaaaaaaaaaaaagttaataaatgtgtccata
ggttatcagttcccccctctttacataaggccaactatcggttgcctaaaaggctaccgacaacattgac
tagttaaaattccaggtcataatcaaagaccagtatcctatcatttattttctggatggagcccggatca
ttcacagagttcaattcaattaacagtttaagcccccaaaaaagaggtgccaacaaccttaacaatggtc
aaataatttaaaaatattaattaaaaaaaattacatctctgatcacactatggtactacaaaataattcc
tatgaaattgtcattaattggtcccctgaggggacctttacagttaattgtacccatcaaaataataaat
acaagacaaaactaaaacagaaactatactatcaaaaaggtaacactacttacactgaaaaacgtgctca
ttttcccataatttggaccaattttagtacagctggcccacatcccaaaataattaatccaataataggc
cctaaacactccaaattatgaaagttaataatggcccaatctcatatttaagtttagaaaaaaatatatt
atctttaaaaaaaaaaggttaaaaacttcaatttgcgtatcagttttcttccaacaaaacagtgcccatt
cagagttgtgtcaaccctccttttatgttaatggtcaaaaatattgacattcgacctaattctcaaacta
ttacttgtcaaaactgtcaccttttcacctgtattaattccacgttcggtgtaaaaacatctgtgttact
gataaaaactaagaaaggagtttggatactggtttccctcaatagaccttagaaagcctctccttccatt
catattgtcacaaaaatgttttaaaaaaaagtgtttaccaaaacaaagagatttatttttacccttataa
cagtcttatgggccttattgcagtcacagctactgctgcggctgctggaattgctttacactcctctgtt
caaactacaaaatatataaatagttaacaaaaaattcctcaaaattgtggaattctcagacccaaataga
ccaacaattgacaaatcaaacaaatgatcttagacagactgttatttaaatggaagatcgtacaataaac
ttaaaacatcaattagaagtacaatgtaattgaaatacttccaatttctacataactccccattcgtata
atactactaaacatcatttttaaaaagttagacatcatctaaaagaaaaaaataaaaatttaacattaaa
tataaccaaattttaaaaaaacaggtttttaaagcatctcaggctcatttaaccctcctgcctgagactg
acattctcattggagctactgacggactttcaaatataaatcctcttaaacagattaagaccattaaagg
atcaactattacaaattttactttaatgtgtatctgtttatgctgtttacttttagtctacagatgcaaa
agacacttctgaaaacagaccaaacaccacaaataagccataatagcaatagcggttaaaaaaaaaaaaa
gggaggggggca
>RMER2   Medium reiteration frequency repeat.
ttggcttgggtttcttttggggggcaacttggaaactaatgctaggtaccagcctgttagtttacctgag
ttcaaacttaggtcaggttctctaaaatggagtctgaatttaaaagactcggcatcccaa
>HERVL   Internal part of endogenous retroviral element HERV-L.
aattttggtaccaggagtgattctagaggaacagaatattaaggattgagttatttcgttggtttagggg
tttctagatttggctgcttagtatgattagacccaaaaatgctgaagactctacttctaatagtatgggg
aaacactgatagtccttggtgtgaactgtttagagaattatgcaaaataaatgcatgtggcacttttgat
tctctgttcatgaaaggcaagatgtttagtgactctgtgtgtaatacctttgactatatgtggagaacca
tgaataaagttggttgtttgctcataagttcactggacaaagtgatgaaagaaaatgatgaactcaggga
ttctaactcccagcttcagaagcagatacagagcctcaaatcttcgaagattgccctgagcgaaagtcct
atctcctgtagaaaaaagagctgaaattgtggaaaaacagacacaagctcttataatgcaagtggctgac
ctacaatgaaaggtgcttgcacagcctcgccaggtgtctactgttgaagtgagggaattcattgggaaag
aatgagaccctgaaacttggaatggggacatgtgggagaacctgatgaagctggggacactgagcatgta
aactctgatgaacctttttttttccagaagaaacagcttccgtatctcctgtagtggcaacatttccttc
ctgacctatgttgccatcagtctttccacctttgtctgaggacataaaccctgagctatctgtggctaca
gtgagggactcccctgaggctgttgccaggcaatataatgttgattctcctcaggacccactctcaacac
ccctgtttgcttttagacctatacctagactaaagtcctcctgggcccctagaagtgagattcacagtgt
gacccatgaggatttacactacacttggaaagaacccttgagttttctaatttatatgagcagaaatctg
gagaacaggcatgggaatggatattaagggtgtgggataatggtagaagaaacatagaattggatcaagc
tgaatttattgacttgggcccactaagtagggattatgcatttaatgttacagctcagagagttaaaaaa
ggttctaatagtttatttgcttgattagttgaaatatggattaaaagatggcccactgtgtgcaagctgg
aaatgccagatctcccttggtttaatgtagaggaagggatccaaaggcttagagagattgggatgttgga
gtggattagtcactttagacttactcatcccagctgagaagttccaaaagataaacccctgaccaatgct
tcgcaaaacagatttgtgagggcagcacctgcatctttgaagagccccgtaatcactcttctctgtctgt
cagatctaatcatgggaactacagtcactcaactgcaaaatttaaatacaatgggaataattggaccctg
aggtgacaggggccaagtggccacagtcaatcttcaaaggcaaggtgggcatagctaccataatagacag
cagaggcaaagcagcaatcagaatagtctgacttgtgtagagctctgacattagaaaattaatcatggtg
ttcctagaagtgaaattgataggaagcctacagcattcctacttaatttatataagcagaaaccttccag
gttgagtggacaaaatactaactcgaattataaaaacagagaatcatggcccctcaatcaatttccagac
tttagccaattcacagacccagaaactcttgaatgaaggggaggccatgttcccttgaggaaggacccca
ctacaccactgacaatttatgctgttaatatttctcccacccttacccaaggagacctccagccttttgc
ctggttaactgtgcattggggaaagggaaatgatcagacatttcagagactactgaacactgcctctgag
ctgatattcatttcagggtactcaaaatgtcactgtggtcctccagttaaagtaggggcttatggaagtc
aggtaattaatggagttatggctcaggtctgacttacagcaggtccagtgggtccctggactcatcctgt
gttcattttcccagtgccagaatgcataattggcattgtcatacttagaggctggcagaacccccacatt
gattctgtgactggtaaggtgagggctattatggtgggaaaggccaaatggaagccattggagctgcctt
tacctaggaaaatagtaaatccaaaaacattatcaccaccctggagggattgcagagattagtgccacca
tcaaggacttgaaaaatgcaggggtggtgattcccataacatccttgttcaactctcctttttggcctgt
gcagaagacagatggatcttggagaatgagagtggattatcataagcttaaccaagtggtgactccaatt
gcagctgctatacaagatgtggtttcattgctcaagcaaattaatacatctcctggtaccttgtatgcag
ccattgacttggcaaatggccttttacccattccataagccccaccagaagcaatttgccttcagctggc
aaggccagcaatgtatctttactgtcctacttcaggggtatatcaactctccggctttgtgtcataatct
tattcagagtgatcttgatcacttttcactgccacaagatatcacactggtccattacattgatggcatt
atgttgattggatccaatgagcaagaagtagcaaacacactggacttattggtgagacatttgcatgcca
taggatgggaaataaatccaaataaaattcacgcaccctctacctcagtaaaatttctagggtccagtgg
tgtggggcctgtcgagatattcctttaaagggaaggataaattgctgcatttggcacctcctacagccaa
gaaagagacacatcgcctagtggacctatttggattttggagacaacacatttcttatttgggtgtgcta
ttccagcccatttatccagtgacacaaaaggctgccggttttgagtggagtccagaacagaaggctctgc
aacgggtccaggctgctgtgcaagctactctgccacttggaccacatgacccagcagatccaacggtgct
tgaggtttcagtggcagacagtgatgctgtttggacctctggcaggccctcacaggtaaatcacagtgga
ggcctctaggattttggagcaaggccctgccatcttctgcagataactactctcctgagagacagcactt
ttcctgttattgggctttggtggaaactgagtgtttgactatgggtcatcaagtcactatgtgacctgaa
ctgcctgtcataaactgaatgctttaagacccatctagtcataaagtgggtcatgcacagcagcattcaa
tcatcaaattgatgtagtatatatgtgattgcgctcatgcaggtcctgaaggcacaagtaagttacataa
ggaagtgtctcaaatgcccatggtctccactcctgccaccctgccttctctcccccagcctgaactgagg
gcctcatcgggagttccctatgatcagttgacaagagtaagagaagactagggcctggttcacagatggt
tctgcacaatatgcaggcaccacctgaaagtggacagctacagcactatggcccctttctaggacatccc
tgaaggacagtgatgaagggaaatcgtcccagtaggcagaacttcgagcagtgaacctggctgtgcactt
tgcatggaagaagaaatggccagatgtgcgattatatactgatccataggctgtagccaatggtttggct
ggttgaacagggacttggaagaagcataattggaaaattggtgacaaagacatttggggaagaggtatgt
ggatggacctctctgattgctcaaagactatgaagatatttgtatcccacgtgagtgctcaccagcaggt
ggtctcagcagaggaggattttaataatcaagtggataggatgacctgttctgttgacaccattcagcct
ctttccccagccgctgctgtcattgcctaatgggctcaggaacaaagtggccacagttgcagggatggag
gttactcatgggcccagcaacatggaattcactcaccaaggctgacctggctatggccactgctgagtgc
ccaatttgccagcagcagagaccaacactgagacctcaatatggcaccattcctcagggtgatcagccag
ctacctggtggcaggttgattatattggacctcttccatcatggaaaaggcagaggtttgtcctcactgg
aatagacacttactttagatatgggcttgcctattctgtgtgcaatgcttctgccaagactaccatccat
ggactcagggaatgccttatccaccatcatggtattccacacagaattgcctctaaccaaggcactcaca
ttatggctaaagaaatgtggcagtggactcatgctcatggaattcactggtcttaccatgttccccatta
tcttgaagcaactagattgatagaacggtggaatggcctcttgaagtcacaattacattgtcaactaggt
gacaatactttgcagggctggggcaaagttctccagaaggccgtgtatgctctgaatcagcatccaatat
acggtactctttctcccatagccaggattcatcaaggggtggaagtggaagtggcaccactcaccatcac
ccctagagatccactagcaaaatttttgtttcctgttcccccgacattatgttctgctggcctagaggtc
ttagtcccagatggaggaatgcttgccacgaggagacacaacaacgattccattaaagtggaagttaaga
ttgccacctggacactttgggctcctcctacctttaagtcaacaggctaagaagggagttacagtgttgg
ctggggtgattgaccaagactgtcaagaagaaatcaatttgctactccacaacggaggtaaggaagagta
tgaatggaatccaggagatccattagtgcatctcttaatattatcctgtgattatattactcttaatact
gccctgtgattaaggtcaatgggaaattacagcccaattcaggcaggacttcaaatggcccagacccttc
aaaaaattaaggtttgggtcactccaccaggaaaaaacacaaaaacaaaaaatgtgacctgctgagctgc
ttgctgaaggcaaatggaatacagaatgggtagtagaagaagttagtcatcaataccagctatgatcacg
tgaccagttgcagaaacaaggactgtaattatcatgagtatttcctccttcttttgttaacatgtactaa
gaaaatatcttcgatttattgtagttgcaccaagaaaatatcttcggtttatttcattttcctttactat
gtaacataagatttactgacttcatatcagcatttaagtattgttacctttatataatagcatttgggtt
ggggattgatacatttccggttgtacaaaggatagttgtattatattaggcatagttatgaccttatgac
tgtctttatttgaagattatatatgatctcaggagatgtgtacgggttcatgttgacaaggggtggact
>MER2   Nonautonomous DNA transposon
cagtcgyccctccgtatccgtgygttccacatccgtggattcaaccaaccgcggatcgaaaatattcagg
yaaaaaattgyatggttgcgtctgtactgaacatgtacagacttttttncttgtcattattccctaaaca
atacagtataacaactatttacatagcatttacattgtattaggtattataagtaatctagagatgattt
aaagtatacgggaggatgtgcgtaggttatatgcaaatactacgccattttatatcagggacttgagcat
ccgcggattttggtatctgcggggggtcctggaaccaatcccccacggataccgagggatyactg
>MER31   a consensus.
caccctgcgtatctgaycaggttcctcartctccgccgtcccccaggtaatgtttgrtcacctggcctgc
cttcagctagaatcctrttaggtcagtttagcagaatctccttactcctgatgtttcctcttrgtaattt
tccatccactgcccccgyactctgctcyttggctataaatccccacttgtccttgctrtattcggagttg
agyccaatctctctcccctaccgyaagacyccattgcagtggtccctgtayctrtcgnratggtcctgaa
taaagtctkccttaccatgctttaacaagtrtyattgaawaatttttttt
>HERVS71   Internal sequence of endogenous retrovirus HERVS71.
ggatccaaaatagccaccctgcagacggccttgctcaccttttctgtcatcccataacttttccagtgcc
cttaaataacacactatgtacacaaacctatgcctgtgctgctttactctgtctggacccttattctatc
cccctgtggctactctcctaccttaggaaagatctgagtggcccctttcctccttacccccatcccttaa
cccacacagctcgttttcctgtgtcacagcaagtccagcacctccaagacttggctctgctctccatcct
aaaacccttaaaagaaagggctgagtttgaactttttgcctttgagtcggggagacaccaaagatatttg
gctataagtcaaaaaggaaggggggggtcacataggtcccactggcctcagacccacctcttgtcctctc
tctagatctcaaagcttaaagagacagatcttatgtggcaagaaatgttggctatagttgttttcctact
tcttctggttataatacttctgttcttccaatactacagccccccaggccatgaatatctctgtctgtgc
tgggtttaatatttctgcttaaaccttgttaattgcctccagaatgggaaactcttcttcctggccccgt
agagattacagccctctccaatgtatgttgcagaatttctctctgggttctcagaggattacggagtcca
ccttaagaaaggcaaactccagacactctgtgaagtagaatggccacagtttggaactgggtggcaccag
aagggtcattaaacctcacaactgttcaggctgtgtggcgggtcatggctggaactcccggacaccctga
tcagtttccttacattgatcaatggctagatttggtccagagccctcctccatggctccgctcacgtgcc
attcatgatcccacctccaaggtccttttgagctggaccacacttttgccccaaccctcacgtcggctcc
tcctgtacagtctccttctgaagaagaggaaagttctcttcacccatttctgcctccctataacctcctg
cccaccccccccccccgccccagaatatttccttgtctcctcgactacatcccctgtggcctctccacct
atagccacccaattacggcatcggctggagaggtggccctccttctcccactgacagaggcccaaatcct
ctgggcaatgaggctctgctccatttttagtttatgtccccttctctgtttctgacctgtacaactggaa
ggctcataatcccccccttttctgaaaagccccaggtcttgacctcactgatggagtccgtgctccggaa
tcaccggcccacctgggatgactgtcagcaacttcttttaacccttttcacctctgaagagagggaccat
atccgaagaaaggtcagaaagtatttcctcacatcagctggtagaccagaggaggaagcccgggacctcc
ttgaggagacttttccctctacctggcctgattgggatacaaaatcctcgggtgggaagagagctttgga
taattttcactggtatgtccttgtgggtatcaagggagccactcaaaaacccatgaatctgtccaagaca
actgaagctgtccaggggcctaatgagtcaccaggagtgtttctagaacgcctcctggaggcctatcaga
tttacaccccttttgacccggaggctcccgagaatagccgtgctattaatttggcatttgtgactcaggt
agcccctgatattataagaaaattacaaaagctggaaggatttgctggaatgaacagcagccaacttttc
aaatagcccagaaagtttttgacaattgagagtttgaaaggcaaaaacaggtagctcaggcagctgaaaa
ggctgctgacaaagcatcaaaaagacaggcaaagatcttagtggctgccatccaaggaagcaagaaggca
gggcccccatcacagagcaccagccaggggaccccaggtccccaccagaaaggccaaaaaggtgagcagg
ctcccctacaaagaaaccaatgtgcttattgcaaacaaattggacacaggaaaaaagaatgctcattaaa
accagaggaaaaacaagagaagaaaaaggtcctcaccctccctgctgtggatgaatctgaagattgacag
ggccggggctgccacttccttcacccccaggagcccttggtgactgccacagtgggggcccagcctgtat
gcttcctaatcgacactggggcggaagacttggtactgcaaacacccttgggcagtgtctctaataaaaa
ggtggctgtgcaagggacttcataagcttcataagctgcaggcatccatctccttctcagcccaataagc
tcacctcacattaggggacccaacaccctctaccacccagctcctgctaaccacccctttgtcagaggaa
tatctcttagtttcaccctcacaaccgctggagaataaaactaatcctctcctactggatttacagactc
tctttcctcaagtctgggccaagtcaaacccccccaggactggcaaagcaccatctgccagtagttgtag
aactcctggccactgccctgccagtccaggtaaaacaatatcctatgagtcagtgggctagagagggaat
caatccccatattcagtctgcctggaatactccatttttgctggtccagaaacctggaacaaatgattac
cggcctgtacaggacttgcaggaagttaacaagtggacagtcactgtccatccaactgtccctaaccctt
atattttactcggcctgcttccaccagaacatacagcatacactgttcttgacttaaaggatgctttctt
tgctattcctctggcccctaaaagccaacctatatttgcttctgaatggatggaccctggctcaggagac
accactcaattaacctggacttggttaccccagggtttaaaaaattcccccaccctttttggggaagccc
tccaacaagatcttataccgttctgagccagtcaccctaactgcacgcttctccagtacatagacgacct
gtttttggctactgaaaccactgacagctgcctgcaacatactagggacctactttacctccttcaggaa
ctcgggtattgggtctcagccaagaaggcccagctttgtcttcccagacttttctacctaggatacaaga
taaacaagggagaaagggcacttgccactgctcgaaaggaagccatcctgcaaatccccactcccaccac
taggagatgggtacatgaattcttaggggctgtgggatactgtcgtttatggatattggggttcgcagaa
atcaccaagcccctgtacaccactaccagagggaatggcccacatgtttggactgacaaagaacaggctt
ttcaaaatctaaagaaggcattaactgaggtccctgctcttgccctcccaaatatctcagaaccatttca
tctttttgttcatgaaagccagggagtcactaaaggggtactcactcaaactttaggaccatggtgatgc
ccggtggcctatttgtctaagatactggaccctgtggctccgggtgaccaagttgtctgtgagccatagc
ggcaaaagcaagcctggtccaggaggctgataaactgactctgggccagaatttaacccttatggctcct
catgccatagagactttgctacaaaggcgctctggcaaatggatgtcgaatgctcacatcctgcagtatc
agagtttactgttagatcagccttggttaactttctctcccacaaggtgtttaaatccagctacctttct
ccctgatccagaccttaccacacctgtccatgactgccaagaactgttagagactacataaactggccga
cctgatctccaagatgtgcctctaaaggaggtggactccactctgtttactgacagcagcagcttccttg
aacagggagtaggaaaggctggtgcagccgttactatggagacagatgtactgtgggcccaggcactgcc
ggcaggtacctcagcacagaaggctgaattggtcaccttcactcaggctctctgatggggtaaggacaaa
cgtattaacatctacactgacagcaggtatgtttttcctactgtacatgtacacaaagccatctatcaag
agtgagggctactcaccaggaaagactattaaaaacaaagaagaaattttggccctgcttgaagctgttt
ggcttcctccgcaggtggctgtaattcactgcaaatgtcatcaaacagaaggcatggctattgcctgtgg
taaccaaaaagcaggctctgcagctcgagaggcagcttggctcccagtcacgcctttgaccctgctgccc
actgtgtcctttccgcaacctgacctaccagaccacccacaatactccccagaggaagaaaaacaagctt
cagatctttgggccagtaaatatcaggaaggtttggtggattcttcctgattccagaatctttattgccc
caagtcccctgggaaactttaatcaatcatctgcattctgccacccatttgggaggaataaaactggccc
agcttcttaggagccatttcaacatcccccaccttcaggacttaactaaccaagcagctctctggtgtat
ggattgtgctcaggtaaacaccaaacaaggtcctaagcccagctcagtccaccctccagggaggctctcc
ccgagaaaggtgggaagttgactttacagaaataaaaccacactgggcagggtataaatacctcctagtg
ctaatagacaccttttcgggatggactaaggcatttaccactggaaacgaaactgccaccatggtagtta
ggcttttactcattaaaatcatctctcaacatgggctgcctgttgccatagggtctgataatggaccagc
cttcacctcgtccatggctcagtcagtcagcaaggcattaaacattaaatggaaactccattgcacctat
tgaccccagagctctggacaggtagaacgcatgaaccacacaataaaaagtactcttactaagttaatcc
tagagaccagtgagaattgggtaaagctccttcctttagcccttcttagagtaagatacaccacttactg
ggctgggttttcaccttttgaaatcatgtatggaagggctcctctatcttgcctaagctaagggatacca
atttagcagaaatctcacaagctaatttgttcagtacctgcagtctctccaacaggtatgagacaccatc
cagccacttgtccagggagcacactccaatccagttcctgaccagactggccctgccactttttccagcc
aggtgacttagtataggttaaaaagttccagaaggaaggattcactcctgcctgaaaaggacctcatact
gtcatcctcaccacgccgatggctctgaaag
>L1ME_ORF2   L1ME LINE1 repetitive element - a consensus.
atggcagacntaaancctaacatatcaatrmttacattaaatgtaaatggattaaacactccaatcaaaa
gatacagattgtcagagtggataaaaaaacaacacccaacaatatacwgcctatmagagacacaccttaa
atataaagacacasataggttgaaartaaaagaatggaaaaagatataccatgcaaatwgtaaccaagag
aaagccggagtggctatattaatatcagacaaagtagactttaaaccaagaaatattactagagataaag
agggacatttcataatgataaaagggtcaatctatcagaaagacataataattataaatgtatatgcacc
taataacagagcctcaaaatacatgaagcaaaaactgacagaactgaagggggaaatagacaaatccaca
attatagttggagacttcaacatccctctctcagtaattgayagaacaactagacagaatatcagtaaag
aagtagaggatttraacaacactataaamcaantagacctaaytgacatttatagaacactntacccaac
aacagcagaatacacattcttttcaagtgcacatggaatattcaccaagatagaccatatgctgggccat
aaaacaagyctcaawaaatttcaaaagactgaaattwtannaagtatgttttctgaccacartggaatta
aattagaaatcaataacaraaggacatttagaaaatcyccaaatatttggaaattaaacaatacacttct
aaataaccmataggtcaaagaagaaatcacaakggaaattaraaaatattttgaaatgaatgayaatgaa
aatacaacatatcaaaacttgtgggatgcagctaaagcagtacttagagggaaatttatagcattaaatg
cctacattaaraaataggaaagatckaaaattaatgatntaactttgtacctcaagaaactagaaaaaga
agagcaaantaaacccaaagtaaawanaagaaaggaaataataaagataaaagcagaaatnaataarata
gaaatargaaaataanannngaaaatcaacgaaaccaaaagttgkttctttgaaaagattrataaaattg
ataaacctctagcaagactgacaaagaagaaaatagacaagatacaaataaacgcaatcaggaatgaaag
aggagacatcactacagatcccatggaaattaaaagaataataagagantantatgaacaattatatgcc
aacaaatttgataacttagangaaatagataaattcctngaaacatacaaactaccaaaactgactcaaa
aagaaatagaaaatctgaacagccctataatnattaaggaaattaaatcagtaataaaaaanctcccnac
aaagaaaantccaggaccagatggcttcactgctgaattctaccaaacatttaaagaagaattaacacca
attcttcacaatttcttccaaaaaatagaagargagggaacacttcccaactcattttatgaggccagca
ttaccctgataccaaaaccagataaagacattacaanaaaagaaaactacagaccaatatttctcatgna
catagatgcaaaaatcctcaacaaaatactagcaaaccaaatccaacagcacatgaaaaggattatacac
catgaccaagtgggatttatcccagggatgcaaggctggtttaacatayaaaaatcaaycaatgtgatwc
actacatyaacagrntaaaggagaaaaatcatatgatcatctcaatagatgcagaaaaagcatttgacaa
aattcaacatccattcatgataaaaactctcaataaactaggaatagaaaggaacttcctcaanataata
aaggnmatatatgacaaacctacagctaacatcatacttaatggtgaaaaactgaaagcwtttcccctaa
gatcaggaanaagacaaggatgtctactctcaccatttctattcaacattgtactggaagtcctagccag
tgcaataaggcaagagaaagaaataaaaggcatacagattggaaaggaagaagtaaaactgtctttattk
gcagatgacatgattttntatatagaaaatyctaaagaatccacaaaaaaacwactagaactaataaata
aatttagcaagntcncaggatacaaggtcaatatacaaaaatcaattgtatttctatatactagcaacga
acaatntgaaaatgaaattaagaaaacaatwccatttacaatagcatcaaaaaaataaaatacttaggaa
taaatttaacaaaatayatrcaagacttgtacgctgaaaactacaaaacattgatgaaagaaattwaaga
agacctaaataaatggagagatataccatgttcatggattggaagactcaatattgttaagatgkcaata
ctccccaaattgatctatagattcaatacaatcccaatcaaaatcccaatggttttttttgtagaaattg
acaarctgattctaaaatttatatggaaatgcaaaggatccagaatagccaaaacaattttgagaaagaa
gaacaaagttggaggactcacattacctgatttcaaaacttactayaaagctacagtaatcaagacagtg
tggtattggtataaggatagacatatagatcaatggaacagaatagagaacccagaaatagacccacaca
tatatggtcaaytaatttttgacaaaggtgccaaggcaattcaatggggaaagaatagtcttttcaacaa
atggtgctggaacaactggatatccatatgcaaaaaaatgaasttmgacccctacctcacaccatataca
aaaattaactcaaaatggatyatagacctaaatgtaaaanctaaaactataaaactyttagaagaaaaca
taggagaaaatcttcgtgaccttgggytaggcaawgatttcttagatatgacacmaaaagcacaagcaac
aaaaggaaaaattgataaattggacttcatcaaaattaaaaacttctgctcttcaaaagacacyatcaag
aaaatgaaaagacaagccacagactgggagaaaatatttgcaaawcatatatctgacaaaggacttgtat
ccagaatatataaagaactcttacaactcaataataaaaagacaaataacccaattaaaaaatgggcaaa
ggayttgaacagacatttcwccagagaagatatacaaatggccaataagcacatgaaaagatgctcaaca
tca
>L1MD_5   Partial L1MD LINE1 repetitive element 5' end - a consensus.
ttaaaaacaaagcgggagacttccgcttccgggaagatggagtagacgtacttttccctattcctcccgc
taagtacaactaaaaaccctggacattatatataaaacaaacataagaagactctgaaaggtggagagaa
gaaggcagaccggctagggacctcgggacccgaggaacgacacggtagtgagttccctgggttttctttt
tgcctcatatatcccagacttggagctgaagaagccggcaacccggaaacgccaacgggcacagacaaaa
aaagccccaacaaaagcctgctctctctagccaaaggaccaggaaaggggcagcctagcaagacagaaaa
cttttagacaataaccgctctactccagccaaacaccacagaaaaaactgtggccccacccccacccacg
ccagcaaaggccgagtggggagcctagacttccaccctcaccaggctgtaacgaggcgccccaacacctc
caccgggatggtgtcagagaaggccaagtagggagctgggactttcatccccgccaggcggtaatgaggc
ccmccttccccttgccmctgcggtgtcagtggagaccacgtggggagcctggacttccacccccacccgg
cagtaatgaggcgcccctccccctccctactggggtggtgtcagaggaggcctagtggagagtcgggact
ttcaccaccgcccagcggtaatgaagccacctcctcctcttgccmccatggtgtcagtggaggccacgtg
gggagcagtaatgaggcactcctacccctcccagccagggaggtatcagcggaggcctagtggggagccg
aactcccacccccgcccagcagtaacgaggagcccctccctcacctcgggtgtcaacggaggccgagtgg
ggaacctggacttctacccccacctggcagtaatgaggcagcgcccctncccctcycctgccggagcggt
gtcagaggaagccggctaaaacagaaggtttaaataagatccagagtctcataacataatacccaaaatg
tccaggtttcaatcgaaaatcactcgtcataccaagaaccaggaaratctcaaactgaatgagaaaagac
aatcaatagacgccaacaccgagatgacagagatgttagaattatctgacaaagattttaaagcagccat
cataaaaaatgcttcaataagcaattacgaacgtgcttgaaacaagaraaaagtagaaagcctcagcaaa
gaaatagaaagtctcagcaaagaaatagaagatataaagaagaaccaaatggaaattttagaactgaaaa
atacaataaccgaaataaaaanctcaatgratgggctcaatagcagaatggaggggacagaggaaagaac
cagtgaacttgaagatagagcaacagaaattacccattctgaacaatagagagaaaatagattggaaaaa
aaaatggacagagcctcagggacctgtgggactataacaaaagatctaacattcgtgtcatcggagtccc
agaggagaggaaaaagagrrtagtatttgaagaaataatggctgaaaatttcccaaatttggca
>MER21B   a consensus.
tcaacacacaacacttctgtcaccaaacgtgtggrrrtttttccccacacacaaacaaktcttcagttct
gcggcggacaccarctgggtgtcctccaattcarttcagttctgacactawctacctrgagatagcgtca
gatcccacaggtttaagggctcagtcccacaagactgcccccacttcagatrccagtcgcaagtctrggt
tktcacccgtacttctgaccaactggctataaattgttcccacgacccctctttaggttcgattaatttg
ctagaatrgctcacaraactcagggaaacacttatatttaycggtttattataaaggatattacaaagga
tacagatgaacaaccagatgaagagatrcatagggcgaggtmtgggagagtccngggnncaggagcttcc
gtgccctctctggstnnrccaccttccwggcacctccacgtgttcaccaacccggaagctctccgaaccc
tgtccttttgggtttttatggaggcttcattacgtaggcatgaytgattacatcantggccattgattat
caactcaacctycagcycctctccyctccccagaggttggagggtggggctgaaagttccaaccytctaa
tctgccttggtctttctrgcgaccagcycccatccwgragcntnctaggggctgcccrccakgagtcgmc
tcattagmacaaaagrncrtynctattacccaggarattccaagggttttaggagytctgtgtcaggaac
cggggtcaaagaccaaatattagat
>MER74A   MER74 repetitive element - a consensus.
tgtattaaccatgttttttattttctgtattcttgatgctttgacatctggggccttgctgaccctggag
ggactgcccctcccagggctagccaattcctagagatagcaaacgactcgcctgggagcgcgcctttcat
atgcaaaccaaccaatccagagcccacacccccaaccacctcctttatcgggctctcacactctgggcca
ctatccccctgccctaatcaccccagggccaggtaccagacaactagggacagcccctataccccagagc
ccgctgaaattattcaaactagccaatcctaagcctgcttaccctgccttgcccattccttcccatggaa
accacaataaaggctcttgcccacgttttcccgtcgctccctctgcctcctgaccgaccctggtgcttcc
ccgtgtggccccccgtggcgtggcgtgcccccttctcttgggawctgtgagtaacaaactatcttttcaa
tggcagtcgtctcctgatctgttggccttaccatacctgaataataataaaacctacattttaaaaca
>MER77   MER77 repetitive element - a consensus.
actacggggggaggtgtcaaattcaaaggtctccaagacmaccctcctgtttartgattcgctagaagga
ctcacagaactcagaaaagccgttatactcacagttacggtttattacagtgaaaggatacagattaaag
tcagcaaagggraaaggcacataggncagngtccaagagarmcaggcacgrgcttccagttgtcctctcc
cggcggagtcgtrcgggcagcgcttaattctcccagcaacgrtgtgtgacagcacgcatgaagtattgcc
aaccagggaagctcacccgagccttggtgtccagagtttttrttgggggtcggtnanataggcatggntg
accccgcagcatggctgaccttggtcttctcaggcttgagccncccaagcatggctgacctnagttactc
agtctycagcccctccagargtcarryaccgtgtagcctaaggcccccaccataaatcacattgttagca
trractgtccggtatggcccaaggccytcgcagataaacaaagayactyttatcaggcaggacattccaa
gggcttagaggttatctcccarrgcctgaggataamcgagggccaganctttctttgggcaaggttaatc
ctttactgyayaagaccaca
>MER102   Interspersed repeat MER102 - a consensus.
gggttgcaaactcaaatgcctacaggggccaggcaggtaacataaatgagtgaagtgggccaggtgggga
ctgtggcaaactggagagcacatgccctgtctaaagggggcagcagctgctactcagctccagccaattg
ttgccatgtgggaatgtaggcccagtgttgccagatcttctgatttttcaagagaagccagaaatctaga
tttttatgtgaaatctcctgatttttaaatgttggcaactaatttaaaatttttawaaaacactgtgtag
gccaaacaaaacatatctgtgggccagatttagcccatrggctgccagtttg
>MER97   MER97 repetitive element - a consensus.
caggcagtcctcgctttgcacggttccgatatgcatgaatttcagttaccacggtttagttaaataacac
cagtcccccaacaacacggttcaaatttcagttaccacggtatattaactgtgagtaattgcataaagta
caaacttcgctgctagctcttcagtccacaaatcactacataaataacagatgcgcatcatgatcagtga
ccaatcacatcacttctttcaaagtctgtcggtgattggtcactgtgcatctgttattcagttcatgcac
agacagcaaagcgtgtagttgtgttgcctccttgtctcccagtgataaacccacgtgacattttacaaaa
atggataatcgaaagagggaattggccaacaaagatgaaagtgcagcaaagaaacgaaaagtgataatgc
tggaagtgaaattcgaatcaaacgtaaatggagttatagaagaaatagctgaccgtgggaatgttgacac
tgccgccatttgagagactctagatatgcagccagaggaacttagtgaaggcgaacttatcgacataaat
gaggaaagtggttgtgacgaaaaggatgaagatgtcccagaggaagtgacgccagcaaaaaacttcacat
taaaggaactcttggagatatttcacgacattgaaagcgcaaaggataaaatgttggaagctgatccaaa
cttagaaaggagtatgacaatttgccaaggcatagaaaagatgcttactccgtatcgtaagttatataaa
gaagaagaaggcaagcactgttcaaactactcttgataagttttttttggtttgttttgataagtttttt
tacaaagaaataaaacactttaattctcaatgtttctaatgttttaaattatagtgtactaaataaatat
tagttttattatttttttcattccctatacatttataaccgacggtaagagagtttttaatgtttttgac
aaaaatttttaaaggtcacggaacaattataattttcccattgattattaagatcgctttgcatggtttc
agcttgcatggtcatttttacggtcccgtactaccgtgcaaagcgaggactgcctg
>L1M3_5   L1M3/4 LINE1 repetitive element 5' end - a consensus.
agagcaagatggcagaacagaatgctcnaacaattgcccccatyctryyccnccacaggaacaccaaatt
gaacaactatctacacaaaawagcaccttcataagaaccaaaaatcanntaagcgatcacagtacctggt
tttaacttcatatnactgaaagaggcactgaagagggtaggaaagacagtcttgaatcgccaacgccgcc
cctcccccatcccccggcagtggccgcacggcacggagagagaatccgcgcacttgggngagggagagcg
cagcgattgtgggactttgcgttggaantcagtgctgccctgtcanagcggaaagcaacancgggcagaa
ctcagccggcgctcatagagggancatttagaccagccctagncagaggggaatcacccatcccagcggt
cggaacctaagttccggcaagcctcgccaccgtgggctaaagtgcnntagggtcctaaataaacttgaaa
ggcagtctaggccacaaggactgcaattcctgggcaagtcctggtgctgtgccgagctaagagtcagtgg
acttagggggcacacgacctagtgagacacyagccggggtggccaagggantgcttgcgccacccyctcc
cycaacnccaggcagcacaactcgcagctccgggagagactccttccctccgcttnaggagaggagaggg
aagagtaaagaggactttntcttgcaantcggataccagctcagccatagtaggatagggcaccgagcag
agtnnwgaggycccnattctaggccctagctcccggatgacatttctaaacacaccctgggccagaaggg
aanctgctgccttaaagggaagganccagtcctagcaggantcatcacctgctgactaaagagcccttgg
gccctgaataatcagcagcgatacccaggttagyactcgccgtaggccttgggtgagantctgagacgtg
ctggnttcaggtgtgacncagcacattcccagctgtggtggctacggggagagactccttctgcttgaga
aaaggagagggaanagtaaaggggactttgtcttgcagcttagntaccagcttggccacagtggagtaga
gcaccaagcgggctcttagggtccccgattccaggccttggctgttggatggcatttctggacctgccct
gggccagaggagagcccactgccctgaagggagagtctcaggcctggcagcattcaccgcaagctgacag
aagagtccttgggctttaagtgaacattkgcgrtagycaggcagtacttnctgtgggcctgcggcggtgg
tngccatagggagagnctcctctgcttgtngaaaggggagggaagagtgggaagaactttgtcttgtggc
ttgagtgccagctcagccgcagtagaacagagcaccgggtagatttctaaggtttccgactccaggccct
ggctcctggatagcatcyctggacgtgcccggggccagagagaactcaccaccctgaagggaaggataca
agnctggctggctttaccacctgctgattgtagagtcccggggccttgagcgaacataagcagcggccag
gcagtggttactgcgggccttgggcgagacccagtgctgtgctggcttcaggtctgaccyagtacagtcy
cagtgrtggtggccacaggggtgcttgtgtcacccctccyccagctccaggcagctcagcacagagagag
agacngagtttgtttgrgggaaagtaarggaagagaacaagagtctctgcctggtaatccagrgaattct
tccagatcttatccaagaccacnaaggcagtacctctacgagtctgcaagagccacagtattactgggct
tggggtgccccctaatgcagatacggccgcagtgacaaaaaacttagatcacaacacycaagtcccttca
aatacctggaaagcyttcccaagaaggacgggtacaaacaagcccagactgtgaagactacaataaatac
ctaactcttcaatgcccagacacagacaaacatctacaagcatcaacaccatccaggaaaacatgacctc
accaaatgaactaaataaggcaccagggaccaatcccggagaracagagatatgtgacctttcagacaga
gaattcaaaatagctgttttgaggaaactcaangaaattcaagataacacagasaaggaattcagaatyc
tatcagataaatttaacaaagagattgaaataattaaaaagaatcaagcagaaattctggagctgaaaaa
tgcaattgacatactgaagaatgcatcagagtytcttaacagcagaattgatcargcagaagaaagaatt
agtgagcttgaagacaggctatttgaaaatacgcngycagaggagacaaaagaaaaaagaaaanaatgaa
gcatgcctacaagatctagaaaatagcctcaaaagggcaaatctaagagttagtgaccttaaanaggagg
tagagagagagataggggtraaagtttattcaaagcnataataacagagaatgtcccaaacctagagaaa
gatatcaatattcaagtaaaagaagnttatagaataccaagcanatttaacncaaagaagactacctcaa
gacatttawtaatcaaactcccaaaggtcaaggataaagaaaggatcctaaaagcagcaagagaaaagaa
acaaataacatacaatggagcnccgatatagtctggcagcagacttntcggcggaaancttacaggccag
gagagagcggcatgacatatttaaagtgctgaagaaaaaaaaaaaaactttnatcctagantagcgtntc
cagngaaaatatccttcaaacatgaargagaaataaagactttcccagacaaacaaaagctgagggattt
cntcaacaccagacctgtcctacaagaaatgctanagngaattcttcaatgtgaaagaaaaggacgttaa
tgannaataanaaatyatctgnaggtrcaaaactcactgataatagtgcgcagaaaaacanaatattata
acantgtaattatggtgtataaactactcttragtagaaagactaaaagatgaaccaatcaaaaatanta
actanaacaacttttcaagacatagacagtacnntaagatanaaatagaaacaacaaaaagtttaaaaat
tggnggacgaagttaaaatgtagagtttttattagttttcttnttgttnnttgrtttttttnaanttatg
taatnagtgttattatcagtttaaaatataggatattatttgcaagcctcatggtaacctcaaatcnaaa
aacatacaacggatacacaaaaataaaaagcaagaaattaaaacatatcaccagagaaaatcaccttcac
taaaaggaagacaggaaggaaggaaagaanaaagagaagaccacaaaacaaccagaaaacaaataasaaa
atggcaggagnaagtcattacttatcaataataacattgaatgtaaatggactaaactctccaatcaaaa
gacatagagtggctgaatggatataaaaataagacccaatgatcggtcgcctanawgwaacacacttcac
ctataaagacacakatagactgaaaataaagggatgaaaaaagatatttcatgcnaatggaaaccaaaaa
agagnaggagtagctatacttayatcaganaaaatatatttcaagacgaaaactataagaagagacaaag
aaggtcactatataatgataaaggag
>L1M6_5   Subfamily of LINE1 repetitive element 5' end - a consensus.
gacatcagcaagatggcggaataggactttccagcgctcgtcctcacagaaacatcaatttgaacaacta
tccacgcacgaaaataccttcacaagagctaaggaaaccaggtgagagattacagyacctgggtgtagca
cagaaataagaaaagacgcattgaagagggtaggaaggacagttttacattacccgcgtcacccctcccc
caancccaggcagcacagcatggagagagataccctctgcttgggggaaggagagggaagtgagcacagg
actttgccttggaccccaaacactaggcccgccccagtaaaacccagtactaggcaggcccccatagccc
cagactccaggccagtacctacggactgagccgyaccagatcccacagcccaggctccaggcctgcctgg
tggactcagtctccaggcctgccccagcaccaggccaaccccagtgccccaggctccagaccggccccag
caccaggccagccccagtagccccaggctccaggctgsccccagcaccaggctggcccccatagccccag
gcttcaggcccaccccagcaccaggctggcccctrcagccctagtcatcaggccagcacctatagaccca
gcctccaggctggcccctgtagacacaggctccaggcctacccagcrccaggccagcccctgtagcccca
ggctccaggcccaccccaggytccagaccagcccagagccaggtyggcccacatagccccaggcttcagg
cctgccccagyaccaggtcagcacccctggcctcagaccttagccaggtaccaggctggcacctgtagac
acaggctccaggcctgcccagtaccaggccagtccctgtggccccaccctccagggcyagcccctgtggc
cccatgctccagcagacccagggttcaggcctgtcccagtagaccccagcactaggctagtccccataga
cccaggctccaggactgtccctgtgtacccaggtcccagggcagcccctatggccccaggacccaggcca
gccctcagagacctagcctctaggccagccctgcagacccagcctccaggctggcacccayagacccaag
ctccaggccatcccccaggttccaggccagcctcagtagctccaggcaccaggctagcacccacagaccc
aggctccagactagccccacgctaccccagcaccaggccagccccaggctccaggctggtccctgtggcc
caggctccagtggacccagggtccaggcctgctccagcagacccagggtccaggcccaccccagtagacc
ctggttccaggctagcccccatggactcaggctccaggaccacccctgcagacccaggctccaggccagc
cccyatggaccaggatccarggcccatytccccagttgcaggctccaggcctgccccagtgccaggccag
cccccatggactcaggctccaggcccatcccagtggacccaggctccaggcccatcccagyaccaggcca
gcccctgyagactcaggctcaaggcccaccccagcaccaggtcagcccctgtggacccaggcttcaggcc
agcccctatagacacaggctccaggccyaccctcatggacccaggctccaggcccayccccacagaccca
atcaacaggtccacccagtggatccaggctccaggcycaaccctgtggacccaggcaccaggcctgccac
ctgctgacccaggcaccaggccagcctgcctaaggactccagcagcaagcctgcctatagaccataccag
atggcctgcccagaatctctggatgactggtgaagggctttcccagacaaagccagtctgcaaagactgg
aataagtccctacttcttcaaatgtgcagacaccaatgcaaggcccaagaatcawgaacaatcagggaaa
catgacaccaccaaaggaacaaaataaatttccagtaactgaccctaaagaaatggagatctatgaactg
cctgacaaagaattcaaaataattgttttaaggaagctcagtgaactwcaagaaaacacagatagacaat
taaatgaaatcag
>L1MD_5   Partial L1MD LINE1 repetitive element 5' end - a consensus.
ttaaaaacaaagcgggagacttccgcttccgggaagatggagtagacgtacttttccctattcctcccgc
taagtacaactaaaaaccctggacattatatataaaacaaacataagaagactctgaaaggtggagagaa
gaaggcagaccggctagggacctcgggacccgaggaacgacacggtagtgagttccctgggttttctttt
tgcctcatatatcccagacttggagctgaagaagccggcaacccggaaacgccaacgggcacagacaaaa
aaagccccaacaaaagcctgctctctctagccaaaggaccaggaaaggggcagcctagcaagacagaaaa
cttttagacaataaccgctctactccagccaaacaccacagaaaaaactgtggccccacccccacccacg
ccagcaaaggccgagtggggagcctagacttccaccctcaccaggctgtaacgaggcgccccaacacctc
caccgggatggtgtcagagaaggccaagtagggagctgggactttcatccccgccaggcggtaatgaggc
ccmccttccccttgccmctgcggtgtcagtggagaccacgtggggagcctggacttccacccccacccgg
cagtaatgaggcgcccctccccctccctactggggtggtgtcagaggaggcctagtggagagtcgggact
ttcaccaccgcccagcggtaatgaagccacctcctcctcttgccmccatggtgtcagtggaggccacgtg
gggagcagtaatgaggcactcctacccctcccagccagggaggtatcagcggaggcctagtggggagccg
aactcccacccccgcccagcagtaacgaggagcccctccctcacctcgggtgtcaacggaggccgagtgg
ggaacctggacttctacccccacctggcagtaatgaggcagcgcccctncccctcycctgccggagcggt
gtcagaggaagccggctaaaacagaaggtttaaataagatccagagtctcataacataatacccaaaatg
tccaggtttcaatcgaaaatcactcgtcataccaagaaccaggaaratctcaaactgaatgagaaaagac
aatcaatagacgccaacaccgagatgacagagatgttagaattatctgacaaagattttaaagcagccat
cataaaaaatgcttcaataagcaattacgaacgtgcttgaaacaagaraaaagtagaaagcctcagcaaa
gaaatagaaagtctcagcaaagaaatagaagatataaagaagaaccaaatggaaattttagaactgaaaa
atacaataaccgaaataaaaanctcaatgratgggctcaatagcagaatggaggggacagaggaaagaac
cagtgaacttgaagatagagcaacagaaattacccattctgaacaatagagagaaaatagattggaaaaa
aaaatggacagagcctcagggacctgtgggactataacaaaagatctaacattcgtgtcatcggagtccc
agaggagaggaaaaagagrrtagtatttgaagaaataatggctgaaaatttcccaaatttggcaaaagac
ataaacctacagatagattcaagaagctgagtgaaccccaaacaggataaacccaaagaaatccacacca
agacacatcatagtcaaacttctgaaaactaaagacaaagaaaaaaaaatcatcttgaaagcagcgagag
agaaatgacaccttacctataggggaaaaacaattcaaatgacagtggatttctcatcagaaaccatgga
ggccagaaggaagtggcacaacaattttttcaagtgctgaaagaaaagaactgtcaacccagaattctat
atccagyaaaaatatccttcaggaatgaaggggaaatcaagacattctcagatgaagaaaaactaagaga
atttgttaccagcagacctaccctaaaagaatggctaaaggaagttctctaaacagaaaggaaatgataa
aagaaggaatcttggaacatcaggaaggaagaaagaacatagtaagaagcaaaaatatgggtaaatacaa
tagactttccttctcctcttgagttttctaaattatgtttgatggttgaagcaaaaattataacactgtc
tgatgtggttctngcnaaaaatgtatgtagaggaaatatttaagacaattatattataaattgggggagg
gtaaagggacataaagggaggtaaggtttctacacttcacttgaactggtaaaatgataacaccagtaga
ctgtgataagttatgtatatataatgtaatacctagagcaaccactaaaaaagctatacaaagagatata
ctcaaaaacactatagataaatcaaaatggaattctaaaaaaaatgttcaagtaacccacaggaaggcag
gaaaaagaaaacagagaaatgaaaaacagaacaaacagaaaacaaaaaataaaatggcagacttaagccc
taacatatcaataattacattaaatgtaaatggtctaaatacaccaattaaaagacagagagattggcag
agtggattaaaaaacatgacccaactatatgctgtctacaagaaactcacttcaaatataataatatagg
caggttgaaagtaaaaggatggaaaaagatatatcatgcaaacattaatcaaaagaaagcaggagtgg
>L1P2_5   5' part of L1 subfamily - a consensus sequence.
ataaaaaaattaatgagaagaggattctgggaagatggcagagtaggaagcaccaggaatctgtctcccc
acctagacaacaattgcactggcagaatctgtctgatgtaactattttggaactctggagtctattgaag
gcttgcaacttccaggggaaggcttggatggtaaattgtggttaatttcggtcaatttcagctcttagca
cagtagcagctacccatcccccacccccagccccgtggcaggcagctgtgcacgtgttcctggagcagct
tgcacacagcttgcgggagccagggtgggcaaaaaggatcctgtcctccaaatatcggggatctgtgctc
tgatcgctgattgctgcttctgatcacagaggtgcagacaaagaggtggcggccattgttgtcgcacctc
ccyccattgttgcaagcccctccccctctggctgaagtgacttccaggggatttaaagggctagtaccct
ttctccgctttatttttcttttttccccttttgggagccagacattaaagactaggacattcaaaagcaa
ctgcatatacggggaaaattagaaagtcaccgtgcatgcccagggaaaggcacaggctcagaaaagacct
gagaagaccttaagtttacacctcaggctgatccttggcacagagacagcctacaacaataaaaacaaaa
caaaaaaataacaaaaacacagcaaaccctggggaagagggagaatctgatttccagagttaccacatta
ttagattcaaatgtccagttttcaacaacaacaacaaaaaatcacaaggcatacaaagaaacaggaaagt
atggcccattcaaaggaaaaaaaataaatcaacagaaactgtccctgaaaaagacctgatggcagatcta
ctagacaaagactttaaaacaactgtcttaaagatgctcaaagaactaaaggaaaacgtggagaaagtca
agaaaatgat
>MER60   5' part of L1M subfamily.
tgcagrttgctagtgccagagggagcaaagaattgtgattgtggattttaattgctggcagctccctgaa
ggactcacaagtctttttttctcggctgaagtggttcaaaaacatttaaaggcacatttgctggagcaag
ggacaacatgrgrcaagcaayagatagaccaaaaagcctaagaaggaagagmtgagaaataagatgcttg
gggaaawaagggctttgaaaagtccacatattcctgggaatctagaaggccatgcacatgtccagggctg
gacacatgctcagaaaagacctaagaaggccctaagctttcacctctggctgaccttnagactctgtaca
agcaggaagtgaaggctaaggcagagttgtaaactgccttggctgagtgttgaaggaatgccycaacaca
cagmcaatctgcaaagactaggagactttttttttgtgtttggtddtkttgttgttrttccaggtattta
aggaaayctctgtcaawyactagctgaccactaagctaaycgarcagagacttcagtggccacacatgac
aaagaatacagactttacaaaattagtttagaaaagtcactaaacaaacaayacaacagcamayaayaag
caacaacaacaaaccctggaaaggggagagaatctgatttccagagttgccacattatawtatttaaaat
gtccagttttttttttcaacarcaacaaaaattatgaggcatacaaagaaacaaagaaaagtatggccca
tacacaggaaaaagaaattaatagaaactatccctgaggaagcccagacattgracttactagacaa
>LINE2   MIR2/LINE2 repetitive element - a consensus.
ctgtcattcattaccgntccttgttgcagtcatccatcgagcccggctcggtcactccctctcatttctc
gaagaktttrtctcctagntcaactgtcactctctcataataatantcctgtcataattcttggtgattt
caatatccacatagacgatccatccaatactctggcctctcagttccttgacctcctctctcccgtggtc
ttgttctcctctacccactctcagccactcactcccatggtcataccctagatcttgtcattactaataa
ctgcaactcctccataatctcaatttcaagcatccyactcttttaccacyacctcctatctttctagctc
actctctctggtgccctaactccaataatyctttgaccccaccgagacctmcaatccattgatctcatat
gcttttcactgtnccgtgtcctcttccctcctttcwttgctcagattccatggtcaatcattataatcac
tcccwtacanataccctcaactcccttgcccctytctcmctttgtcttacttrcttgncaaaaccacaac
cctggttaaatccaactntccgactaatttrcgcctgcacccgngcagctaaacatggctgragaaaaat
acacaaccatgctgactggtctcactttaaatttatgaccacgaacctcaagtgrgcccttaatgctgcc
aggcaattntactacatttccctagtccattcactctcccactctcctagatgactatttyatactttct
tnyttctcaaacctccaacayyyyytnccatctttactctcagctgatgaccttgcttcctatttcactg
agaaaatagaagcaatcagaagagaatttccacatgctcccaccaccacatctacccacctacctgcatc
tgtacccatatactctgccttccctcctgttaccgtggatgaactgtccgtgctcctatctaargccaac
ccctccacttgtgcactagatcccatcccctcttgcctactcaaggacgttgctccagcaattctcccct
ctctctcctgcatcatcaatttttccctctctactggatcattcccatcagcatataaacatgctgnnat
ttctcccatctttaaaaaacaaaaattctccctcgaccccacttccccctccagctaccgccctatttct
ctgctcccctttacagcaaaacttctcagaagagttgtctatactcgttgtctccacttcctcacctccc
gttctctcttaaacccactccaatcaggctttcgtccctaccactccactgaaactgctcttgtcaaggt
caccaatgacctccacgttgccaaatccagtggtcagttctcagtcttcatcttacttgacctctcagca
gcatttgacacagttgatcactccctccttcttgaaacactttcttcacttggcttccaggacaccacac
tctcttggttttcctcctacctcactggccgttccttctcagtctcctttgctggytcctcctcatctcc
ccgatctctaaatattggagtgccccagggctcagtccttggacctcttctcttctctatctacactcac
tccctgggtgatctcatccagtcycatggctttaaataccatctatacgctgatgactcccaaatttata
tctccagcccagacctctcccctgaaytccagactcctatatccaactgcctactcgacatttccatttg
gatgtctaacagrcatctcaaayttaacatgtccaaaactgaactcctgattttcccccccaaacctgct
yctcccgcagtcttycccatctcagttaatggcaactccatccttccagttgctcargccaaaaaccttg
gagtcatccttgattcctctctttctctcacaccccacatccaatcyatcagcaaatcctgttggctcta
ccttcaaaatatatccagaatccgaccacttctcaccatctccactgcyaccaccctggtccaagccacc
atcatctctcacctggactactgcaatagcctcctaactggtctccctgctyccacccttgcccccctnc
agtctgttctcagcacagcagccagaatgatccttttaaaatgtaaatcagatcatgtcactccyctgct
caaaacccttcaatggcttcccgtttcactcagagtaaaakccaaagtccttaccgtggcctacaaggcc
ctatatgatctggcccccgcytayctctctaacctcatcttctaccactttccccctcgctcactctgct
ccagccacactggcctccttgctgttcctcgaacacgccargcwcgttcctgcctcagggcctttgcact
tgctgttccctctgcctggaacgctcttcccccagatatccacgtggctcactccytcacctcmttcagg
tctctgctcagatgtcacctyctcagagaggccttccctgaccaccctatctaaaatagcacacccyctc
ccccatcatgcccatytttcttaccycgctttatttttctycatagcacttatcaccatctgacayacta
tatwatttayttgtttgtttgtttrttgtctcctccacyagaatgtaagctccatgagggcagggatttt
gtctgttttgttcactgctgtatccccagcgcctagaacagtgcctggcacatagtaggcgctcaataaa
tatttgttgaatgaatgaat
>LINE2B   3'-end of L2 repeat (subfamily b) - a consensus.
tcccccttgctcactctgctccagccacactggcctccttgctgttcctcaaacacgccaggctctttcc
cgcctctgggcctttgcacatgctgttcyctctgcctggaacgcccttccccwctccttcancctggcca
actcctactcgtccttcaggkctcagctcaratgtcacctcctccaggaagccttccctgacttcccagg
ccgagttaggtgccctcctctgggcccccccggtcctaccctgccactctgggttatmattgtctgtkng
cangtctgtctcccccactggactgtgagctccgcgagggcagggactgtgtctgtcttgttcaccactg
tatccccagcgcctagcacagtgcctggcacatagcaggcgctcagtaaatgtttgttgaatgaatgaa
>MER25   Older LINE1 5' end region - a consensus.
acaaantagggaaaaatggcggataggaggcaggactaaattgcagctcccactcggatggacagagcag
catgtggagactcacatcgtgaacttttgctccaagaaccaccgcaggaatataycaagaaagccgagag
aatycacagaccctctgaaggaagcagattgctcctgcargayccaggaaacggcccaaaaactgtgagt
gcccaaagtgtgagaagggraaaatctgcccccgaacacacatcctyactggggaacctgaagatccaga
tcacaggagaaggatttgaccttacctggagctgagacaatttagagggccgagcaaaatacaggggtag
aggaagcagcgggaaaagccccgtgggcactcccagtcyyyagnnaarcccagggaagccatttctgact
tatctcacaggggtcccttgggagggcagccggaggaactgggaaagggscacagggaaaagaaaacctc
cagctgaactttgtaataattccgaccgakagagaaatttcctggccagaactmagggcagggcgrcgka
agtgctggtgggagaccagaagtgctgttgggggggacacggtrggagtgagacytgccttttgagctgc
atgggagctgggtgaggcctgtnactgccagctttcccccacttycctggtgacctgcatgacacagaag
aggcagccataatccccctgggaacgtaactccattrgcctgggaactacacccccatccctcacagtag
ccgcagcaagccccgcccaaggagactctgagctcagacatgcctaaccctgcccccacctgatggtctt
tctctacccaccctggtagccgaagacaaaagacataawctcttgggagctctayggccccacccatcgc
ctgagaaacwgaaatayttaycywggcmamcttagggcaagcttrtatccwccctatactrtcgcagctg
atgccctcttgaaagcgccacctcttggctggaggccaaccaactcaagacattacagcaaytcayraca
gaataaccctgcccctarrraaggagaaaacgacagctatcaccactgcctgcaacatcctggctaacca
gaggtcctgagtctgtccacgtgayaasttcactrctakyataaccagcattcgagaaarccagcacact
aagtctatctacaaccaaggaatctcacagagtctayttcactcccctgccacctccatcagagctggtg
ctggtattcaccgctgrgagacttgaagacaggtcacatcacwggatycyttgcagacattccccagyac
cagcccggagtctggtagctccactgggtggctagayccagaagagcaataacgatcactgyagtccggc
tctcaggaagtcccattcctaggrgaagggggagagcaccacatcaagggaacaccctgtgggacaaaag
aatctgaacggcagsccttgagtcccagatcttycctctgacatagcctacccaaatgagaaggaaccag
aaaaayaattctggtaatatgacaaaacaaggttctttaacacccccaaaaratcacactagctcaccag
caatggatccaaaccaagaagaaatcyctgaattgccagaaaaagaattcagaaggtcgattattaagct
actcaaggaggcaccgaggaaggtgaanaccaacttaaagaaanttanaatataatacaggatatgaatg
raraaatctycagwgaaanagatagcataaakaaaaaacaatcamaacttcwggaaatcgaagyacactt
atagaaatgcgaaatgcwctggaaagtctcarcaatagaatngaacaagcagaagaaagaacttcagagc
tcgaagacaaggytttcaaattaacccaatccgacaaagacaaagaaaaaagaataagaaaatatgaaca
aagcctccaagaagtctgggattatgttaaacgaccaaacctaagaataatcggcgttcctgagnaagaa
gagaaatctaaaagtttggaaaacttattcgnggaaataatcgaggaaaacttccccgrcsttgctarag
ayctagayatccaamtacaaagaagctcwawraaca
>MER42C   MER42 repetitive sequence: subfamily MER42c - a consensus.
atgtayagkaggattgatcaaataagtaaacgtattnaagataatgggagccaggtttctcactgtcgga
gaagggagttacaaatatggaaagggrgaagrctagaatgaaccctgtggtattrgattrgaattggagg
tatcagtrtgaactcatgrtttttaatatayryryryryrtttttcctagtcctgtccactgagagggcc
tagaagcaacgacaccccagtagcaacgagcacacctagcacccagatcttggtttctaaataccattct
ccactaaaaggaaccagggctccttggagaaatggctgattctaggactagggcaggaaatgtacaagat
gagcctggaacatcttgttrtgccagaaaataaggaagtgctcaaaaaacgatrrgggcatrtcaaaagg
acacagaagccagcttgaaggggctcccactggccaaatctgggacaatttgagcatcaaaataaataat
rgtagtaatggattataactcattgaataaaataaatatccatgagttcatactaatataaataaatgaa
taaaawaaataaatgagaarggaaagctcttcttacagtngaatgccaantaataaatntagaargaata
ataatagaaaaatcaccattaggcaaayaccgcagtaataactgtttyaggcaagatccatcgatagatg
ctmtaattagtgggcgaaartttgatgagaaacggratatttgcatagtctcaaagtatctcctcacaag
atatttattaattacaaagggaaaaayagtgactttacagtagagaaacctggcagacaccaccttaacc
aagtgatcaargttancatcaccaaaaatgagacaaaytgacatcatgcgcyncctgatrtgatgcgccg
agaagaacaacatsgcttctgtgatattcctgccaaagatgcataacctgaatctaatcatragaaaata
tcagacaaacccaaattgagggacaktctacaaaataactggnctgtactcatcaaaartgtcaaggtca
taaaagacaargaaagactgaggaactttctacntttgacggaagactagarncatgacaactaaatgca
acgcgggattctgrantggatcctggrtcgagaaatagtgggagtttktayctataaaggacattattgg
gacanttgrcgaaatttgaatanggtctgnagattagataatagtattgtatcaatgttaatttcctgat
tttgataattgtaytgtggttatgtaagagaatgtccttgtttttaggaaanacacactgaagtatttag
gggtaaaaggncatsatgtctgcaacttactctcaaatrgttcagraaaaaaaatnnatatayataarya
gagaatgataaagcaaatgcggyaaaatgttaacaattggtgaatctgggtgaagggtatacgggwgttc
tttgtactattcttgcaacttttctgtaagtttgaaattacttcaaaataaa
>MER46   transposon - a consensus.
caggttgagtatcccttatccaaaatgcttgggaccagaagtgtttcggatttcggatttttggattttg
gaatatttgcattatacttaccggttgagcatcccaaatctgaaaatccgaaatccaaaacgctccaatg
agcatttcctttgagcgtcatgtcggcgctcaaaaagtttcggattttggagcatttcggatttcggatt
ttcggatttgggatgctcaacctg
>LPKR_RN   Repetitive segment of L-type pyruvate kinase. 
gggggtgggtttgtttttgtttttgtttttgtttttttgagatcgggtctttttatgttgtagctctgac
tgatggataggcaggtctcaaatttagaaatctccctacctttgcctcctgagagttggactgggaccac
cttgctccacatgaggctgggtttttgagacagggtctcaggtagccttggatatttctagcttatttca
tagaccctattatatcgtcttagcctggtgaaagcataggtatgtgataccacacccaacttaacaaatg
cttgttgagtacctggaaaacaaggtttggaattgg
>LINE3_RN   element.
gggaatagagaggcaaagattaaaacagacacagaaggaacacccattcagagcctgccccacatgtggc
ccatacacatacagtcatccaattagacgagatggatgaagcaaagaagggcaggccgacaggagccgga
tatagatcgctcctgagagacacagccagaatacagcaaatacagaggcgaatgccagcagcaaaccact
gaactgagaataggatccccgttgaaggaatcagagaaagaactggaagagcttgaaggggctcgagacc
ccatatgtacaacaatgccaagcaaccagagcttccagggactaagcaactacctaaagactatacatgg
actgaccattgactctgaccccataggtagcaatgaatatcctaataagatcaccagtagaaggggaagc
cctgggtcctgctaagactgaacccccagtgaacaagattgttggggggagagcggcaatggggggagga
tggggaggggaggggaagggggagggattagggggatgtttgcccggaaaccgggaaagggaataacact
cgaaatgtatataagaaatactcaagttaattaaaaataa
>L1_CC   Guinea-pig LINE repeat sequence.
aagctttttaacaagatgagcttccagttgttgattttttgtgaacgtttctatgcaacagaagttttgt
tcatgaagtcttttgcctataccaatgtcttcaagagttctacctagtctatcttccagcaggtttaaca
tttctgttttaatacttaggttttgattcatttcaattttagtttagagtgtggtgaaagatgtgggtat
aattttaatcttcagcatgtggaaagccaatttttccagcaccatttactaaagaggcttttttccagca
aaggtgtttggcttttttgtaaaaaataaaggggctgagtgtgttggagttgtctctgtatcttctaacc
tgttccactattccttgggtctgtttttttgccagtaccatgctgtttttatcacagtagctttatggta
taatttcaagtcagggtgggtgatgcccccttcttggtctttgttgcccataatttcctgtactattata
ggtctcttctggttccaaatgaattttataatttctctaattctgcaagatatgctcttggaattttaat
cagaattgcattaaatctgtataatgattttgaaagcatggccattttcactattggttcttcctactca
agagcaagggatttcttcccattttctgatatcctattcaatctcctta
>RMER3   Medium reiteration frequency repeat - a consensus.
tgttgttgtaaaaatataaaaataaagagtacagttgtcttttaccccgctaggtccgcaccacggtgcc
caagatatctgctagatatcttggcggaaacacatcccagccgcacacttttttacactcaaaccctcac
ataaaagaacacacaacacaataatcttagacccaattggtaagatataattgcccacctaaacatacaa
agcccggtaccatccatcccttaagaacattaataacaacctgtaaatacacagagcggaatcttaacgt
cacctgccatattgtcctgccatggcttctccgcctctctctccctcctgtctcttcctctctcccttcc
agtctcctcctcttccttcaaacttctctcccgcccatccttccttctcctccaatgacaggcctccttc
tatcctgtacctgcccctcacctgtattttacaaattcaatggggagaaggttctggtgaagtcacctga
gtcctgagtacgtgactaggcagctgtccttggggcagtggaattagcatcaaaatacagataacttcag
ggcaaaccacaaca
