>BRSATI   Zebrafish satellite type I DNA.
gatccagccataaaatgcatcattcttttttgttttagacaacatttcatgcactgttaaacatgttaaa
gcaagttgcaagtgaaaatctatgtctctgactgagtttgcattactgtgatttgacctctctgctggct
gagataagctcattttcaacgtccaattcagaatgtaataaaacct
>TZF28   Danio rerio transposon Tzf.28.
tacagtgtatccgcaaagtattcatagcgcttcactttttccacattttttatgttacagccttattcca
attccaaaatggattaaattaatttatttcatcaacattctacccacaataccccataatgacaatgtga
aaaaaatttttttttttaattattgcataaaaaaaaaaaagctgaaaaatcacatgtacataagtattca
cagcttttgcagtgaagctaaattgagctcaggtacgttctgtttcaagtgttcattcttgaaatgtttc
agacaggttaattggaatttcacctgtggtaaattaagttgatttggacatgatttgaaaaggcatacac
ctgtctatataaggtcccagggttgacagtgcatgtcaaagcacaaaccaaacatgaagacaaaggaatt
gtctgcagacctccgatacaggattgtcgtcaaggcacaaggctggggaaggttacagaaaaaatttctg
ctgctctgaaagttccaatgagcacagcgacctccatcatccatgtggaagatgtttggaaccaccagga
ctcttactagagctggccagccatctaagctaagtgatcaggagagaagggccttagttagggaggtgat
caataactcaatggtcactctgtctagctccagccatcttctatggagagaggagaaccttacagaagga
caaccatctgtgcagcaatccaccaatcaggcctgtatggtagattagccagtgttaaccactcctcgtc
tggaatttgcaaaaaggcatctgaaggattctcacaccataagaaacaaaattctctggtctgatgagac
taaaattgaactctttagagtgaatgccaggcgttacttttggagaattcaggcaccgctcatcaccagg
ctaacaccatcactacagtgaagcatggtggtggcatgcatcaagctgtggggatgttttttcagcagca
tgaaatggaagactagtcagaatagagggaagatgaatgaagcaatgtacagagacatcctgaagtgaaa
accttcttcagagtaatcttgatttcagactggggtgacggtttatcttccagcaggacaatgaccgaaa
gcacactgccaaaatatcagtggagtggcttcacaacaactcgatgaataccttaagtgaaccagccaga
gcccagacctaaatccttttgaatatctctgaagagatgtaaaatggctgtacaccgtcgcttcccatcc
aacctgatagagtttgagaggtactgcaaagaggaatgggcacaaattctcaatgacaggtgagccaagc
tgtggcatgatattcaaaaagagttgaggctgtagttgctgccaaagatgcatcaacaaagtattgagca
aagactgtacatttttatatgaacgtgattttttgacccttttaattttaataaatttgaaacaatttca
aaaaatgttttttcacattggcattatgggcaactgtgtgtagaatgttgaggaaataaatgaaattaat
ccgtttttgaataaggtaaaaaggtggaaaaaaatgaggtagaattatgatatcactttcccgatgcact
gca
>ANGEL   Non-autonomous DNA transposon - ANGEL.
ttaagggatagttcacccaaaaatgaaaatttactcaatttactcaccctyaagttgttccaaaccttat
gagtttctttcttctgttgaacacaaaagaagatattttgaagaatgttggactgtaaccattgacttcc
atagtaggaaaaacaaatactatggaagtcaatggttacaggtttccaacatttttcaaaatatcttctt
ttgtgttcaacagaagaaagaaactcaaahaggtttgaacaatnaagggtgagtaaatgatgacagaatt
ttcatttttgggtgaactatccctttaa
>LINE_DR   Danio rerio LINE-like sequence - a consensus.
aactaaacttctctgamcacattwctagaactgctcgatcgtgcagattcgcactctataacatcagaaa
gatccracccttcttwtctgaacatgcagctcaactccttgttcaagctcttgttctctccaaactggat
tactgcaactctctactagctgggcttccagctaactctatcaagcctcttcaactgctccagaacgcag
cagcacgagtggtcttcaatgaaccgaaacgagcacatgtcactccgctgctagtccgtttgcactggct
gccagttgctgctcgcatcaaattcaaagctctgatgtttgcctacaaagtgacttctggccttgctcch
tcttatctgctctcacttctgcagatctatgtgccctccagaaacttgcgttgtgtgaatgaacgccgcc
tcgtggttccatcccaaagagggragwaatcactttcscgaatgctcackctsrcrytcaatctgcccag
ttggtggaatgaactccctaactgcawmasaacrgcagagtcactygctryyttcargaaacgactaaaa
actcaactatttagtctccacttcacttcctaatctgcaattgcctctytgaatatcacactaactgtac
ncacaaaaaaaaaaaaa
>CR1DR1   CR1 Danio rerio 1.
atgccgcttccgtctctgtccttgtgtgcaggagaagcatcgatggaggcgttggagctggagctggaag
aagtggagtcccagattcgcgcgctggtggtgagaaggtcgctgctacgggaacaacttcgtgttgtacc
taatgctaaggccgtctcatcacctaaggtacgtggaaattacaaccacatcattccctctacctcaacc
ccgcgtccttctctgtccaggcccagcgcacccggggcgcggctcagccaggcgtcgttcacgccgacac
ccggctaccacggcgcctgggtgcagccgcgcaaggtgcttcccagatcccggggcagaacgtctcctcc
tgtgttcgagatctccacggagaaccgcttctcccctctccgcgagtcgggtcccgatgtggccatcatc
ggtgactcgatcgttcgtcacgtccgtgccgcctcctcaaaaggtaataaagtacgtactttctgctttc
ctggtacccgtgtgagaaatatttctacacagattccaaccatcctgggcgctgccgagagccctggtgc
cgttgtcctccacgtggggacaaacgacaccgggctccggcagtcggagatcctaaagaaggacttcagg
agcctgatcgagacggtacgacgcacctcgcccgccacgcagatcatcgtttctgggccgcttcctacct
accgccgaggaaatgaaaggttcagtagacttttagctctgaatgaatggctaataacatagtgtaaaga
acaaaaattgctctttgctaataactggaatcttttctgggagcgtcctaggctcttccgtcctgacggc
ctgcaccccagtcgagccggagctgaactcctgtcggacaacatctccagattacttcgcaccatctgac
tagcaggtaaaaattcacactatagccacctagactcttgttcaccccacttaaacatcagtaacgcata
tctggcgaatcctatagagactgtgtctgttcctcgtattattagattaagaaataaacgtactgtgtgc
tccagaaaaaatctattaagaatcaaaccagaaaaaccagtagaaagtgaaaatacaaatttcgtaaaac
ttggtctcctaaacatcaggtcacttgcacctaaagcacttatcattaatgaaataataacagaaaacaa
tgttaatgcactctgtctcactgaaacctggctgaaacaaaatgactatattagcttaaatgaagcaact
cctccaggattcttatataaacatgaggctcgtcaaactggtcgtggtggtggagttccatcaatcttta
gtgatttccttaatattaaacagagaaacggacttatgtttagctcctttgaagtattatcgcttaatgt
tcagcttccagatactatacaaaaacctatgttatctctcgctttaatcaccatatatagacccccagga
ccctatgtcaaatttctaaaagaattttctgattttatttctgacttactagtcaaaactgataaaatgc
taattgtaggtgactttaacatccacatagatgacgctaatgatacattaggactcgcgtttatggattt
aatacactcacttgggataaagcaaaacgttgtgggcccaacccatcgcttaaagcatacattagatcta
attctgtcttatggaatcgaggttattgacgaagacattataccacaaagtgatgatattacagatcact
acctcttactatataagctgtgtttacctgaaatcagcaaacccgctccaatactccgccctagtagaac
tattgttccgtcaactaaagatgaatttatcaataacttacctgatctttctctatttcgtaatgcacct
gcaaactcaaatgatcttgatgtagtaaccagcagtatggatgccatctttactagcacactaaatactg
tggcacccatcaaattaaaaaaggctagagagattaaaactataccatggtataatagtcatactcgtgc
gctcaaaacagcaacccgtgccctggaacgtaaatggaaaaaaacaaatttagaggtctttagaattgcg
tacaaagacagtatgtccagctataggagggctctaaaatctgccaggaccgagcacctgcgcaaactga
tagaaaataatcataacaatcctagatttttatttaacaccatctctaaattagctaataatcggtcatc
cttggaacaaactactccaccgcaaattagtagtgatgacttcatgaattttttcagtaataaaatagaa
ggctttagacagaaaataggagatgccaaactttctgcaccggcttatactccaaatcctgtaaatattt
cattaaatcataataataacctacactgcttcaaaatcatagaacatgaagagttagtaaaaattataaa
tagctctaaaccagctacgtgtatgctggactcaattccaacaaaattactgaaagagctgctacctgct
ataggagaacctcttcttaacattatcaactcttctttatctataggccatgttccaaactcttacaagc
tagctgttattaagcctattattaagaaaccgcaactagacaccaacaacttagctaactataggcctat
ttcaaatcttccatttatgtctaaaatactagaaaaagttgtttccactcaattatgctcttttctgcag
acgaacaatatttttgaagtgtttcagtcaggtttcagggctcaccacagtacagaaaccgccttagtga
aaataaccaacgatttactcttagctgctgaccgagggtgcgtctcgctattagttttactcgatcttag
tgcggcatttgataccattgaccacaatatcctcataaatcgcttaaagtctacaggtgtccagggacag
gctctacaatggtttaagtcatacttaactgaccgctaccaatttgtgaatcttaatggacagccttcac
aaatctgcccagtaaagtatggggtgcctcaaggatcagttttaggccctttactgtttacaatttatat
gctacctctgggagacattattagaagacatgggatcagctttcactgctatgcagatgatactcaatta
tatatttcaactaaacctgacgagacgtctgaactttctaaactaactgagtgtttcaaagacatcaaag
actggatgaccgacaattttcttctcttaaactcagacaaaacagaaatgttacttattgggcctaaatc
ttgcacacagcagatctcgcaactcaatttacaattagaaggatacaaagttagctttagctctactata
aaagatttgggtgtcatatttgacagcaatctaacttttaaaaaccatatatcccatgtcactaaaactg
ccttctttcatctaagaaatatcgctaaattacgaaatatgctatccatctcagatgcagaaaagctagt
ccatgcttttatgacttcgagactggattactgtaatgctctatttgctggctgcccagcatcctctatt
aacaaacttcaattagtacaaaatgcagcagccagagttctgaccaggtctagaaaatatgatcatataa
ccccaattttatcctccttacactggctgcctgttaagtttcttattgaacttaaaatattacttctcac
ccataaagctctaaataatctagctcctgtttatctaaccaaccttctgtctcgctacaaaccaactcgc
tctttaagatctcaaaattcagggcttctggtagtacctagaatagcaaaatcaagtaaaggaggtcgag
ccttctctttcatggctcctacactctggaatagccttcctgataacgtccgaggctcagacacactctc
ccagttcaaaactagattaaagacctatctgtttagtaaagcatactctcaatgcatcacctag
>CR1DR2   CR1 Danio rerio 2.
atgtgttttctaattcctgttgttactaacactcgcaaaacacgggaggtgcgctgcaggcgtaatcctc
acaaccttcgttcaatacatgtatctactatttcacaactctctctctccgtgggcctctggaattgtca
atcagctgttaacaaggctgattttattacctccatagctacatattctgactataatctcatggctcta
actgaaacctggttgaggccggaggacactgctacacatgctactctttctgctaatttctctttttccc
acactcctcgtcagacagggagagggggtgggactggactactaatttccaaagaatggaaatttactct
gataccgtccctgccaacaatcagctcctttgaattccatgcagtcaccattatccaccccttctacata
aatgtggttgtcatctaccgcccaccaggtaaattaggtcacttcctagatgaactggatgttcttctct
catctttttctaattttgccactcccttattggtgctaggtgacttcaacatttacgttgacaaaccgca
agctgcagactttcagactttgcttgcctcttttgacctaaaaagagcacctacttctgctacccacaaa
tcaggtaatcagctagaccttatttacacacgacactgcttcactgatcaaacaatagtaactccactac
aaatatctgatcatttccttctgtctctcaacatccacattactcctgagccgccacacactcctacact
ggttacctttcgcagaaacctacgatctctctcacccaatagactatccaccattgtttcagactctctt
cctccatctcgcaaactcactgcacttgattcgaacagtgccactaatacactctgctccacactagcat
catctctagaccgattatgtcctcttgcatccaggccagcccgtgccagtcctcctgcaccctggctctc
ggatgctctccgtgagcatcgctcaaaacttcgggctgcggagagaatttggcggaaaactaaaaatcct
gcacatctcttaacataccaaactcttctgtcctctttctcagctgaggttacttctgcaaagcagacgt
attaccgtctgaaaatcaacaatgccactaatcctcgcctactttttaaaacattttcctccctcctcta
tcctcctcctccacccgcatcctccacacttactactgatgactttgctacattcttctgcaccaaaact
gcaaaaatcagtgctcaatttgctgcacctacaacaaacacgcaagatacaacaccaacaccacacacac
tcacctctttttctcagctctctgagtctgaggtgtccaaacttgtgctatctagccatgcaaccacctg
tccactcgatcccattccctctcatctcttgcaagccatctctcctgcagtcataccaacactgactcac
ataattaacacatctcttgactctggtttattccccactacatttaagcaggctagggtaaccccactgc
taaagaaacccaacctggaccatacgctacttgaaaactacagaccagtatccctgcttccattcatggc
caagattctggagaaagtagtgttcaatcaagttctggactttcttactcaaaacaatctcatggacaac
aagcaatccggctttaagaaaggccactcaactgagactgccctgctctcggtcgtggaggatctcagac
tggctaaagcagactctaaatcatcagtcctcattttgctggacttgtcagctgcttttgacactgtcaa
ccaccagatcctgctatctacgcttgagtcactgggcgttgcgggcactgttatacaatggttcagatct
tacctctctgacaggtcattcagggtgtcttggaggggagaggtgtccaacctacagcatctaaacactg
gggtacctcaaggctctgttcttgggccacttctcttctccatctacacatcatctctaggaccagtcat
ccagagacatggattctcctaccactgctatgctgatgatacccagctatacctctcttttcatcctgat
gatccctcggttccagctcgtatctcagcctgcctgttggatatttcacactggatgaaagatcatcatc
ttcagctgaacctcgcaaaaacggaaatgcttgtagtttctgccaacccgactctacaccataacttttc
aatccagatggatggggcaaccattactgcatccaaaatggtgaaaagccttggagtaacgattgatgac
caactaaacttctctgaccacatttctagaactgctcgatcgtgcagatttgcactctataacatcagaa
agatccgacccttcttatctgaacatgcagctcaactccttgttcaagctcttgttctctccaaactgga
ttactgcaactctctactagctgggcttccagctaactctatcaagcctcttcaactgctccagaatgca
gcagcacgagttgtcttcaatgaacctaaacgagcacatgtcactccgctgctagtccgtttgcactggc
tgccagttgctgctcgcatcaaattcaaaactctgatgtttgcctacaaagtgacttctggcctagcacc
ttcgtatctgcactcacttctgcagatctatgtgccctccagaaacttgcgttctgtgaatgaacgtcgc
ctcgtggttccagcccaaagaggaaaaaaatcactttcgcgaacgctcacgctcaatctgcccagttggt
ggaatgaactccctaactgcatcagaacagcagagtcactcgctattttcaagaaacgactaaaaactca
actatttagtctccacttcacttcctaa
>TDR10   Zebrafish non-autonomous DNA transposon - a consensus.
taagggcgtactcacactakgyacagttgccttgaaccgkgccgaagcacgcttgtcccccctcccctct
cccccgacggcctgcactcacattgcattcgagcccgagcacgcttacgtcatcgatgatgcgctgttca
gtttaanagaagagaagcgctctcgctcagcacagtggagattgctttagttatattgttttagtcgttt
gatatgcagtgacacgcagtcaaatattttgctgaacagatcaaccacttttgacgctcataaataatca
taaaagtcctcgtgctgcaggwattaggaggtttgctgaaggtgcagctgtcatgcagtgaggggtttgc
gtctttaataawctacgacagtttgcgttcattgaamagtaagaatgattaataaatccatatgaaacag
tcccttaaaagtsacgtckcgtcttcagtttcgggctcaggcgcgctttgcactcacactacaagcgtac
cgcgccaaagcccaagtgaaccrcgctctggcacacctcttccaaccgggccagggccggccaastgaac
catgcctgagcccaattcagagcactcacacttctcaaacgaaccgggaaacgggcctgggcacngttcg
gatagcatagtgtgagtacgcccta
>LDR1   LINE Danio rerio 1.
atgcatggaacggctaaatatttaaaaataatatcctggaatataaatggttctcataatccagttaaaa
gaagaaaatggttaggttaccttaaatctaaagatgtggacattgctttaattcaagaaacgcatatgat
gggtacagaggctgaaaaacttaaacgtgactgggtgggacaggtgtttaataattcatataatagtaag
aggaatggggtagcaatattggtgcataagagggtaaattttgtcatgattaaacaaaaaaaaggatgag
gagggaagatttatatggttggaagccatggttgatgatcaaaaagttaatatttgcaatatttattctc
caaataaggaggatagtgtattttttcatacggttaataagataattggagtacaagcaggtaatcagtt
aatagttgcaggttattttaatcaggtgcaagatgcctatctggatagaacaacctaccataaaaatatg
cccagagacagattagctatacaattaatgatggaagatttggggttggtggacatatggaggcttgtca
atcctagagaaagagagagtataccttcttttcacatagtcataaatcttacccaagaatagattacttt
ctggtttctggtgatttagtcgagtcagtagtagactgtaagataggcgtgattgctttgttagatcacg
caccagtggagatgacattagacaccaattctaggacaataaaacaaaacagatgaagattcaatatatc
cttgcttcaggacttaaattttagtacaaaattgggagctgacttaaaggaattttcgagattaatgttg
gtaccacagagaggctgggaacagtatgggaatcatcaaaagcttatgtcaggggtaacgcaatacaata
tgctagcttggtaaaaagactcaacaaggaaaaagttaaggacatttaggccagaattaaagttttagac
aggcaattatcactaaagtttacagatagtattttaaaacaagtctgcaatctgaaatatcagcttaatg
atatttaaaataggaaagcatagtatgcaatgtttaggatgtgcacagctttctatgaaagtggagaaaa
ggctgataaattgttagcaaggcagttgaaacaaaaggatgctagtttcttaatttcagcttttaaaaat
aaaaaaaatgaagtggtgactgcaaacatggacattaataatgtctttgaaaagctttataataaattat
atgaagcagagtcatccccagactgtactaaatatagagattttttctccaaaattacacttcccacctt
gtcctcagaccagcttgagatgttagatgcgccaatagaagaatctgggctgcaataatgtcaataaagg
ccgctaagtgagcaggtttagatggctttcctgccgaatattataagaagtatattgacattgttgcacc
aatattggaaggggtgtataaagaaaccttgttactggagcaaatgcccccaacatttaatgatgcgcta
attacgttaattcttaaaaaggataaggatctttatgatcctgggagtcatagaccagttagtttagaaa
atgttgattgtaaaattttatctaaagtattagcattgaggttggagggcattttatccaatatcgtata
tatcgaccaggtacgttttataaaagggagatcttcttctgataatcttcggtcactacttcatctcatc
tggcaaagccgcaatgagaatgttccagtcgctgctttttgactagatgcgatgaaggcatttgatagag
tagaatggggctatttaacttatacgttacaaatgtttggctttgggccaactttttttaagtgggtcaa
ggtgctatattccggcccacgtgcagctgttcttacaaatggcattatttctcctttctttaaattaaag
cgaggcaccagacaaggggaccccctgtctcctttgctttttactttgtttctggagcccttagcagttg
caatcaggaatgacataagagtgaatggtgtccatttaggagagagggaatataagtgttttttatatgc
tgatgatattcttctcttgctttcaaatccaagtacatctatacctgctgtgatggatactattgaacat
ttttctcaaatatcaggttacaaagttaattgggtaaaatctgaggtaatgccagtgtctgtgggatgtt
cgttggcggatgtgagtgctttctcctttaaatggatatcaactgggatgaagtatttaggtattaggct
ctcaagggagttgtatgaagttgttcagatgaatataacccgtatgcttcaaaatgttagtacaaacttt
gataaatggaaagtgttaaatttgtctttgtgggggaaggttaatgcaattaaaatgatggtatcatcaa
ggattaattatatctctataatgatccctttgaagtttcctttatacatctttaagaaatacaatcagct
agttaaggactttctgtgggagggaagaagcccagaataagtatgaaaaatatgtttaccactagaataa
aggggggtttggcattgccaaatatagagctttataatactgcatttgagatgattaaaatatgtaaaca
ctggtcaggtgataatgtagagggtataagctggatcgaaataaagaaaacgctaactttcccattcagt
gttattgatgctttatctcagaaatctttatattctattatgaatggggaagttaaccctatactggaac
actcatagcaggtctggaaaaaaatacataagatgtttaatttgtcccattataaacaatgcttttcttc
attatggaataaccctgctattaagatatatgcaccattgtggaggatagtagcatctgtgtgcaagtcc
aatataaactaaggttagctgatgctgtgcagcatcttcttttgtttaaaagtaactgtgtagttacaaa
tacagtgaaaatctgtttgctagttatacgtacatgaacacattagtgcattgaatgactttacgttttt
gtgagctaaactgggcttttgtgaactaagcattatatcagttgatgtaatatgtttttttttctgtaaa
tttaaacaatcctataaactttcgtatttttacagaaaattcctgacaaccactgccggtatttttcagt
aaatttaacagattttttttagcagtgtaaataaattagagctaaattataaatgttgtgttgattgaac
taaacaacattaccttacctttatttaactaacttaagttcactcaattaaatattctttctttaaggca
gaaatattctttctttcaaagtctaagacagtgggcctcccttttgacacagcttatccattggcgtccc
cctcctcccaaacacgcacgcacacacacgcgcacacgcacacacgaaaaattccggatgttttcctgct
acctcatcatgcttggtttcaaggtgtcgccgaagtttagcgggactcatagccaaaatatcttgaaaaa
ccacacataaaagtcgtggttcatcagctggtcctgtccacgtaaatcctaaactcaaatactgatcatc
atattgtcgtcttttgggtttaagccctgaacttgaaggctttgaatcggggggtctcagaaactgatcc
attgtattggcaggcatatacctgtattggcgggcttgccaaacagaagcaaattcacagctatggccat
ctgggtaaaaaaggttttcttatttttgacgtataattttttttagctttgtttaattaaaatgtttaaa
aataataaaaatacatataataattaaacttaataattatgtttttattatataatatttttcccgcgca
tcccctaacatgctctggcgcccaccagggaatgcgcctcacactttgaaaacccctgttttaaggtaac
ttaactcggttacgtggaacctgttgacataacaaagttaattaaagccagcatatcatttttttgagtg
taggaaagaaaacagtctattggaaggattggtgtaaaaaaaaaggcctgaaaacagttgatgatttata
tggacaaggtgcactgtattcatttcaggagttgaaagacaaatttaatctagtagataaaggggatttc
tggaaatatatacagctgcatagtagtataagaactgtgggatataagccaggagcagaagaaaatgttt
tattagggtttctaaatatgccaaagtcgatgcaaaccacatcttttgtttataagattgctgcatgtat
ggaaaaagtgatcatttaaaaattatctgggagaaagacctggaggtggaatttgaagagggtgaatggg
aggcagtagtttctggtcgtgggggtactgtgagagatgttaggagtaaactcatacattacaagataat
taatcaatattactagacaccagtaagactgcataggataggattaaaggaaaataatcactgttggaaa
tgtggtcattctgtgggcacttttttacatttaatgtggagctgtcatttggtggctccattctggacaa
gagttattcaaaacctagagaaatggctaggacaacctttaccttattccccaagagtctgtcttcttgg
tgatacatccactttacagaacggaatatctaaaacacaggctggactagtcgtcgcaggatatattatt
gctgtgagactggtgctgcgaaattggaagaactcagacactccctcttttaaagattggattgagctga
tgacttctaatgcatcatatatgaacgtatgttggcaagacttcaggattccacccatacctttaatcag
aaatggggtagctttttgcaatatttggagagcacataaaaagaaaattgaaaagttgtcaat
