>PRE1_SS   Sus scrofa repetitive dna sequence element PRE-1.
agggagttcccatcgtggctcagtggtaacgaacctgactagtatccatgaggatgcagattcaatccct
ggccttnctcagtgggttaaggatccngcattgctgtgagntgtggtgtaggtcncagatgcggctcgga
tcccgtgttgctgtggctgtggtgtaggccggcagctacagctccgattngacccctagcctgggaacct
ccatatgccgcgggtgnggccct
>SSMER1   Pig mitochondrial aspartate aminotransferase mRNA, complete cds.
tgtcttatttaagaaataaagaggagctcctttgcagcacagtgggttaaggatccagtgtagtcactgc
tgtggcgcgggttcagtccctggcccaggaacttccacatgccatgggcacagctttaaaaaaaacgaaa
aaggaagaggcgctttttttagcacatggaggcaact
>SSSINE1   S.scrofa SINE sequence.
aacacctgaaagagccaactctacccacctgcattcaacccttacgccttaggcctcctcaagactacac
ttggcaggagttcccgttgtagcttagtggttaacgaatccgactaggaaccatgaggttgcgggttaag
gatccagtgttgccgtgagctgtggtgtagttgcaaacgtggctcggatcctgcgttgctgtggctctgg
cgtagccggtgactacgctcgattcgaccctagcctgggaacctctatatgctgtaggagtggcccaaga
aatggcaaaaagacaaaaaaaaaaaaaaaaagataacacctggaaaga
>CLOXA_CS   Cut repeat region I,II and III.
tcccggcaggtgaaggaacagttgatcaagcacaatattggacagcgcattttcggacattatgtcttgg
gactgtctcaagggtctgtgagcgagattctggcccggcccaagccatggaataaactgaccgttcgcgg
caaggagccctttcacaagatgaagcagttcctctcggatgagcaaaacatcttggctcttcgcagcatc
caaggcagacaaagagagaatccaggccagagcctgaacagactatttcaggaagtaccgaaacgaagaa
atgggtccgaaggtaacatcacaacccggatccgagcctccgagaccggatccgacgaagcaatcaagtc
catcctggaacaagccaaaagggagctgcaggtccagaaaactgcagagccggcccagccttcttccacg
tccagcagcgggacgtcagacgacgccatccgctccatcctgcagcaggcccgccgcgagatggaggccc
agcaggccgccctcgaccctgccttaaagcccgcaccgctgtcccaggctgacctcgccatcctgagccc
caagttgataccttcctcacccatgtcgtctgtgtccagctaccctccactcgccctgtccctgaagaag
ccccccaccgcccctgacaccagcgcctccaccctgcccaaccccccagccctcaaaaaggagtcccagg
atgcgcccgggctggacctcccgggagcggctgagtctgcacagggggtcctgcggcacgtgaagagcga
gctgggccgcagcggtgtgtggaaggaccactggtggagcaccgtccagccagagaggaagagcgccgca
ccccccgaggacgccaagtcagaagaagccggtggcaccaaggagaaagggggcggccaaggccacgggc
cgatcgcagccagctccagggaccctcatcatcgtcggagtactggaaggaatggcccagcgctgagtcc
gcgtactccccagagctctgagctgagcctgactggagccagccgcagcgagacaccccagaacagcccc
ctgccctcctccccgattgtgcccatgtccaagcccgccaagccctcggtccctccactgaccccggagc
agtatgagatctacatgtaccaggaggtggacaccattgagctcactcggcaggtgaaggagaagctggc
caagaacggcatctgtcaaagaatcttcggggagaaggtactgggcctgtcccagggcagcgtcagcgac
atgctgtcccggccaaagccttggagcaagctgacccagaaaggccgtgaacccttcatccggatgcagc
tctggctcaacggcgagctgggccagggtgtcctgcctgtccagggtcagcagcaagggccagttctcca
ttctgtgacgtcactacaggaccccctgcagcagggctgtgtgagctcagaaagcactccaaagacctct
gctagctgcagccctgcacctgaatcgccgatgagctctagtgaatccgtgaagagtttgactgaacttg
tccagcagccctgtccccccattgaaacgagtaaggatggcaagccaccagagcccagcgacccgcccgc
ctcagactcccagcctgccaccccgctgcctctttctggacactcggccctcagcatccaagagctggta
gccatgtctccagagctggacacctacggtataaccaagagagtcaaggaggtgctgacggacaacaatc
tcggtcagcgcttattcggggagaccattttaggcctcacccaaggctccgtctccgacctcctctcccg
tccaaagccctggcacaagctcagtctgaagggacgggagccttttgtccggatgcagctatggctgaat
gaccccaacaacgtggagaagctgatggacatgaaacgcatggagaagaaagcatacatgaagcggcggc
acagctcggtcagtgacagccagccctgcgagcccccctccgtgggcatcgactacagccagggcgccag
cccccagccccagcaccagctgaagaaaccccgagtggtgctggctcctgaagagaaagaagctctgaaa
cgagcttatcagcaaaagccatacccgtcaccaaaaaccatcgaagaactcgccacccagctcaacttga
aaaccagcaccgtcatcaactggttccacaattacaggtctcggatccgcagagaactgttcattgagga
gattcaggccgggagccagggccaggccggggccaggcactccccgtcggcccgaagcagcggcgcggcc
cccagctcggagggcgacagctgcgacggcgtggaggccgccgagggcccgggcgccgcggacgccgagg
agtcggcgcccgcggccgccgccaagtctcagggagggccagccgaggcggccgtggccccggaggagcg
ggaggaggcgccgaggccggcggagaagcgcagccgccgccctcggggccccggccccggccccggaaga
cgcggaggaggagggccggccccgggcgcccccgccgcccccgccgccgccgcccgagggcccagccgac
ggcccggggcccgtgccaaaccccgccgccgccgccgccgccgccgccgccacgcccgcgggggaggacg
ccgctacctcagccgccccgcccgcggagggccctgccgggcccgggacggcgcccacaggagttccgct
ttgccaagcaccagcgcgccggcggccgcccgcaggcccagctcgctgcagagcctcttcggcctcccgg
aggcggcgggcgccagggactctcgagacaaccccctgaggaagaagaaggccgcgaacttgaacagcat
aatccaccgcctggagaaggccgccagccgggaggagcccatcgaatgggagttctgagagggcgcccgc
cgcgccgggccgggccgggccgagccgcgccgcgccgcgccgggcgggccgagcgggctaagcgggccga
gccgggccgagtctgccgagccctgccgagtctgaccgagccgagccgggccgaacctggccgagcgggc
cgggccgggcagaggggcgggcgcggactccgcggcctggaccgtgttgcgcacttaccgccctgcgggc
cacagggcaaaatcgcgataggccaaggtgcatatagaaaacaaaggagcattaagcccaatctatgtcg
tgttttcaaggaagaaaacggaaatgtgtagtcgagcctttttgtaccctgaagtgttttttttattgcc
ctaagtgatttccacaggttctggaataactcttacagctttgccttgcgccctcctctttcgtgtgggc
tttaaaaaaaaaaaaaaaa
>MER58   Medium reiteration sequence MER58; DNA transposon.
caggggtcggcaaactttttctgtaaagggccagatagtaaatattttaggctttgcgggccatacggtc
tctgtcgcaactactcaactctgccgttgtagcgcaaaagcagccatagacaatatataaacgaatgggc
gtggctgtgttccaataaaactttatttacaaaaacaggcggtgggccagatttggcccatgggccatag
tttgccgacccctg
>MER2   Nonautonomous DNA transposon
cagtcgyccctccgtatccgtgygttccacatccgtggattcaaccaaccgcggatcgaaaatattcagg
yaaaaaattgyatggttgcgtctgtactgaacatgtacagacttttttncttgtcattattccctaaaca
atacagtataacaactatttacatagcatttacattgtattaggtattataagtaatctagagatgattt
aaagtatacgggaggatgtgcgtaggttatatgcaaatactacgccattttatatcagggacttgagcat
ccgcggattttggtatctgcggggggtcctggaaccaatcccccacggataccgagggatyactg
>HERVL   Internal part of endogenous retroviral element HERV-L.
aattttggtaccaggagtgattctagaggaacagaatattaaggattgagttatttcgttggtttagggg
tttctagatttggctgcttagtatgattagacccaaaaatgctgaagactctacttctaatagtatgggg
aaacactgatagtccttggtgtgaactgtttagagaattatgcaaaataaatgcatgtggcacttttgat
tctctgttcatgaaaggcaagatgtttagtgactctgtgtgtaatacctttgactatatgtggagaacca
tgaataaagttggttgtttgctcataagttcactggacaaagtgatgaaagaaaatgatgaactcaggga
ttctaactcccagcttcagaagcagatacagagcctcaaatcttcgaagattgccctgagcgaaagtcct
atctcctgtagaaaaaagagctgaaattgtggaaaaacagacacaagctcttataatgcaagtggctgac
ctacaatgaaaggtgcttgcacagcctcgccaggtgtctactgttgaagtgagggaattcattgggaaag
aatgagaccctgaaacttggaatggggacatgtgggagaacctgatgaagctggggacactgagcatgta
aactctgatgaacctttttttttccagaagaaacagcttccgtatctcctgtagtggcaacatttccttc
ctgacctatgttgccatcagtctttccacctttgtctgaggacataaaccctgagctatctgtggctaca
gtgagggactcccctgaggctgttgccaggcaatataatgttgattctcctcaggacccactctcaacac
ccctgtttgcttttagacctatacctagactaaagtcctcctgggcccctagaagtgagattcacagtgt
gacccatgaggatttacactacacttggaaagaacccttgagttttctaatttatatgagcagaaatctg
gagaacaggcatgggaatggatattaagggtgtgggataatggtagaagaaacatagaattggatcaagc
tgaatttattgacttgggcccactaagtagggattatgcatttaatgttacagctcagagagttaaaaaa
ggttctaatagtttatttgcttgattagttgaaatatggattaaaagatggcccactgtgtgcaagctgg
aaatgccagatctcccttggtttaatgtagaggaagggatccaaaggcttagagagattgggatgttgga
gtggattagtcactttagacttactcatcccagctgagaagttccaaaagataaacccctgaccaatgct
tcgcaaaacagatttgtgagggcagcacctgcatctttgaagagccccgtaatcactcttctctgtctgt
cagatctaatcatgggaactacagtcactcaactgcaaaatttaaatacaatgggaataattggaccctg
aggtgacaggggccaagtggccacagtcaatcttcaaaggcaaggtgggcatagctaccataatagacag
cagaggcaaagcagcaatcagaatagtctgacttgtgtagagctctgacattagaaaattaatcatggtg
ttcctagaagtgaaattgataggaagcctacagcattcctacttaatttatataagcagaaaccttccag
gttgagtggacaaaatactaactcgaattataaaaacagagaatcatggcccctcaatcaatttccagac
tttagccaattcacagacccagaaactcttgaatgaaggggaggccatgttcccttgaggaaggacccca
ctacaccactgacaatttatgctgttaatatttctcccacccttacccaaggagacctccagccttttgc
ctggttaactgtgcattggggaaagggaaatgatcagacatttcagagactactgaacactgcctctgag
ctgatattcatttcagggtactcaaaatgtcactgtggtcctccagttaaagtaggggcttatggaagtc
aggtaattaatggagttatggctcaggtctgacttacagcaggtccagtgggtccctggactcatcctgt
gttcattttcccagtgccagaatgcataattggcattgtcatacttagaggctggcagaacccccacatt
gattctgtgactggtaaggtgagggctattatggtgggaaaggccaaatggaagccattggagctgcctt
tacctaggaaaatagtaaatccaaaaacattatcaccaccctggagggattgcagagattagtgccacca
tcaaggacttgaaaaatgcaggggtggtgattcccataacatccttgttcaactctcctttttggcctgt
gcagaagacagatggatcttggagaatgagagtggattatcataagcttaaccaagtggtgactccaatt
gcagctgctatacaagatgtggtttcattgctcaagcaaattaatacatctcctggtaccttgtatgcag
ccattgacttggcaaatggccttttacccattccataagccccaccagaagcaatttgccttcagctggc
aaggccagcaatgtatctttactgtcctacttcaggggtatatcaactctccggctttgtgtcataatct
tattcagagtgatcttgatcacttttcactgccacaagatatcacactggtccattacattgatggcatt
atgttgattggatccaatgagcaagaagtagcaaacacactggacttattggtgagacatttgcatgcca
taggatgggaaataaatccaaataaaattcacgcaccctctacctcagtaaaatttctagggtccagtgg
tgtggggcctgtcgagatattcctttaaagggaaggataaattgctgcatttggcacctcctacagccaa
gaaagagacacatcgcctagtggacctatttggattttggagacaacacatttcttatttgggtgtgcta
ttccagcccatttatccagtgacacaaaaggctgccggttttgagtggagtccagaacagaaggctctgc
aacgggtccaggctgctgtgcaagctactctgccacttggaccacatgacccagcagatccaacggtgct
tgaggtttcagtggcagacagtgatgctgtttggacctctggcaggccctcacaggtaaatcacagtgga
ggcctctaggattttggagcaaggccctgccatcttctgcagataactactctcctgagagacagcactt
ttcctgttattgggctttggtggaaactgagtgtttgactatgggtcatcaagtcactatgtgacctgaa
ctgcctgtcataaactgaatgctttaagacccatctagtcataaagtgggtcatgcacagcagcattcaa
tcatcaaattgatgtagtatatatgtgattgcgctcatgcaggtcctgaaggcacaagtaagttacataa
ggaagtgtctcaaatgcccatggtctccactcctgccaccctgccttctctcccccagcctgaactgagg
gcctcatcgggagttccctatgatcagttgacaagagtaagagaagactagggcctggttcacagatggt
tctgcacaatatgcaggcaccacctgaaagtggacagctacagcactatggcccctttctaggacatccc
tgaaggacagtgatgaagggaaatcgtcccagtaggcagaacttcgagcagtgaacctggctgtgcactt
tgcatggaagaagaaatggccagatgtgcgattatatactgatccataggctgtagccaatggtttggct
ggttgaacagggacttggaagaagcataattggaaaattggtgacaaagacatttggggaagaggtatgt
ggatggacctctctgattgctcaaagactatgaagatatttgtatcccacgtgagtgctcaccagcaggt
ggtctcagcagaggaggattttaataatcaagtggataggatgacctgttctgttgacaccattcagcct
ctttccccagccgctgctgtcattgcctaatgggctcaggaacaaagtggccacagttgcagggatggag
gttactcatgggcccagcaacatggaattcactcaccaaggctgacctggctatggccactgctgagtgc
ccaatttgccagcagcagagaccaacactgagacctcaatatggcaccattcctcagggtgatcagccag
ctacctggtggcaggttgattatattggacctcttccatcatggaaaaggcagaggtttgtcctcactgg
aatagacacttactttagatatgggcttgcctattctgtgtgcaatgcttctgccaagactaccatccat
ggactcagggaatgccttatccaccatcatggtattccacacagaattgcctctaaccaaggcactcaca
ttatggctaaagaaatgtggcagtggactcatgctcatggaattcactggtcttaccatgttccccatta
tcttgaagcaactagattgatagaacggtggaatggcctcttgaagtcacaattacattgtcaactaggt
gacaatactttgcagggctggggcaaagttctccagaaggccgtgtatgctctgaatcagcatccaatat
acggtactctttctcccatagccaggattcatcaaggggtggaagtggaagtggcaccactcaccatcac
ccctagagatccactagcaaaatttttgtttcctgttcccccgacattatgttctgctggcctagaggtc
ttagtcccagatggaggaatgcttgccacgaggagacacaacaacgattccattaaagtggaagttaaga
ttgccacctggacactttgggctcctcctacctttaagtcaacaggctaagaagggagttacagtgttgg
ctggggtgattgaccaagactgtcaagaagaaatcaatttgctactccacaacggaggtaaggaagagta
tgaatggaatccaggagatccattagtgcatctcttaatattatcctgtgattatattactcttaatact
gccctgtgattaaggtcaatgggaaattacagcccaattcaggcaggacttcaaatggcccagacccttc
aaaaaattaaggtttgggtcactccaccaggaaaaaacacaaaaacaaaaaatgtgacctgctgagctgc
ttgctgaaggcaaatggaatacagaatgggtagtagaagaagttagtcatcaataccagctatgatcacg
tgaccagttgcagaaacaaggactgtaattatcatgagtatttcctccttcttttgttaacatgtactaa
gaaaatatcttcgatttattgtagttgcaccaagaaaatatcttcggtttatttcattttcctttactat
gtaacataagatttactgacttcatatcagcatttaagtattgttacctttatataatagcatttgggtt
ggggattgatacatttccggttgtacaaaggatagttgtattatattaggcatagttatgaccttatgac
tgtctttatttgaagattatatatgatctcaggagatgtgtacgggttcatgttgacaaggggtggact
>L1MA10   3'-end of L1 repeat (subfamily L1MA10) - a consensus sequence
ttaatatccaaaatatataaagaactcytacaactcaacaaaaaaaaaacaaacaacccaattaaaaaat
gggcaaargacttgaatagacatttctccaaagaagayatayaaatggccaataagyacatgaaaaratg
ctcaacatcaytaatcattagggaaatgcaaatcaaaaccacaatgagataycacctyacacccattagg
atggctattatyaaaaaamcagaaaataacaagtgttgrygaggatgtggagaaattggaacccttrtrc
attgctggtgggaatgtaaaatggtrcarccactrtggaaaacagtatgghrgttcctcaaaaaattaaa
aatagaattaccatatgacccagcaatyccactyctrggtatatacccaaaagaattgaaatcatgttcy
yahaaagatayttgtacaccmatgttcatagcagcattattcayaatagccaaaaggtggaaacaaccca
aatgtccatcaatgrwtgaatggataaacaaaatgtggtatatacatacaatggaatattattcagcctt
aaaaaggaaggaaatyctgacayatgctacaacatggatgaaccttgargacattatgctaagtgaaata
agccagtcacaaaaggacaaatactgcatgattccacttatatgaggtatctaaaatagtcaaactcata
gaarcagagagtagaatggtggttgccaggggctgggggragggggaaatggggagttgctgttcaatgg
gtataaagtttcagttatgcaagatgaataagttctagagatctgctgtacaacattgtgcctatagtta
ataatactgtattgtacacttaaaawttgttaaaagrgtagatctcatgttaagtgttcttatcgcacaa
caaaaaaatggggaacttttggrrgtgatggatatgttcattatcttgattgtggtgatggtwtcacggg
tgtntacatatgtcaaaactcatcaaattgtacacwttaaatatatgcagtttttagtgtataattatac
ctcaacaaagctgtttt
>L1MB3   3'-end of L1 repeat (subfamily L1MB3) - a consensus sequence
ttaatatccaaaatatataaagaactcytacaactcaacaaaaaaaaaacaaacaacccaattaaaaaat
gggcaaargacttgaatagacatttctccaaagaagayatayaaatggccaataagyacatgaaaaratg
ctcaacatcaytaatcattagggaaatgcaaatcaaaaccacaatgagataycacctyacacccattagg
atggctattatyaaaaaamcagaaaataacaagtgttgrygaggatgtggagaaattggaacccttrtrc
attgctggtgggaatgtaaaatggtrcarccactrtggaaaacagtatgghrgttcctcaaaaaattaaa
aatagaattaccatatgacccagcaatyccactyctrggtatatacccaaaagaattgaaatcatgttcy
yahaaagatayttgtacaccmatgttcatagcagcattattcayaatagccaaaaggtggaaacaaccca
aatgtccatcaatgrwtgaatggataaacaaaatgtggtatatacatacaatggaatattattcagcctt
aaaaaggaaggaaatyctgacayatgctacaacatggatgaaccttgargacattatgctaagtgaaata
agccagtcacaaaaggacaaatactgtatgattccacttatatgaggtacctagagtagtcaaattcata
gagacagaaagtagaatggtggttgccaggggctggggggaggggggaatggggagttaktgtttaatgg
gtacagagtttcagtttgggaagatgaaaaagttctggagatggatggtggtgatggttgcacaacaatg
tgaatgtacttaacgccactgaactgtacacttaaaaatggttaaaatggtaaattttatgttatgtata
ttttaccacaattaaaa
>L1MB7   3'-end of L1 repeat (subfamily L1MB7) - a consensus sequence
yttgtatccagaatatataaagaactcttacaactcaacaataaaaaaacaaacaacctaattaaaaaat
gggcaaaagayttgaatagatatttctccaaagaagatatayaaatggccaataagcacatgaaaagatr
ctcaacatcattagtcatcagggaaatgcaaatyaaaaccacaatgagataycacttcacacccaytaga
atggctaaaattaaaaagacagrmaatamcaartgttggyraggatgtrgagaaaytggaachctcatac
aytgctggtgggaatgtaaaatggtacarcyactttggaaaacagtttggcagttcctcaaaaagttaam
aatagagttaccatatgacccagcaattycactcctaggtatwtacccaagagaaatgaaaacatayrtc
cayacaaaaacttgtacacaaatgttcatagcagcattattcataatagccaaaaagtggaaacaaccca
aatgtccatcaatratwgaatggataaacaaaatgtggtatatccatacaatggaatattattcagcmat
aaaaaggaatgaagtamtgatmyatgcaacaacatggatgaaccttgaaaacattatgctaagtgaaaga
agccarrcacaaaagrccacatattgtatgattccatttatatgaaatgtccagaataggcaaatccata
gagacagaaagtagattagtggttgccaggggctgggggraaggggaaatggggagtgactgctaatggg
tacggggtttctttttggggtgatgaaaatgttctaaaattagatagtggtgatggttgcacaactytgt
gaatatactaaaaaccactgaattgtacactttaaaagggtgaattttatggtatgtgaattatatctca
ataaarctat
>L1MC2   3'-end of L1 repeat (subfamily L1MC2) - a consensus sequence
yttgtatccagaatatataaagaactcttacaactcaacaataaaaaaacaaacaacctaattaaaaaat
gggcaaaagayttgaatagatatttctccaaagaagatatayaaatggccaataagcacatgaaaagatr
ctcaacatcattagtcatcagggaaatgcaaatyaaaaccacaatgagataycacttcacacccaytaga
atggctaaaattaaaaagacagrmaatamcaartgttggyraggatgtrgagaaaytggaachctcatac
aytgctggtgggaatgtaaaatggtacarcyactttggaaaacagtttggcagttcctcaaaaagttaam
aatagagttaccatatgacccagcaattycactcctaggtatwtacccaagagaaatgaaaacatayrtc
cayacaaaaacttgtacacaaatgttcatagcagcattattcataatagccaaaaagtggaaacaaccca
aatgtccatcaatratwgaatggataaacaaaatgtggtatatccatacaatggaatattattcagcmat
aaaaaggaatgaagtamtgatmyatgcaacaacatggatgaaccttgaaaacattatgctaagtgaaaga
agccarrcacaaaagrccacatattgtatgattccaactatatgacattctgaaaaaggnaaaactatgg
agacaagtaaaaagatcagwgattnctagagkgastrggarrgggagggaagaataggtggagcncaggg
gatttttagggcagcgaaactattctgtatgatactataatggtggatacatgacattatacatttgtca
aaayccatagaactgtacaayacaaagagtgaaccctaatgtatggactttagttaataataatgtatca
atgttggttcatcaattgtaacaaatgtaccacattaatgcaagatgttaataatagggtaaactrttgt
gtgggggagggagtatatgggaactctctgtactttctgctcaatttttctgtaaacctaaaactgyttc
aaaaaataaagtctattaataa
>L1MD1   3'-end of L1 repeat (subfamily L1MD1) - a consensus sequence
yttgtatccagaatatataaagaactcttacaactcaacaataaaaaaacaaacaacctaattaaaaaat
gggcaaaagayttgaatagatatttctccaaagaagatatayaaatggccaataagcacatgaaaagatr
ctcaacatcattagtcatcagggaaatgcaaatyaaaaccacaatgagataycacttcacacccaytaga
atggctaaaattaaaaagacagrmaatamcaartgttggyraggatgtrgagaaaytggaachctcatac
aytgctggtgggaatgtaaaatggtacarcyactttggaaaacagtttggcagttcctcaaaaagttaam
aatagagttaccatatgacccagcaattycactcctaggtatwtacccaagagaaatgaaaacatayrtc
cayacaaaaacttgtacacaaatgttcatagcagcattattcataatagccaaaaagtggaaacaaccca
aatgtccatcaatratwgaatggataaacaaaatgtggtatatccatacaatggaatattattcagcmat
aaaaaggaatgaagtamtgatmyatgcaacaacatggatgaaccttgaaaacattatgctaagtgaaaga
agccarrcacaaaagrccacatattgtatgattccatttacataacattcttaaaatgacaaaattwtag
arwtgragarcagattcctggttgccaggggttagggacgggggtgggggtggagggaggtgggcatsst
ggagttccctgtggtgatggaaatgttctgtatcttcactgtcactgtatcaatgtcaatatcctggttg
tgataytgtaytatagttttgtaagatgttaccattgggggaagctgggtgaagggtacacgggatctct
ctgtaytatttcttacaattgtctgtgagtktayaattatttcaaaataaagtttaatttaaa
>L1MD2   3'-end of L1 repeat (subfamily L1MD2) - a consensus sequence
yttgtatccagaatatataaagaactcttacaactcaacaataaaaaaacaaacaacctaattaaaaaat
gggcaaaagayttgaatagatatttctccaaagaagatatayaaatggccaataagcacatgaaaagatr
ctcaacatcattagtcatcagggaaatgcaaatyaaaaccacaatgagataycacttcacacccaytaga
atggctaaaattaaaaagacagrmaatamcaartgttggyraggatgtrgagaaaytggaachctcatac
aytgctggtgggaatgtaaaatggtacarcyactttggaaaacagtttggcagttcctcaaaaagttaam
aatagagttaccatatgacccagcaattycactcctaggtatwtacccaagagaaatgaaaacatayrtc
cayacaaaaacttgtacacaaatgttcatagcagcattattcataatagccaaaaagtggaaacaaccca
aatgtccatcaatratwgaatggataaacaaaatgtggtatatccatacaatggaatattattcagcmat
aaaaaggaatgaagtamtgatmyatgcaacaacatggatgaaccttgaaaacattatgctaagtgaaaga
agccarrcacaaaagrccacatattgtatgattccatttatataacattcttaaaacgacaaaactatag
agatggagaacagattagtgrttgccaggkgttagggatrcaggraggaggtggatgtgrytataaarrg
gtagcatgagrgaatytttatggtgatggaacwgttctgtatcttgaytgtggtgrtggttacacgaatn
tatacatgtgataaaattgcatagaactaaatacacacacacacataagtacaagtaaaactggcgaaat
ctgaataagattratggattgtaycaatgtcaatttcctggttktgatattgtaytatagttttccaaga
tgttaccattgggggaagctgggtgaagggtacacgggatctctctgtaytatttcttacaattgtctgt
gagtktayaattatttcaaaataaagtttaatttaaa
>TIGGER2   Autonomous DNA transposon
cagttgacccttgaacaacacgggtttgaactgcgcgggtccacttatacgtgrattttttycaataaat
atattggaaaaawttytggagatttgcaacaatttgaaaaaactcgcagacgaaccgcgtagcctagaaa
tattgaaaaaattaagaaaaaggtatgtcatgaatgtataaaatatatgtagatactagtctattttatc
atttactaccataaaatayacacaaanctattataaaaagttaaaatttatcaaaacttayayayayact
tacagactgtacgtggtaccattcgaagtngagagaaatataaacaaacntaaagatgcagtattaaatc
acaactgcgtaaaattaactgtagtacatactatactaccgtaataattttgtagccacctcctgttgct
attgcagcgagctcaagtgttgtgagtacctgcttaaaacgctskgtgatgctaatcatctccgcgcgag
cagttyatctctccagtaaattgcgtattgcagtaaaaagtgatctctcacggttctcgcgtatttttca
ttgtgtttartgcaatattgtaaaccttgaataacaccatgggacccatacgaagtgccactagtgatgc
tggaagtgctcccaagaagcagagaaaagtcatgacattacaagaaaaagttgaattgcttgatatgtac
catagattgaggtctgcagctggggttgcctgccatttcaagayagatgaatccggcgtaaggaccgttg
tmaaaaaagaaaaggaaattcgtgaaraccgtcgctgcagttatgcccagcaggcacaaaaacttgtnac
tttttgcgaaatacctttttatgttgtattgaaaatgcagcttttntgtgggtgcaggattgctataaga
aaggmatacctanagactctaatatgattagagaaaaagcgaagtcattatgtgannacttaaagcaaaa
rraagatgamrgatctaaagctgganaatttaatgccagcaaakgatggtttgacaattttagaaagarg
twtggcttaaaaaatktcaagakaacaggagaagcasyttctgctgaccaagagacagcagacgagttnc
cagatgccattaacaaaatcattgaggagaaaggatatctgcctgaacaggtttttaatgcagatgarag
tgccctattctggggggaaaaaatgccacaaagracatttattagtaagnaagagaagcgagcaccagga
tttaaggcargaagggataggctaactctactgttttgtgcaaatgcagttaggtttatgatcaggactg
cccttatctataaagctgctaacccccgagccttgaagggaaaagataaacgccagctgccagtcttttg
gttgtacaacaagaaggcctggacaacgagaaccctttttctggattggttccattkatgctttgtccct
gawgtcaggaagtaccttgccagtaagrgactgccttttaaagttcttttgatattggacaatgcccytg
gccacccagaaccccatgagttcaacaccgaaggtgtcgaagtggtctacttgcccccaaacacaacgtc
tctaattcagcctctagatcagggggtcataaggacctttaaggctcattacacacggtactctatggaa
aggattgtcaacgctatggaagagaaccccgatagaragaacatcatgaaagtctggaaggattacacca
ttgaagatgccattgttrttatagaaaaagccgtgaaagccatcaagcccaaaacagtaaattcctgctg
gagaaaactgtgtccagatgttgtacatgacttcacaggatttacgacagagccaatcaaggaaatcatg
aaagagattgtggatatggcaaaaaagttggggggtaaagggtttcaagatgcgaatcttggagaaattc
aagagcwaatagacaccacaccagaggaattaacagaagacgacttgatggagatgagtgcttccgaacc
agtgccagacgatgaggaagaagacatngaagaagcagtgccagaaaacaaattgacattagacaatctr
ggcagaagggttccaattattcaagactgcttttgacttcttttacaacatggacccttctatgatacgg
gcactgaaactaaagcaaacagtggaagaaggattggtaytatacagaaacatttttagagaaatgaaaa
ggcaaaaayrtcagacagaaattacgatgtatttccgtaaagttacaccgagtgtgcctgcctctcctgc
ctccccttccacctcctccacctcttccacctctgccaccctgagacagcaagaccaacccctcctcctc
ctcagcctwctcaatgtgaagacgacgaggatgaagacctttatgatgatccacttccacttaatgaata
gtaaatatattttctcttccttatgattttcttaataacattttcttttctctagcttactttattgtaa
gaatacggtatataatacatataacatacaaaatatgtgttaatcgactgtttatgttatcggtaaggct
tccagtcaacagtaggctattagtagttaagttttkggggagtcaaaagttatacgtggatttttnactg
cgcggggggtcagcgcccctaacccccgcgttgttcaagggtcaactg
>MIR2   Repetitive element - a consensus
ttntttattgtctgtctcctccactagantgtaagctccatgagggcagggattttgtctgtyttgttca
ctgctgtatccccagcgcctagaacagtgcctggcacatagtaggcgctcaataaatatttgttgaatga
atgaatgaat
>L1C_OC   Direct repeat L10c-4.
tttttattttatttatttaatttttaactgtttatttaataaatataaatttccaaattacagcttatag
attacaatggcttcatcctcataacttgccttgccaacctgcaaccctcccatctcctgctccctctccc
attccattcacatcaagattcattttcaattatctttatatacagaagatcaatttagtatatattaagt
aaagattttaacagtttgcacccacacagaacataaagtataaatactgtttgagtactagttatagcat
taattcacattgaacaacacattaaggacagagatcctacatgaggagtaagtgcacagcgactcctgtc
gttgacttaacaaattgacattcttgtttagggggtcagttatctccccaggctcctgtcatgagttacc
aaggctatggaggccttttgagttcactgacttcgatcttatttagacaaggtcatagtgaaagtggaag
tccactcctccctttagagaacggtacctccttcctcaatggcccattctttcaactgggatctcgctca
cagagatctttcatttagctcatttaactcctttttttttttttttttctagagcatcttacctttccat
tgcctgaaatactttcatgggctcttcagccagatgtgaatgccttaagggctgattctgaggccagagt
gctgtttaggacatgtgccattctatgagtctgatgtgtatcccatttcccatgttggaatgttctctcc
atttttaattctgtcagttagtattagcagacactagtcttgtttatgtgatccctctgactcttatgcc
tatcattacgatcaattgtgaacagaaattgatcactgggactagtgagatggcattggaacatggccac
ctcaatgggattgaattcgaatcccctggtctgtttctaactctaccatttgaggtaagtcagtttgagc
atgtcccgaattgcacatctcttccctctcttattcccactcttatatttaacagggattacttttcagt
taaatttaaacacctaagaataattgtgtgttaattacagagttcaaccaatagtattaagtagaacaac
caaaaaatactaaaagggataaagtattacattgtacatcaacagtcaggacaagggctgttcaagtcac
tgtttctcatagtgttcatttcactttgacaggtttcctttttggtgctgggtcagttgtcactgatcag
ggagaacatatgatatttgtccctttgggactggcttatttcactcagcatgatgtgttccagattcctc
cattttgttgcaaatgaccggatttcattgtttttttttgcttctatatagtattctatagagtacatgt
cccataatttcttcctccagtctactgttgatgggcatttgggttggttccaggtcttagctattgtgaa
gtgagccgcaataaacattgaggtgcagacagcttgtttgtttgccaatttaatttcctttgggtaaatt
ccaggagcgggatggctgggttgtatggtagggttatattcaggtttctgaggatctccagactgacttc
cataggggcttaaccagtttgcattcccaccaacagtgggttagtgtccctttctccccacatcctttcc
agcatctattgttggtagatttctgtatgtgagccattctaagcggggtgaggtgaaacctcattgtggt
tttgatttgcatttccctgattgctagcgatcttgaacatttcttcatgtggatgttggccatttggatt
tcctcttttcaaaaatggcaagtgaggtccttggcccatctcttaagtgggttgtttgttttgatgctgt
ggagtttctttatgtctttgtggattctagctattaatgctttatctgttgcttagtttgcaaatatttt
ttcccattctgtcagttgcctcttcacttcctgactgcttcttttgcagtacagaacttctcaatttgat
gtaatctcaatagttaattttggctttgactgcctgtgcctccagggtcttttccaagaagtctttgcgg
tgccaatatcttgcagggtttctccaatgttctctaataacttcatggtgtcgggtcatagatttaggtc
tttaatccatgttgagtggatttttgtgtaaggtgtaaggtaggggtctttcttcatgcttcagcacgtg
gaaatcccagcaccatttattgaatagactgtccttgctccaggaattggttttagattcctgatcaaat
ataagtaggctcttgtatcccttcaatttctttttcttgcctaacagctctggctaaagcctccagaaat
atactgaatagcagtggtgagaatggatatccctgtatggtaccagatctcagtggaaatgcttccaact
ttttcccattcaataggatgctggtcgtgggtttttcataaattgctttgattgtattgaggaacattcc
ttctatacccagtttacttagagttttcaccatgaaagggtcttgtgttttattgaatgctttctctgca
tctattgagataatcatatggtttttcttctgcagtctgttaatgtggtgtatcacatttgcaaacactt
gaaccatccctgcataccagggttatatcccacttggtctgggtgaatgatctttctgaaatgttgttgc
actccgttggccagaattttattgagaatttttgagtctatgttcattaggtatattgttctgtaatttt
ctttcaatgctgcatctttttccggcttaggaattaaggtgatgctggattcatagaaagattttgggag
gattccctctttttcaattgttctgaatagtttgagaagaattgagttagttcttctttaaatttctggt
agaattcagtagtgaatccatctggtcctgggcttttctttgttgggagggcctttattactgtttcaat
ttctgcctcagttatgggtttgtttaggctttcgatgtcttcctggttcaatgtaggtaggttgcaggtg
tccaggaatctatgcatttctgatagatttccctgtttgctggcatacagtccttgtagtaatttctgat
gattcttttcatttctgtggtgtctgctgttacatttcctatttcatctctgattttattgatttggtct
cttcttcttttagttagttgagctaatgcggtatcaattttgtttattttttcaaaaaaccagctcccca
tttggctgatttttggtaatttttttggattcaatcctgttgatttcttctctgattttaattatttctc
ttctcctactagatttgggtctgctttgctgcagtttttctagatccttgaggtgatttgaaagctcatc
tatttggtgcctttccaatttcttgatgtaggcacctattgatataaacttttctcttaacactgctttc
gctgcatctcatacattttggtatgttgtgctgttatcctcatttacttccagaaagtttttgatttctc
ttttgatttctttgatgacctagtgttcattcaggagcatgttgttcactctccatgtgtttgcatatgc
tgtagggattcctgagttgctaatttccgacttcattctattatggtctgagaagctgcatcatatgatt
ctaattcttttgaatgtgctgagacttgctttatggcctagtatgtggttaatcttagagtaggttccat
gtactgctgagaagaatgtaaattctttaagtgcaggatgaaaagttctgtagatatgtgtcagatccat
ctgggctatagtatcctttgaatgtactgtttcctgtagtcttctgtcctgtgatctgtctatttctgag
agtggagtattgaagtcccccagtactattgtattggagtctaagtctccctttaactctcttaacaaat
cttttaaataaaccggtgccctgtaattaggtgcatatacattgataatcgttatattttttctgttgaa
ttcatcccttaatcattatgtagtgcccctctttgtctctcttaacagtttttgtgctaaagtttatttt
gtctgatattaagatggttatgcctgctcttttttcatttctgttggcatggaatatctttctccagcct
ttcacattcagtctggatgcatctttgttggaaagatgtgtttctgtaagcagcaaatagatgggttttg
ttccttaacccaatcagccaatctatgtcttttaactggacagttcaggccattaacgttcagtgtgact
attgataagtgtaattttgccctgccattttccc
>MER21B   a consensus
tcaacacacaacacttctgtcaccaaacgtgtggrrrtttttccccacacacaaacaaktcttcagttct
gcggcggacaccarctgggtgtcctccaattcarttcagttctgacactawctacctrgagatagcgtca
gatcccacaggtttaagggctcagtcccacaagactgcccccacttcagatrccagtcgcaagtctrggt
tktcacccgtacttctgaccaactggctataaattgttcccacgacccctctttaggttcgattaatttg
ctagaatrgctcacaraactcagggaaacacttatatttaycggtttattataaaggatattacaaagga
tacagatgaacaaccagatgaagagatrcatagggcgaggtmtgggagagtccngggnncaggagcttcc
gtgccctctctggstnnrccaccttccwggcacctccacgtgttcaccaacccggaagctctccgaaccc
tgtccttttgggtttttatggaggcttcattacgtaggcatgaytgattacatcantggccattgattat
caactcaacctycagcycctctccyctccccagaggttggagggtggggctgaaagttccaaccytctaa
tctgccttggtctttctrgcgaccagcycccatccwgragcntnctaggggctgcccrccakgagtcgmc
tcattagmacaaaagrncrtynctattacccaggarattccaagggttttaggagytctgtgtcaggaac
cggggtcaaagaccaaatattagat
>LTR34B   MER4I-group; a consensus sequence.
tgtgggagaccagaatatgccaccccaaaatatgcctctttggcataaggaytgttgagctgaaggcaat
taagaagaagcagatgcaggaaagctctctgccctccctctatttgcctaaaagcaggacatagatttac
aaagacaaaaggtatcctgcccccaccccttctaccagggagaacaaaggttaaccactgaagacaactt
tagacccttattggcctggagatggtaccagaggaatctacattaacaagccttactaactagcctttat
ctgccagttatttgccttcccacaagttgctgcccctagagactcaaagtccttttcctttgtcttgtca
cttctctaaaaatttnttttactgttctttgttgaagatgctatataagctggaattcaaagccacctct
ttgagaactactcattctctgggtgtctcccatgtatatatgaaatatacatgttnaaaaataaanttaa
taaacttctgtctgtttttctcttgttaatctgtcttttgttacaggggtctattccaactaagaactta
tgagggttgaggagaaaaaattatttttcttcccctaca
>MER102   Interspersed repeat MER102 - a consensus.
gggttgcaaactcaaatgcctacaggggccaggcaggtaacataaatgagtgaagtgggccaggtgggga
ctgtggcaaactggagagcacatgccctgtctaaagggggcagcagctgctactcagctccagccaattg
ttgccatgtgggaatgtaggcccagtgttgccagatcttctgatttttcaagagaagccagaaatctaga
tttttatgtgaaatctcctgatttttaaatgttggcaactaatttaaaatttttawaaaacactgtgtag
gccaaacaaaacatatctgtgggccagatttagcccatrggctgccagtttg
>MER34   a consensus.
tawtgaaggagatcagaatatgccaccccaaaatatgccactttggcataaggattattttgagctaaag
gcacttgagaaacagcagrtgcaagaagagcactctgaccttcctcttttcttcctgaaagcaggagata
aaactcccatgtgaaagacgttctctctataccaggaggaaggaaacattcttatcgtcagagacgggga
gtcgaggccgagggaaatctgtacgaacaaaccttgttaaactaacyctyatcttcctagtcacttctcc
acgatgaaccgccctagcccaaacccctttgtcttgtcacgttttcacaatttactactctttgtccaac
ctagtatawaagcgttcgactctaaccgcttctttgggtcttcatttccttatgagggctcccatgtaca
tgtaaaacatacttaaataaatttgtatgcttttctcctgttaatctgtcttatgtcagtttaattatcg
ggcccagccggaaactctaagagggtagaggwaaaatttttccttcyctnccatgg
>LINE2   MIR2/LINE2 repetitive element - a consensus.
ctgtcattcattaccgntccttgttgcagtcatccatcgagcccggctcggtcactccctctcatttctc
gaagaktttrtctcctagntcaactgtcactctctcataataatantcctgtcataattcttggtgattt
caatatccacatagacgatccatccaatactctggcctctcagttccttgacctcctctctcccgtggtc
ttgttctcctctacccactctcagccactcactcccatggtcataccctagatcttgtcattactaataa
ctgcaactcctccataatctcaatttcaagcatccyactcttttaccacyacctcctatctttctagctc
actctctctggtgccctaactccaataatyctttgaccccaccgagacctmcaatccattgatctcatat
gcttttcactgtnccgtgtcctcttccctcctttcwttgctcagattccatggtcaatcattataatcac
tcccwtacanataccctcaactcccttgcccctytctcmctttgtcttacttrcttgncaaaaccacaac
cctggttaaatccaactntccgactaatttrcgcctgcacccgngcagctaaacatggctgragaaaaat
acacaaccatgctgactggtctcactttaaatttatgaccacgaacctcaagtgrgcccttaatgctgcc
aggcaattntactacatttccctagtccattcactctcccactctcctagatgactatttyatactttct
tnyttctcaaacctccaacayyyyytnccatctttactctcagctgatgaccttgcttcctatttcactg
agaaaatagaagcaatcagaagagaatttccacatgctcccaccaccacatctacccacctacctgcatc
tgtacccatatactctgccttccctcctgttaccgtggatgaactgtccgtgctcctatctaargccaac
ccctccacttgtgcactagatcccatcccctcttgcctactcaaggacgttgctccagcaattctcccct
ctctctcctgcatcatcaatttttccctctctactggatcattcccatcagcatataaacatgctgnnat
ttctcccatctttaaaaaacaaaaattctccctcgaccccacttccccctccagctaccgccctatttct
ctgctcccctttacagcaaaacttctcagaagagttgtctatactcgttgtctccacttcctcacctccc
gttctctcttaaacccactccaatcaggctttcgtccctaccactccactgaaactgctcttgtcaaggt
caccaatgacctccacgttgccaaatccagtggtcagttctcagtcttcatcttacttgacctctcagca
gcatttgacacagttgatcactccctccttcttgaaacactttcttcacttggcttccaggacaccacac
tctcttggttttcctcctacctcactggccgttccttctcagtctcctttgctggytcctcctcatctcc
ccgatctctaaatattggagtgccccagggctcagtccttggacctcttctcttctctatctacactcac
tccctgggtgatctcatccagtcycatggctttaaataccatctatacgctgatgactcccaaatttata
tctccagcccagacctctcccctgaaytccagactcctatatccaactgcctactcgacatttccatttg
gatgtctaacagrcatctcaaayttaacatgtccaaaactgaactcctgattttcccccccaaacctgct
yctcccgcagtcttycccatctcagttaatggcaactccatccttccagttgctcargccaaaaaccttg
gagtcatccttgattcctctctttctctcacaccccacatccaatcyatcagcaaatcctgttggctcta
ccttcaaaatatatccagaatccgaccacttctcaccatctccactgcyaccaccctggtccaagccacc
atcatctctcacctggactactgcaatagcctcctaactggtctccctgctyccacccttgcccccctnc
agtctgttctcagcacagcagccagaatgatccttttaaaatgtaaatcagatcatgtcactccyctgct
caaaacccttcaatggcttcccgtttcactcagagtaaaakccaaagtccttaccgtggcctacaaggcc
ctatatgatctggcccccgcytayctctctaacctcatcttctaccactttccccctcgctcactctgct
ccagccacactggcctccttgctgttcctcgaacacgccargcwcgttcctgcctcagggcctttgcact
tgctgttccctctgcctggaacgctcttcccccagatatccacgtggctcactccytcacctcmttcagg
tctctgctcagatgtcacctyctcagagaggccttccctgaccaccctatctaaaatagcacacccyctc
ccccatcatgcccatytttcttaccycgctttatttttctycatagcacttatcaccatctgacayacta
tatwatttayttgtttgtttgtttrttgtctcctccacyagaatgtaagctccatgagggcagggatttt
gtctgttttgttcactgctgtatccccagcgcctagaacagtgcctggcacatagtaggcgctcaataaa
tatttgttgaatgaatgaat
>LINE2B   3'-end of L2 repeat (subfamily b) - a consensus.
tcccccttgctcactctgctccagccacactggcctccttgctgttcctcaaacacgccaggctctttcc
cgcctctgggcctttgcacatgctgttcyctctgcctggaacgcccttccccwctccttcancctggcca
actcctactcgtccttcaggkctcagctcaratgtcacctcctccaggaagccttccctgacttcccagg
ccgagttaggtgccctcctctgggcccccccggtcctaccctgccactctgggttatmattgtctgtkng
cangtctgtctcccccactggactgtgagctccgcgagggcagggactgtgtctgtcttgttcaccactg
tatccccagcgcctagcacagtgcctggcacatagcaggcgctcagtaaatgtttgttgaatgaatgaa
