>TNR2   Tnr2 short interspersed element.
cgggacatttaattattttgccaattttaagatgtgccaattaactatttgctactcactgtctatgaca
tgtatgccctcatgtgtctatgacatgtgggtacagtggcaaatcctttagaaccactcgtaagagtggg
aaatagttaattattcc
>SZ-34LTR   Rice long terminal repeat SZ-34LTR.
tgtaacattctgaaaatgtgtcattttctaatcttgcatcatgctgattcttatgttcttaataaccttc
taaacctaggaaaatataattagagggacctcctaaaactaactcgcataaaacctctctggtatttaat
cccttttgtgtttttcatttaaaaacatatttggtatttcttgttgaaattctattttcaaatattaaac
cttctttcgactaaaactcttttattcaaatttagtttaaaaaccatttttattattatgaattatggtc
caagaaatcctccaatttttgtccttgaacctagaccaaagtaattccaatctcattggaattaattgtt
agcccatcctttgatcttaaacccatcctttgattctcgatccaaatatccaaattcctccttttgatct
agccaccaatttaatttatgtggcttgatttcctcttcggcacaagaattgtattattgcaatattgtga
ataattgctcttgtgctaagaaaattccaatttatattcttcactcaacttccccttttagccacaaata
tacataacaccaattttagagttcaaatcctatttattgccttcaactaattcccttctatattcccaaa
aatattttgaggaatattattaatttccattcctatttgagtgcttccaaataaattccctcaaactcca
cctctaaatattgcactcaaataaattaggaaatctcttttgtgaattctttccaaattcaaattctttg
caaaacctagttatccaaatcaagtattcaaattaggcttctttctttttgtcatcgggccgaaactcca
ttctttcttcctttttggcccaatcccttttcttttatcttctattttcctcctccttcttgagctgccg
gcccagctaagccgagccggcccaaaccagcccacaccccaaccgagccgccccctcctcctgtgcacgg
ctcacgccgccgccaactcctcttccttcgccgctaaggaaacgaagccggccgccgtagttcgaatctt
cacgccatcgtcgcccgtgcacttctcgatctcctccacaaccgcctttcaccaccgcctctctccccta
taaatagccggccatccctccccttctctacatacaatcagagctccatctctctctctttctctcccat
gtccggccatggccgccaccacccgatctccctcaccggagcttcgcaagccaaaccatcgcgccatcga
gttcgcctcgacgaggtgattccatttttcctgtttcccccttctcccccaccccatagcaaccaccacc
gccacctctctttgccgccgaagataagctcttctactcgccgttccggccatctccctcactctctccg
ccagccaccgcccaccccaggtgcgtcgttctcgggaacatgtgtggccgccgacgtcgccgcctttcgt
ccaccggagagccggcgcccactctctccctctcctgtgtagccggcaagaaaaagaagaagagaggaag
aagatgacgggagaaagaagaaggagaagaaaaagaaaaagaaagactgacaggtgggcccctgcacagt
gacttttctcattttctagatttaattcaaatcctattctttagaagcacatatctcctaaaccgtagat
ccgattctagtgaaacttggacctaaattcatctaaattcaactcttcattttgatatcaaatttgctat
tttaagattttatttgaatttccttaatttattcaaatgccatttgaataaatatttgatttaatcttat
aattgaatttacaatttaaacttatatttgcttttcaaatattttcttttatttccaaaatgcccgttag
ccactaaaaagccgccggttggaactttacgccttccatggggacgtttgcgcggtctacggacctcaac
gtcggaccgttggttgtaaagcccggcaaaaaccaaacctaaggtcgaagtgctgctcctgccaccccac
gccttgatgcgtacagcggtcggagcttcactatcccctcgacctccattgcacgccgcacagttagctc
ttgagctctgtgtgatcctagccgctctgccgccactcacggttgtcggagtaacacttccgccccacta
aacctgcacccacctcctattcttctagccgatatgttgtctatcgacacggctagaaatgataccaaac
ctagtcgtcatgctgtccaactctagcgacaactagcaaacacccaaaaccctagccgatatttatccta
cctcgatatcggcctaaacaactaaaccttagccactattctatcaaagccaaccttaacccatattagc
cacatgcctatttaaccatatcaactatccagtatatttcctatcgtccaaaccacgagagcctccacat
aaaatatagagcctagccgagatactgtcctactccacagtcgactcccatataactaaaccctagctat
tatactaccaaaacctaccactagcaaatactagccccataatccctataccctataaaagagataggtt
ataccttaaaccctagccctcttagtcgtttatcgttttcttattattttatggcttttattgaatttgg
ttcttcctctttctcagtaaagactattgtcttttggatggcaacctatggtatttcgagaatcgtataa
tcaggttgcctatcttggatttatttgcgttggagcaaggcaagttattattcctccccttgagcataat
tatcctatattctatatctctattctatgcattagccattcatgattttgaatgcataatctgaacatat
agcaaaccagttatatgctagcttttgcttagccctgcctagttagattgcataaaacataatgaactta
gattgggacagtacgcaagatttggttgatttccgggtggctagtactgtctcggtcgatataagtttac
caagtacttatgtcaaacgaacgagtacgatcgcagcttctagaatggggacagacctagatattatgtt
aattaacaatgtggtacctctgtacagtggttcttatataagtcctcgcgaaggaggcaaatatatgccg
cgaagggcaaatgtgatatttaccgaggcgcaggtaaatatcttgattatcgcgcgatgtgtgtgtgaat
ttatgaaaacctggttgagatgacatggggtctctcatccagttctctctaaaaaccccgggaacgccag
aactcctctcgctgctgataacattacattcagagcgcatgtggactagagttcatggaacaggtgccac
aattgttaataacctaatactaggccatgactaagctaatgattattggcaagtcgtagactgcgggtaa
agcgtacatctactgcaatatgaatatccttgaatctattcgaatagccgtgctcacggattgagcatcg
ggactcatatggtactttggttagaaatataattcaagattttcttaaatactgttgcatatcaagcatt
tcaggatttctacctctttattctcagctttctgcaagtaaacctagctctacacagatattaccatttc
atatattcattattggttaatataatagcttgctgagtacgttgtactcacccttgcttcaacccctctt
tttcagagtttaattggagtttttgccgaagctgggagttcaatcacataagttagttccctttaaacct
aatcttcaagtctagtgtagttagatggtttaattctatagtaaaacggcagagttgagtcatcgtatag
cctctgctgtaatagttagccacaaacttgtaaatgtcctattattttatataaagatatctcctttgga
gtctttaccaaatgtatgcgatgaagatctaaattgttgaacctgtatcaatctactgatccagggcttg
atacagttaaacatgtcggtttccgaatcgttagttttgagagccgaca
>TNR8   Oryza glaberrima DNA, transposable element Tnr8-1.
gagaaccaatgaaaagagtgaagtacagaaggtaatcacgttaagaaaaatgatgtgagaaacgcctagg
agtcttccggctagctccacaaggtggtgggctagacgacctggattcgaagtttcaccccttctaatta
ttgagtaaatttcacaaaactacaggtattttgacgaaattatcacaaaactacagatttaaggagttgt
atcataaaactacacatttagcaccaaatttatcacaaaactgcagattttaggttaagtatcacaaaaa
tacatatttaatattgaacttatcacaaaactacaacttttggagtttaaatccctagcaccattgttat
ggtgtagctataaacatgattaaattggttctaaacccgtagttttatgataatttagtttctaaacgtg
tagttttgtaacacttcatcttaaatgtgtagttttgtgacaaatttggtgctaaatgtgtagttttgtg
atacaactccttaattctgtagttttgtgatagtctagtcatagtatctgtagttttgtgaaatttactc
ctaattatttgatattaggtccttccctaatattcgcgtcttttttgttaagaaaaatgatgtaaccatc
tataaggacccaatcca
>WANDERER   Wanderer mobile element linked to Xa21.
gccaatcttcccagcacatgatgtgcgcacggaaaacgaagcagttcattagcgcgtgattaattaagta
tttgcttttttttgcaaaaatggattaatataattttttaagcaactttcgtatagaaactttttgcaaa
aaacacattgtttagcagtttgaaaagcgtgcgcgcagaaaacgagggggagaggatgggaaccagcaat
gccgaacacaaccttgaccattttcgc
