>OSTANR89   Rice tandem repeat units R8-R9.
ccctagagatactaaatttggagaggtggacctccaaagatttttctagaaatgacttaccataggccac
gaagcagcggttgtttcggcgaaacgtcgaatatctgagggtccacaactggttttcaacgaggtggtta
gtataggaatggcacataggacgttagggtggatagtttagatgatgtcggtgtcaggcgcgtcgactaa
ccgcgccgttaaggtaggctggcgggtgcgacaccgcgtaatgtagatggagaattctgtgcgaaattaa
aacttagataacgttgccttccggtcatggaattgagctaggtttttttgatggctgcagaatcacggga
ctcccactagagatactacatttggagaggtggacctccaaagatttttctaga
>TY3LTR_ZM   Zea mays mays clone mays53 retrotransposon, partial LTR sequence.
gaaggagaatgccgggaaagaagaagagaaggctggcgttcaaagaatgggccgcagaattagaaggccg
aatccgcgagtttcaggagctgaatgggtgaactagttgtgggctggtggtcgtattgggccaaattggc
ttgtaagacgttagtagtataaactgaataatgaagacagagtgaagggagaagaaattaatcccattca
gacttccacttcttcgtttcttgcctgctcttccgatatccttcctgttcctcttcttcttcgtcggcgg
cgagcgtcatcggacgaccagttcgttgacaattggtatcggcatccaagttccctgcggcgcctccgta
tttcacccgtcgcgcgaggatggcgggcgcagcagaccccagtgttgcagcggctttggatgcgcaatcc
aaatccatcgacatccagtccaggactcttgcgacgcaatcaaaaattcttcaacagttatc
>ATREP   Arabidopsis thaliana DNA sequence, complete transposon.
caatgttttcacgcccgacccgaaccgcccggtccaaccggttaaaccacgacccgagcacttctccggt
ttgggtttagtgctaaaacccactatctataaaaccaaaaaaacccataaaaacccgctattaacccacg
acccattgaaccggttgaaccgactgggtgtgggttttaaaaactatagttgattttggaacgaatatag
ggtttttggaacgaatatagggctttttcatagttcataatttcttctcaaacggcgactcaatctctcg
tctacactagccaaacaaaccagttagtttttctatctctcgttttaagtttgaaaatcctatttgtctt
tatttgtgagcatcatgatcattttatattgtatattgatatagtgatttctatactctcgtggcctctt
tgtcttggctccactgaatcaaatataatattcaaagtgtttttgcatcaaaataataattcagcttcat
gtttgatgtgcatgtctcacagatatttgtttgtttttttgtgtgaatttaataggtaatggaaacagaa
cacgatgaaaattatgaagatatagctgctgcaaaccgttcaatccgaggaaaaagtgatattgcttggt
cctatgtaattcaatcaaaagacgaaaaaggaaaaacggttttggaatgtgcattttgtcataaaaaaaa
aagaggaggtggaattaataggatgaaacaccatcttgctggcgtgaaagggaatacagatgcatgtttg
aagatttctgcagatattagatttaagatagtgaacgcattgaaagaagctgagaacaagaagaagcaaa
atattgttttggatgatacgaacttagacggtccagaaattgaagatgttgatggagatgatatccgagt
tgatgttcggccaagtcaaaagaggaagaaacaaggtattgatctacatgattattttaaaagaggtgtg
catgatcagacccaaccttctataaaagcatgcatgcaaagcaaagagaggaatacatgctgtggacatg
tctgttgcattgtggttttatgacgcttgtattccgatgaatgcggtgaattctccacttttcagcctat
gatgagtatggtagcaagtatgggacatggatatgtgggtccttcataccatgctctgcgtgttggattg
ttgcgtgatgctaagttgcaagtttctttgatcattgataagtttaaaagtagttgggctagtactggat
gtactcttatggcagatggatggaaggacacaagacaaagaccactgattaacttcttagtttattgtcc
caagggaattacatttcttaagtcagttgatgcttcagatatctatgcaagtgctgagaatttatgcaac
ttgtttgctgaacttgtgggaataattggttcagaaaatattgttcattttgtgactgatagtgcaccca
actacaaagctgctggaaagcttcttgttgaaaagtttcccaccattgcttggtctccttgttcagctca
ctgtatcaatcttattttggaagatgtggcaaaactaccgcatgttcaccatatagtgcgccgtatgtct
aaggtaaccatttttgttttacaaccataagccggctttaaattgggtgagaaaaagatcgggttggaga
gagatcattcgtcctggagaaacacgttttgctacaactttctcatagctctacaaagtctctatcaaca
taaagaagatctacaagctttggttacaagtgcagatcccgaactcaagcagcttttcaaaacatctaaa
gcaaaagtagctaaatcggttatcttggatgagcgaatgtggaatgactgcttgataattgtcaaggtta
tgactcctatcatccgtttgttacgtatttgtgatgctgatgagaagccttctttgccatatgtgtatga
agggatgtaccgagcaagattaggaattaaaaatattttccaagaaaaagaaaccctctacaagccctat
acaaacatcattgatagaagatgggatcgtatgttgcgccacgatcttcatgctgcagcgtactatttaa
acccggctttcatgtatgatcaacctacattttgtgagaagcctgaggttatgagtgggttgatgaactt
atttgagaagcaaaaaaatgacagcaaaacaaaactttttcaagaacttagggtgtatagagaacgtgaa
ggaagtttttctcttgatatggctttaacttgcagcaaaacctctcagccaggtaaattattaaacttga
gttaaacttgcattttattatctatatatataatataattttatttctatttagatgaatggtggagata
ttttggtcatgacgctcctaatttgcaaaagatggcaatacgaattcttagtcaaaccgcttcttcatct
ggatgtgagcgcaattggtgtgtatttgagcggattcataccaagaagcggaatagactagagcatcaac
gacttaacgatctcgtctttgttcactacaatttacgtttgcaacataggtgattatcattattattttt
tgtttcttaatttagcttagtttataacaagttccatgtttttaatgtacaggtcaaaaagaaaaagatc
atatgatcctgttgactacgaatctattgataagacagagttttgggtcgttgaagaagaagaagcaggt
gagcttgaatatgatgaattagagaatgctcttgctgaggaatatcccaaagatcttgaagacacaaatc
ctgaaacatcgaatggtatcttaaattattgattaaacttttcgaattgacttttagttatagataatat
gttgactaactaaacgatatgtctttgatgttttagattttgatgaagacttcacattgccgcctgaaga
ggatgtatggaatgatgaggaagacaatcgagattagttgttttgaatttgcgatgttttattactttat
ttctgttattgacttattggtgatctactagacatattgttattttagtattttaaaggttttatggatt
taaattttttaaactttatgtattgttatacttcttattgttattaaacatggtattattattattttta
tatataagttatataacataaactatataatctctatatatatcaaatgcattaaatcagttgacccgtg
gtctaacccggttgacccaatgacccggtgacccagaaggtagtccggttcactgtccgggtcgggcgtg
aaaacattg
>ATR1   An AT-rich repetitive sequence (a consensus).
atktaaraattattctaagttagatttatttagttctgatgtaatctttgataaaaattatagtataaga
ttaataatcctactatattatttgggaagtacattttaaatgtaaccttaatttttgtaagtaattacat
aggtatgccattagaaataaaattttaaagagtaaattaatttatctctttaaggattaaaaagtcaaat
actaatttaattaattaaatttaattaaaaaacgaaatacattattaatttccaaaaataataaccaatc
aaaatcaacatataagatttgatatctaaattttaattaatttaatttaattagaaaaacgaaatacatt
attaatttccaaaaaagtaaccaattaaaatcaacaaattagatttgatatctaaattatcatattaatt
ttttattaattattatagttcacttctcatctttatatgattctatttttgcgaaaaaataatatcatca
ttataaaaaaataattagagttttttcgcatatgccataatttgaatttttaaaaacgaatataaactgt
tcaatacatgaaaaaatattataacgggtgaaaaatagatttaagaaaactttctactgagtaacgggtc
ataattt
>TAT1_ATH   A.thaliana Tat1 isolate transposon-like element DNA.
ctgcagtaacagagtattttcttccttttcaagtcccaagaggtcaaaacagagtatcatcgttgtggat
gtcggattcggtccacttcggactaatccgcattcaatgggcttcaaggtgaattgggcccaattcacag
cccagcgtgagcctggccgtttaaagaataatccgacattaatacagaaacggaaggatcacgacttaaa
ccacgcattaaagtcccgagttgaagattcgtaacgtacgacgttaataacgcgagatccacagcgtgaa
gtcggcaagtattttaatacgtttgattcgatgtattgagtataaatatgagtcgatgacatttgtaaag
gggacggttaagaatacactaatactatacacaaaattaaaagacgctttcttcttggttcgattcgatt
attgttcgtttaacaagaccaaagatccccgtaaaaacaaccacaagattctaattgcggattccgacat
ccacaatcgtcatctatcatttttatgattcttctatacattttatactaaaattcaaaaagaaaaacta
accatgtacatctctgcaatttcatatctagtaccagacaagagttagggaaatgtgatctttggcaaat
tgtcatgatccgcttgatggcacttcttcaagattctcgaactctcttacgatctgctttatatcatcct
cactaatcctcccactttctcta
>RE1   Arabidopsis thaliana retroelement - a consensus.
gataatagactagagttggtttgtaatctttgatttcggttaagtgtaaaccaaacattaaaccgagata
ctctatcatataaagagtatctgtgtaacagaatcattaagttgaataacadaatattttcatcttcttc
gattctctctgttgctattatggtatcagagyratggatcwcraagatycrtccgattcaacctaawctc
tgwgtwtcttcragytyttggatcttccrawctygttgattcttykyttcttcrttcwatttctggaaat
ttcagttgtttmraggttcttykttgrtcttgcgatggttkccgtwgakaaattgcggcgtcgtactaga
agatcgagcaaaamttcagctgagaaaactccagatcgtgttcaarcttcaccrrwtccaccgattycac
ctccgwttcaacaaaatytcaaywmaaraccatcgatstatcctttwccacagttcgayttctcggatgc
tcantattcgccnttcgcgctctcaaatggtgatcatccaggtttwactcttgtttctcatattcttgat
ggaactaattatgayanttggacgatagcgatgagtattagtttagatgctaagaataagattggttttg
ttgatggatcttttccaagacctsctgatgatgatcctanttttagaatytggtstagatgcaayagtat
ggtkaaatcttggattctgaattctgtrtctaaggagatctataanagcattcttgtatttaatgatgct
gcagaaatctggaawgatctgtatactcgatttcacatnactaatctccctcggacntataagctgactc
agcagattcastctcttcadcaaggaacwatgtctctttctgattactatactnckttaaagactctttg
ggatganttgga
>ATR1   An AT-rich repetitive sequence - a consensus.
atcctactatattatttgggaagtacattttaaatgtaaccttaatttttgtaagtaattacataggtat
gccattagaaataaaattttaaagagtaaattaatttatctctttaaggattaaaaagtcaaatactaat
ttaattaattaaatttaattaaaaaacgaaatacattattaatttccaaaaataataaccaatcaaaatc
aacatataagatttgatatctaaattttaattaatttaatttaattagaaaaacgaaatacattattaat
ttccaaaaaagtaaccaattaaaatcaacaaattagatttgatatctaaattatcatattaattttttat
taattattatagttcacttctcatctttatatgattctatttttgcgaaaaaataatatcatcattataa
aaaaataattagagttttttcgcatatgccataatttgaatttttaaaaacgaatataaactgttcaata
catgaaaaaatattataacgggtgaaaaatagatttaagaaaactttctactgagtaacgggtcataatt
tgaaatatttatattcaatttcatacatattatattgaaaatttataatcttatatactacaataattaa
taacatattagatttttttatgtgtatgatgtgattcaatttttaatacaagctggaaaatcctagaatt
gacgggtttagatcgatattaatacaagatggtatactacaggtgaaactcttaaattaacaatcaaact
acaagtgtataatcttaaacactaaacaatatagataatatcaacaaaacatatacaactcacagtttac
tatacatttaaaatcaaataaaataatatcatatatttttaaatcatctttacaataaaagtttttagtt
taactaaaatataagcctacctgcggtatactgcaggttaatatctagattatagggcttattggatcta
aagacgggtcatcaaagatttcctaaactgaagcaaaatatactgaatattcaaatatctatctgttacc
aaattataaacaaataagttcgtaaaacaatttaatattttatatacgaaatcaattaaatcttaatcac
ataaaaattagcacaaaaaaaagtattcaacaattaaaaaattatcaaatctctgtgttatataagtttt
gatactatattcgaataaagtgtaatataccttttcaatttgtattctttaactaatttaagctaactaa
tatatttgctaatcttatacctatcaaaaccgactatcgtttcttatctctatagtatttttgcaagact
tttttggtggatttggataaaagtgcattcgggtcatatggtacattcccctattaaataaatatggtgc
actcctatgttattagctaaaatgtttagattataattcagagtcatatcattaataaaattaatattaa
taaaataaatggctttttggcaagacggatttggagggacgggtttttgaatcaacattaataaaaaagt
aaaatataattaatccaccgtttcaatacgggttaaatctttaatttattattttttaagaccactaata
ttaaacatatcaaatcatcctaatttagaaaagattatataaaaccaaaaatgttatgtggtatgtataa
tgttactatatataaaattaaactataaaatataaatgtattagagaatgatacaatttgcaaaactttt
atatataaaaaataattcttaaattttaaaaattactactttaaaaaaaaaatcacgggacgggtaaaga
aattacagaacgggttttattttggaattgggttatatggtggatgtatttgaatcaatatttataaaat
tttaaaatattattaatatgctgttttaataggggttaaaacttcagttttttaacaattgtctcatgga
ttcgtggtatagcgttacttaataacaattataaactgtaaaatataaatattttataaaaataaaattt
gcaagttttaatatatattacttttaaaaaataaatcgtcccgcggtataccgcgggttaaaatctagt
>ATREP1   ATREP1 repeat - a consensus.
actagattttaacccgcggtacaccgcggagacaatttattttttaaagttagtatatataaaaatttgc
aaattgtatctatctataaaatatttttattttatagtttacaattgttattaagtaacgtcctgccaaa
cccgtcccgccaaacccgtcccgaaaaaaaaccatttattttattaatgttgatcttatttatgatatgt
ttatgaatcattgtctaaatattttagtcgatgcgggacgttgaacccacacatttttcgccaattggtt
aatatatgttcatttttaaaatttcgaatcacaaaatatgacggawttaaawttgagatttttttaaact
ctatatattatataatgatgttaaaaatttttgatatattaaactttttataagtttaaatattaataat
gttttataaagtttaaatatataaataataatatttaaaaaattaatattttttgccttttaggtaatga
cataataactctaaaagcaaggatttagaagatttaaatctttaattaaatattttcattcctaaataat
taatgtcagtagcatgacattgtaaataagttcaaatacatgatttatttatttaaacaaaaaacgttta
gtaagaataatatttatttaaacaaaaaactttgttttaaaatattgttaacaaaatacgtttatgctaa
ttttaagggattgatgtgaagtttgtttggattaaatttgattgataatgtgattgacaatttaaattaa
gaatttaaagtaaaattaattattttggaaaaaagatttaatgctaatggcattgggttgtaaataagtc
caactctaggatttatttgctaaaatggctgcaaaaatgtatatatagat
>ATREP2   ATREP2 repeat - a consensus.
actagattttaacccgcggtataccgcggaaacaatttattttttaaagttagtatatataaaagtttgc
aaattgtatctatctataaaatatttttattttatagtttacaattgttattaagtaacgtcctgccaaa
cccgtcccgccaacccgtcccgtaaaaaaaactcatttattttattaatgttgatcttatttatgatatg
tttatgaatyattgtctaaatattttgtaattttgtagtaattaaatgctatcaaatatctctgcggttt
gatgattataatcgaattgttatagtcatggagaaaarcaatatcaaaaatgataattttgtagtaatta
aatgatattaaatattttggaagttttattttagtaactaatcgtgtagttaatgtggagagattttggg
aagattgttaaatgtcaaatatttaattcgaagattttctttctaattatcaaaaacaaatattaaaatc
cagtggcagccattgtaaataagtcccaactacaggatttatttcacaaaatggctgcaaaaatgtatat
atagat
>ATR2   An AT-rich repetitive sequence - a consensus.
atctatattattaattgggaagcattgtgtgaactacaacattgtaagggtagtttaaaactaactaaat
gaatttttgcatgggtaatttagtaaattaacaactactacaactaaataaatatcttggattttgttct
ttwaaaaaaacgaatttaaaatcaataaattaataactacccaatattttcggaaatcatttaaaaacgt
ttccataacatatcaggctattttaattcgaattgtatatatgtaaacttatttattttggtaatatgtt
attagataattcggaaacttcaatctaatttaataacaaattatcatttagtttagattttatacaattt
ccttaacaaaactatgttaattgtttctgattagtacacataaaaaataattttaaattatgatttagca
tattcaaaagagaatttttggattttagatttgtaattatctagaaaatagtttcagtatagattaaaat
atttaacattttaattagaatttaaatgatataaacttttaaagtatttttttaaaacaggtaattttca
ttattttaaaaatatatcactaagctaaatttgaattatataaaagaaaatatatttttaaacgtattat
aatagttacaagcttttggaatattcattcttctagattcgattatttctttttttttaaacagtaaaac
aaagtttaaataccaatgtttaaaatttttaatgcaaatattcaaaatgagaaaatattgattcacacca
atatyttatttttttctttgaaatttgaatgacttttttttggaacaaacagtaatatgatttttttgac
agatcattaattgtattcgaacaataataactaccatatttgcgataatgcataaggataagtttaattt
taaaaaataccaaaatcgttgagatcatagtaaattttagctttaaaaaaaaatattttcgtcatcctaa
atttaaaatatgtaattcagattagtttttttcagtaaagctaagattgaatccaaattaaaatctaatt
ttgcgtacaatctatctcttataattataaatgttatgcatacattcacattgcctcacaatcaatctag
aatatcgattctttaaaaaaaatagatagagattcataagtaaattacttcatgttctaatgatgtttat
ctcctaattttactatccatttatgcgtattcttatggatttttctttcagggtcaacactagattacaa
gaaactagccgggtgttggtcaatattataccacanataaaatcatggaattaacaatcaaaatatagtt
atacaatcttaaacaataaacaaaacaaatataacttaatttaattttttatttttaactaaaatcaaca
aatttatyagtttataaaaaacaaaataaaaattagcacgtggtaccctacgggtaaatcactacgattt
catgaggttgcaatatcaatttatacaaattttgacttttaaaatatactttatacaattattgaaaggt
atacactaaaaatcggttttatatactacaatatcataaatttataaatcacaaattatttttaaatata
ttaatccaagatgtaccacatgtcaatccctcgatttttttaatatattacaataacaatatttaaaaat
aacaaaataatatttaattttacggaatgaagttatatggtggaacgagtttgggttgatattaatacgg
gacgataatctacgagtgaaatcttagaattaacaattataacacaattatacaatcttaaacactaaac
aaaataaacaatatttacaaaacaactataacttaaaattygaatttttagttacaaaaaaatcgaccaa
cggtgtaccgcggagtaaattttacattatatcatctaattgatcaaatttcaaacaaaaacaattaatt
tatatatacatcaaactaacaaaaatacacagattttccaaatatctctatattattccgcaaatcgaaa
caaatctaacaatctatttactatgcaaaatacaaataaaatataaataatataaattaataaaaaaaat
tagctattgtatcataaataacactatacacttttctatgcacattataatttatacactayaatatctt
tcactaaaaatgtattccaatayatttcttaaaatatgaaaccccgcacgtatgtgcgggtcagaatcta
gt
>ATR3   An AT-rich repetitive sequence - a consensus.
atctatatatacatttttggaggggatttttgaagataatgttgaagatttgagccataattcaacaatt
aattcaaatgggtgggttttacccggtttaactctgttcggatcctggataacatgtttaattctgttct
gatcttggataacattaatttttggaaaagttacctaaaaactaataattaaaaacgaaaattaatgatt
taattaccaaatttaatataaacaatatctctaaactaaccatatttcttatttaccttaactaatttcc
taaaatatttctacctaatttaaacataaatatataattcttctttcayttttatttgatcttatacttt
atttattttgaatttatataaaatatatatagttaataaaatattatatttttttctgaatatgatgtaa
ttcaaattttttaaaacggacatatattattcaacctatgaagaaataatatgtgtacaatgtcccacat
cgcttagaaaaattggacaatggttcagacccatattataaaaggaccaaaatgattctgattacgaatg
agcaggaagcttgatttatcaggcgtccaaaattaaaatagttatccgattttactcggattttttattt
taaagaattgaaactttaaaatgtttcaagaaattataaatattataactttatcaaaagttaaatatta
taattttaaaaactttttataaagtttatctttaaaaaatgctttaaatatttataattttaaaacttat
aaagttttaaaaattataaattgaattttacaagaaatttaaacattataaatatataaaaaatatatta
atacgagacgatatattacaggaaaaatcttaaatataacaatcaaaattcaatgatgaattttgggtcg
atattgtattttttttaagtttcaaattttataatattgaaatttataagaaaatgacaaaattatgttt
aatttcacgggactgggttatatggtaggacgggtttgggtggataataattacgattttacaatgtccc
acatcgcttaaaaaaattggacaatggtcaagagccatactataaaaaggaccaaaatgatttcgattac
gaatgagcatgaaacttgatttatgaggtgtccaaaattaaaatggtttgtttactagggttatttattt
taaaaaattgaaactttaaaaagtttcaaaaaattataaattaaattttacaagaaatttaaacaatata
aaagatattaatacgggacgatatactgcgagagaaatcttagatataacactcaaaattcaatgatgaa
gtttgggtcaatattaatcttttttgaagtttctaattttataaatatttgaaatttataataaaatgac
aaatttgtgtttaatttcacgggacggggttatatggtgtgacgggtttgagtggataataacatgggat
agtatgctatggaaaaaaacatataattaacaatcataatataattatataatcttaaacactaaacaaa
attaacaatattaaaaaaaaacacttaaaactttaatttttttaaaacacattttgattcttttataaga
aatttaaacattataaatatttaaactttatactacgggtgaaattttagaattgactgtttgggttgat
aagaatttgcgatagaactaggagttaaatcctagaatgacaatcaaaatataattatacaattaaatac
taccacgagtgaaatcctagaattgacgagtttgaatcgatattaatatgggatggtgtactacgggtga
tattttagaattgactggtttgggttgataataatttgcgatagaattaggagtgaaatcctagaatgac
aattaaaatataattatacaattaaatactaccacgggtgaaatcctagaattgacgggcttgattcgat
attaatatgggatggtgtactacgggtgatattttagaattgactggtttgggttgataataatttgcga
tagaattaggagtgaaatcctagaatgacaattaaaatataattatacaattaaatactaccacgggtga
aatcctagaattgacgggtttgattcgatattaatatgggatggtgtactacgggtgaaatccgagaaac
aacaatcaaaatacaattatacaatattaaacatttaacaaaataaacaaatacaacttaaaactttaaa
atttgagttataaaatttcgtctcgcggtgaattatacatttaaatcaaacaatagcataaatttattaa
atcatcctaaaaaatattcaattattttttatttaataaaaatataggcccgcggtataccgcgggttaa
tatctagt
>TDD_DD   Slime mold (D.discoideum strain Ax-3L) transposons Tdd-3/Tdd-2 3' junction.
tctagaatacatcaaaaaagcaaaagatctgaaaancttatcagcaaaagaccataataacttcaaagat
cctaagatccttctcacttcaacgatcaagctaagaaaaacaacagctaattactattgtattccagaat
catctctcccaaatattatatcttttgatcaattcatatgattaaaataacccttcagcttaaatgataa
gcctttaaataaatattaaataaaactcgtattaacacagatggacatatatcaatcttgttaatccaat
attaaaaaaaaaaaaaaaaaagaaaaacatatccatcatcaatctaacatcaactacattcaatctatct
actctacacactaattccttcaatccttggattaggaataagaatagatctgaataaacgagaaagaaaa
aaaaaaaaaaaataaaaataaaaataaaaaatatttttatataaacacataattaaaaaaaaaataataa
aaataatataaaaaaaaaaaaaaaaaaaaaaaaaaaa
>AF018033   Magnaporthe grisea non-LTR retrotransposon MGL genomic sequence.
caagcatcctccaccattcatgggtcagacccacctttgttagcgattcacacccaaacacaccaataag
cttaacagctgaagaattttcgccctccgcgcggtcgtcatggcctcaccagaggtctcaaaccgccgcg
cgcgcccgcagagcacgccgcacggtttgccgcagggccaggccgagtcgggacacgtatctctcgacac
gcgcaccgctaacgcgcctcagccggctggccgcggaaggtactccaccgtcccggccctggccatcaaa
acactgcagcaggagttggaaaacgtggaaacagtcggcagctggctcgaagaggtctttgcagccaagc
tcgaaagtttacaggccccggaggacgccgcgcttaggagaattgttcttgaacttgacgacgtgatcag
cggctggttcctcagtcgcaccctccctgaaaaagagcgttcgcgctccccgtccggttcgccgaccagt
tccagcgaaaggcgcagcattttaattacgaggacgggcacggcgtcgtcggcctctaaaggcagaggca
cgcccactaacaaatcggtcacatgggccgagcgagccgccacgccaccagcggcggccccaacgcgaat
tttaaccccggccacgcgctcgtacccgatacgtacgacgcccggcaatgcacctgacagctccgcaact
ccctcccaatcgggccgggaccgctcccaagccccgaaacgtttgacagaacagccgtccaaccgcatcc
tgatccgcgtaaatgacaaattgcggatggtgacgagggagccatacgcggtaacgaccaaattggccga
attggtctcggtgccacacagtgaaatcccaaacgccaagcgtacccccacgggctggggtgttacggtg
gcctctgaggaaacacggcaaaaactcctcaaccccagcgcggtcaaggccattatggacgcattggacg
cgcgggaagtcactgtcccgacaacctggcacacatacgccgtctctggagtgccccgaacgctcaattg
cctggacggaagaaaggacgtacatgaggtaatccaggaggagattaccgtggcagcaggccagcagcca
gtcaactggcatatttccaaacatggttacgacccacatacggctgagggcacgtggatagtgtccttcc
ttcaacccgtaaagccctttcagctttttggagtgtcgaaacgtgcgcggaaggttgaaaaatcacgcaa
aattacacaccaccacgacggttgccagggatattgcgaaatacgtcgctgcgtacggcaagcgcgttgc
ggcatatgtggtgaagcaaaacatgcgacagaggaagagccgtgcaaggcagcccccaaatgcgttaatt
gccacggccatttcccatccggacatgagaattgccctgcccgacctttggtggtaaatgggaagcttga
acgaccttcacagcgtaaacttaaggggattcgcagaatcggacgtgccaaccgtgccgcgattatcaac
gaccgggccgaaacggcccgccgagagccagcacctgcaatcccggtcctaagcacctcatcgcagcatt
cgcaaacctcgagctcccgatcgagcatttcaaacaaaagagcgcggccatgcgaggcggcaggggcgga
catccgtaacttcctgcaggttgaacaggaacgcgtgcacgacgaaatcgtttgggcagccgaaatggag
gaggacgcagcggctgccgaaccttgccccgctgatgggatagacttggaagcaacccgtcgattaatat
gacgaaatactcgctcggcaatatgcagcgggaatgcctcgacgtagtttgggccaacgtaggtaaaagg
atgggtgtgcatctgagcctattggagttgtgccaccagagaaaggtggacctggttaacgttcaagagc
catggtgcgggctaaatacgactacacaaacgcacccgggctatgatgtttttgcgccagtggacgaatg
gcacgccaacacttacgaagccatgactgggctccggccccgggtgctcacctacgttaagaagggggca
gccctaagggccgcacaacgacggctaccgcagggccaaaatacgcgggacatactctggctcgaaatta
acggaatattgtttgttaacgtatatagggctccgggcactgaagccgcgctggaaatggtatgcaatac
cgtgccaaatggacccacggtgctaggcggcgattttaacgtagcggctgctgcataccagccgggccgc
gcaaacgcacgcggaggggaccaactgacggcatgggcgcaagcccaggggatgagttttacaggaaata
tcggcgtgcccacccaccgcgacgggggtttactggatatggtcttttccaacctccccagcacaataac
tgtggttgacagcagtctttacacaggctccgaccacgaatccctttataccacgctgcggacgcgcggc
gccccccgcccggaggcgatcaacgtttcggttagggacgaccggttaccaaagttcgcggagctacttg
cttttggcatgcaagacatgccggacccgggatccgcggccgatgcgtacgcattggacgcgtgggtagc
tgaatttacaactttatgggagcaagtgacgtgggtcgtgggtacgccggcgggaaaaagggacagctcg
gctccctggtggaccgaaaactgccagcgcgtctggtccgaattccagcgggttaaacggagcgctgtaa
atagggcagacgcctctgccgaggaaaaagcctatacgaaaggggtgcgggccgcgaagcgggagtactg
gaggcaccggatcgaccaactgcgcgacgataaggatttgtggaacatggtgggctggctgggagccgga
ccacgcctccggtccccgccgctggttattaacggcgagcaagtgagcgagcctttagcaaaagcggaag
cactgcaacgggaggtgcttggccgattttcggcggaggatgacctgcagggagaccccttggaggcctg
gtcgccggacgaggctaaaatcccttgggacacccaggttagtgcggaagaggcggagcgctcctgcatt
ggggttacgagcacgtccccgggcatcgacggaataaccgtccggctactaaaagccggatgggcttcgt
tggccgagccggtgcgcaggctctaccaacgttgcctggaactcggacatttcccagcgccttggaagaa
ggccgaagtcgcgatgctaccgaaaacggggaagaaagaccggagcagcgttcgatcctggcggcctata
gccctcctctcctgcatcggaaaaggcctcgagaggctcgttgcacgccggatagcttgggccatacacg
acaacgggctccttagctgcacccacggcggtgccctacccaaacgatcggcgacggatctggtttgtgc
cctcgcccacgatatcgagcaggctttagctcgcggggaggaagttacccttgtcgcatgcgacgtccaa
ggcgccttcgacgccctcctccatgggcgattaatacggaaaatgcggagcctcgggtttagtaaaatgc
tcctcaggttcgtgattaactttttaagcggccgccaggcccgagtccggctggagggtacgaccacggg
ctttaggcggcttgggtgcggcaccccgcaagggtctcccctttccccgatcctatatatgctatatttg
gcgtatctcgtcaaaaacggtacgaagtggcggttggcatacgcagacgacgtgcttacatggaaatcgt
caccctcgttggaggaaaacgtacgttggctggaagataaactccgggatatgcacgaaattgcggcgga
agagaagatccattttgcagcggaaaagacagaggtgatccatatcactaagaaaaggcacggtcgcaac
ccggaaatccggattaatggtagaacggttaccccggtccaactaccgggcggtcgacgcggacaaagcg
cctccggggccgagcgctacccgggcatgcgttggcttggtttttggtttagccgacggctagacgggcg
ccgccacgtggccgaaagggctgccaaagcaatggcggtcgctgcccacctcaagagctttggggcagta
agatacggaccgcctgcggctgcacttcgcaaggcagcggtggcatgcgtgggttcctcggccacctacg
cagccgaggcatggtacaacccagcgcacaagcaaagaggactcctcaaagcattgaacaaaccgctggt
tttagcggcacgggcaatcctcccggcgtataaaaccaccccctcgtccactgttctcagggacgcagga
ctaccctcggcccgcgtcgcgctggcctacacccgcctgaaatacggcgcccgactaaggctcgcggaca
aggggcacccccttgtcagccgcctgcgtgaaacacctcgtgcccgcaactcgggccattcggccacgac
cctgcaaacggctgcacaacttctcccgcggatccggagactagagttgcgcgcacctcgcaatgccccg
gattctcgcactgaccccaccggaggagtcccgaaagaggaagcggcccgccgctttatcgaatggctgg
acatggtatcacctgacgatatcgtggtatatacggatggttcggaaaaacacgaaaacaactgcgtcca
aatagggtacggatgggccgcttttagggcgggcctggaatttgccgcacgtgccgcatctattacgccg
gaaagccacgttttcgacgccgaggcgattggcgccctaaaagggctacaggcggcagccaaggcccagc
caggcgcccggatctggatttgtgtggacagcacctcggttatttggggtcttagaggcgacgcgccgcg
ttcgtcccaatgggcctttctggagttccataaccttgtcgatctactccgaaaacaaagtaccgaggtt
cgggtccgttggtgccctgggcaccagggaatcccgggaaacgaccgggctgacgagctggccaaggccg
gctccgccggaccgccggacccagacccgagggctcagcaaaccacgtatagcggtgccggcacggtcct
cagagccattctttcgaatatagagaaggactggtggcgtaaagaactctgtgaacggtcccccgcatat
agggaatggaaattccaatacacaccgagaaaggagcccgaggaactgcgtttgccaagacccctactgg
gccattatttggccatgaggaccggccacggcgatttcaaagcctaccatgaccgtttcaaccaccagga
tgcaaacacctcgtgtgcctggtgctggaagcggacctcccctgaacacccggtgcactgccgcttttcg
cgggcggtgtggagaaactggccgtggcctgacaacgaccggccggtcgggccgccagaccgcgcccaac
gccgcaaattcttccagacaagcctcgggcaaccgaaaagctttgaggcgttttcgatagccaccaacta
cttcagcgcccgccccagagcggcccgccagcgccccgcgcgccacgaacgcactttacgcctagggaca
ccgatcgtaaacgactcgaactctgacgaggaatagacttactgccttttcacccacacttcacggcaca
agccgctagacgaaccctccgtgcaccttaggcacggggtcgcgtcagtgaactaaccccctaagcagga
ccgggcccgaacccggtcaggcacgatccgcctctgccctccttgttttccccctgtgtaaataaagaag
atagaacgcgcgccgagatacccctcgggaggttgctaacggccggctaacaagccgggccgagcccggc
gttaactaatactactactactactac
>BRENSPM1   A portion of En/Spm-like DNA transposon.
atggctggctctgggactatttacgagttgcggaattggatgtatatgcatagagatgctaacgggagag
tgacgaaagaataccttgcggggctggagacatttatgcaccaagcagattcaacaccgctcgcccaaga
aagtggtaagatgttctgtccttgtcggaaatgcaacaattcgaaattggcaaaccgtgaaaatgtttgg
aagcatttaataaatagaggtttcacgccaaattactatatctggtttcaacatggggaaggttataatt
atgatcagaatgaagctagtagtagtaatagcaattttcaggaagaaccggttaatcatcatttgcataa
tgaacatagttaccatcaggaggagatggtagattatgatagggttcatgatatggtagctgatgcattc
gtagctcatgatgaagatgaagaacctaatatagatgcaaaaaagttttacggaatgttaaacgcggcga
atcaaccactttacagtggttgtagagaaggtctctctaaattgtcgttggctgctagaatgatgaatat
taaaactgatcacaatctacctgaaagttgcatgaacgaatgggcggacttgtttaaagagtatttgccg
gaagacaatgtgtctgctgattcttattatgagattcagaaattagtttatagtcttgggttgccttcgg
agatgatagatgtctgcatcgacaactgcatgatctattggggagatgatgagaagctcgaagcatgtcg
attctgcaagaagccacgattcaagccgcaaggacggggacttaatagggtaccgtaccaaaggatgtgg
tacctaccaattacagacagattgaaaagattgtatcaatcagagcagactgctgcaaatatgagatggc
atgccgagcatactcagacggatggtgagatgactcatccatcagatgcaagagcctggaaacatttcaa
caaagtacatccggattttgctagcaatagccggaatgtgtatctcggattatgcacagatggatttaat
ccgttcggaatgtcagggagacaatattcattgtggccagtctttcttacgccatacaacctgccaccgg
agatgtgcatgcaacgggagttgctattcttgacgatattgatacctggtccgaaccatccaaaaaggtc
cctggatgttttcctacaaccactgataaaagagttgaaggatttgtggtcaacaggggtgaggacgtat
gattgttcaacgaagacgaattttacgatgcgagctatgcttttgtggaccataagtgactttcctgcat
atgggatgttgtctggatggactacacatgggagattagcttgtccatattgtaatggaacgacagatgc
gtttcaactgaagaatggtaggaagacaagttggtttgattgtcatcgtcgatttcttcccattggccat
ccttaccgaagaaacaagaatttgtttaggcacaaaagggttgtgagagacacttctccaccatatctaa
ctggagaacaaattgaagcacaaatcgactactacggagctaacgaaacagttcgttggggtggtaattg
gcatgtccctcgtaatatgcctgattcttacggtgttcatcacaactggcacaagaagagtatattttgg
gagttgccatgttggaaggatcttcttctgcgccacaacctcgatgtgatgcatatagagaagaatttct
ttgagaacatcatgaatacaatattgaatgtcccagggaagacaaaagacaacataaaatcgaggttgga
cttgccggatatttgctcaagaagcgagttacatattaaaagcaatggacaagttcccgttccgatattc
agactgtcttcagaaaaaaagtcggtgttgttcaactgggtggcatcagaagtgaagtttcccgatgggt
atgtttcaaatctctctagatgtgttgaaaagggtcaaaagttctctgggatgaagagtcatgattgtca
tgtctttatgcaacgactactgccctttgcatttgcggagctacttccaacaaacgtacatgaagcactt
gcaggttcgtag
>RIRE3_I   Gypsy-type LTR retrotransposon RIRE3 DNA, internal region, complete sequence.
gttggtatcagagcccccttgaccctaggacgagctgtagatccgaagccttagcagtattttcgaaata
aaaatcctttgttatttgtgaaaaccctctagtctctctctgtcttgctgcttcatttatcgtcaaaatc
tgacctttaaaatgttgtttttcttttttgtttttgtttgtagatggccggcagcgtcacccgtcgtggt
ttggacatgactggcttcgtcttggagctgcggggcatgtgcgttgtcctggggtatccacatggagtgg
actaccaggccaggccgcttccggagcaggagggtgacgatgcagagccccacgctgcttgggaggtcac
tgcagtgatcctctctggctctcccgagcggacttcgctggcagtcaccgcgggtggggattccttcccc
gccgcttgccagagcgccgctctcctcgccatcggcacccttcactagcgctacccggacgagttgcagc
actcgccctaccgctaccaccatcgccgcggaggagcccgcgactacgccaccttccgggatgctagctc
ggaagatgacgttaccatcgtgcacctggcgcgcatggtggaggcgtatgacgcggctcgtatcgacttc
catcaaatggtgcgccgtgggatggttgaaaacaacttgaaaatcctggagctgcgtcaggagaacctgc
agctcaagaaggacttaaacgcggtggaggcgcagctgcatcagctcaagatcgcccagggagaggacag
ccgtcccaagcgtcgccgcgtcttccgcagccagaagatcaccgcccgcaagagcacctccaggcccgag
cttgttcgtcagtccctggcgtggacctgcttcgtcgagacccctcgtgccgagcccgcgcccgtggttc
cccaggagggggaagcatccggcgttggtagcacggaggatgcgctgttgctcaccttccgtcctggccc
gtcgcagcagtagacgagcagttagtaggctcgcgcgtgtgttctttctcgtttatcttcttgttgagtc
gtgtggggcatggttatgccggtgtgtggtataactgtgtcggagcctgtcttattttatttgcctaagc
aacttgaactctaatgaaccaatttaatagcagtaataaattcaagaattatggtagtcgtgggtggtta
gttttaatagttagctctttctgtttgctggatccgtgtggggtttacagatggtgacaaccaggagaac
tgctaataccggtgatggcaaccaacccgaaggcagcaacatcaacaaccatggcagcccacctccacct
ccgcctcctccaccacccccagacaccaacgccattctcactcaaatcctcgcccagcaagccaacatga
tggctgctttcctccaccacatccaaaatccaccacggcataatgctccacctccaccaccacccccgca
acactctgagctcgccgagttccttcgcattcgcccgcctaccttctccagctccaataaccccgtggat
gccttggattggttgcatgcagtggggaagaagttagacactgtgcagtgcaacgataaggagaaagtca
tctttgccacccaccagctgcaggggcccgcatctctatggtgggactacttccaggctacgcagcccga
ggggcagcctatcacctgggcccgtttcaccgccgctttccggagaacccatgtgcccgccggagtcgtg
gctcttaagaagagggagttccgagagttgaagcaaggcaaccgctccgtgatggagtatttgcacgagt
tcaacaatctggcccggtacgctccggaggatgtgcgggaagatgaggagaagcaagagaagttcttggc
gggaatggaccctgagctgtccgttggtctagtctctggggactatccggatttccaacgtctggtggac
aagagcatccgcttggaagccaagcacaaggagctggagtcgcacaagcgccgcttggcgaacttccgca
atcagcagggtgctaaccagagggtccgctacaccaatccctatccagggggatcctcctcgcagcagca
acaacaacagcagcagcaatcccgccctgcgcctcgacctcaattcgtggtgcgcgtcccacagccgcag
cagcagcagaatcagcaagggactcgtgcgccccgtcctcctacgccagctgtgcagcccgttcaaggcc
gcagggacgcttcaggtccgcagcgtctgtgcttcaactgcttcgagcccgggcactttgcggataaatg
cccgaagccgaggcggcagcaaggccaagcgcctccccgccccaacaacggcgggaaggatgtcattcgg
ggccgtgtgaatcacgtgacggccgaggacgtgctgacaactccagacttcatcgttggtacgttcctcg
ttcattccatccctgctaccattttgttcgactctggagcttcccactcgttcatatctatgccattcgt
ggggaaaaaccagttgggggtagaaaggcttagaaaccctctgctcatcaccacccctggaggggttatg
acagcaaagtattatagtcctgccgtccctatagaaatccaggggattccttttccctcggatctgattc
tgctagacaccaagaacttggatgtgatccttgggatgaattggttggctcaattccaaggagtagtgga
ttgcgcgagacgcactgtcactctgtaccgagggccggaacaaccggttgttttctttgcacccccaacc
tctgtcagaagttcagaactgcattagataggactgtcagaaatccccattgtcagagagttcggagacg
tgtttccggaagaactacctggtatgccgccccagcgagagattgagttccggatagatcttgctccagg
aaccactcctctgtacaagcgaccctaccgtatggcagcaaatgaactggccgaagtcaagaaacagttg
gaagagttgaaagaaaaggggtatatacgtccgagtacttccccatggggtgctcctgtgatttttgtag
agaagaaagacaagacgaagaggatgtgcgttgactacagagctctcaatgaagtcactatcaaaaacaa
gtaccctcttccccggatcgatgatctgttcgatcagcttaaaggtgccactgtattctccaagattgat
cttcgttccggatatcaccagttgcgcatccgggaagaagatattccgaagaccgcattcaccacgcgat
acgggctgtatgaattcacggtgatgtcgttcggtctaaccaatgctcctgcatttttcatgaacttgat
gaacaaagtgttcatggaatacttggataagttcgttgtggttttcatcgatgacattctgatatactca
caatcagaggaagaccatcagcaccatctccgtctggtgttgggaaagttgcgggaacatcaattgtatg
ccaaacttagcaagtgtgagttctggttgtccgaagtcaaattcttagggcacgtgatatctgctaaagg
agttgcggtggaccccgaaacagtgaccgccgtcactgattggaagcaacccaagacagtcactcaagtc
cgcagtttcttaggtttggcaggatactaccgaagttgtatcgagaacttctccaaaatcgctcgaccca
tgacacagttgttgaagaaagaagagaaatttgtgtggagcccgcaatgcgagaaggcgttcaaaaccct
caaagaaaagctggtttcctcgccagtgttaatcttgccggatactcgcaaggatttcatggtgtattgt
gacgcttcgcgccaaggattggggtgcgtgctcatgcaggatggtcatgtggtggcctatgcctcacgcc
agctacggcctcatgaaggcaactaccctacccatgatttggagttagctgcggtggttcatgctcttaa
gatcaagcggcactatctcattgggaatcgctgtgaaatatatattaatcataagtttttgaaatacatc
ttcactcagtcggatctgaatcttcggcagagaagatggttagaactcatcaaggattataatgtgggaa
tccactatcatcctggtaaggccaacgtggttgccgacgctctaagtcgaaagagccactgcaacactct
caacgtccgaggcattccacccgagcttaatcaacagatggaagccctgaacctaagcatagttggtcac
ggattcttggctgcgttggaagccaagcccaccttgctcgatcaaatccgcgaggctcagaagaatgatc
cggacatgcatggactcatcaagaatatgaaacagggtaaagctgctggtttcacagaggatgaacacgg
aaccttatggaacggaaagcgagtatgcgttcccgataacagagaacttaaacaactgatacttcaggaa
gctcacgaaagtccttattccattcacccgggcagtaccaagatgtacttagacttgaaggagaaatact
ggtgggtcagcatgaagcgggaaattgcagagttcgtggctctttgtgatgtgtgccagcgtgtcaaggc
agagcaccaacgaccggccggacttctccaacctctccaagtgccggaatggaaatgggatgaaattggg
atggatttcatcaccggccttccaaaaacccaaggtggatatgattctatatgggtagtcgtggatcgat
taaccaaggtggctcgatttattccggtgaagaccacctatggagggaacaaactagcggaactctactt
cgctaggatcgtgagtctccatggcgttcccaagaaaatcgtatctgataaggggagccaattcacctct
cacttttggaagaagctccaagaagagcttggtactcggttgaatttcagcaccggttaccacccgcaga
cagatggacagaccgagcgtctaaatcaaatcctagaagatatcgttcgcgcatgtgtcctagatttcgg
gaagacctgggataagagtctcccctatgccgagttctcctacaataacagttatcaagccagcatacaa
atggcaccttatgaagcgttgtacgggcgcaaatgtcggacaccgctattgtgggatcaagtcggagaaa
gccaagtgttcgggactgacatcctgagagaagctgaagctaaagtcagaatcattcgggataatctaaa
ggtggcacagtctcggcagaaaggctatgcagacaaccgtcgccgtgacttggaattcgcagtggatgat
tttgtgtatctccgggtaacaccattgcgaggggtacaccggtttcagacgaaaggaaactcgcacctcg
gtatgtgggtcctttccgtatcgttgctcgacgcggagaagtcgcttaccaattggagctgcccgcctcc
ttgggcaacgtgcatgatgtgttccatgtgtcgcaactcaagaaatgccttcgagtgccatccgagcagg
ccgactcagagcaaattgaagttcgcgaagatttgacctacgtggagaggccagtgaaaatcctggacac
catggagcgcaggaccaggaaccggataatccgtttttgcaaggtccagtggagcaaccacgccgaagaa
gaagctacttgggagcgcgaagacgagctgaagacagcccatcccgatctcttcgccagttcttccgaat
ctcggggtcgagattccgtttaaggggggtaggtt
