>PSLINE   Platemys spixii CR1-like LINE, partial sequence.
ctgcagaagagaaaaatgaggggggatttgatagcagcctttaactacccaaaagggggttccagggagg
atggagctaagctgttttcagaggtggcagatgacagaacaaggaacaatggtctcaagttgcagtgggc
gaggtctaggttggacattaggaaaaagtttttcactaggagggtggtgaagcattggaataggttacct
agggaggtggtggcatctctaccttagaggttattaagctgcggcttgacaaaaccctcgctgggatgat
ttagctagggttggtcctgctttgagcagggggttggactagatgaccttctgaggtcccttccaattct
aatattctatgattctctgacatggcatgccacatccg
>REM1_XL   Xenopus laevis REM 1 sequence (repetitive Eco RI Monomers).
gaattctgcactgaaatccatttctcaaaagagcaaacagatttttttatattcaattttgaaatctgac
atggggctagacatattgtcaatttcccagctgccccaagtcatgtaacttgtgc
>TOL2_OL   DNA transposon Tol2.
cagaggtgtaaagtacttgagtaattttacttgattactgtacttaagtattatttttggggatttttac
tttacttgagtacaattaaaaatcaatacttttacttttacttaattacatttttttagaaaaaaaagta
ctttttactccttacaattttatttacagtcaaaaagtacttattttttggagatcacttcattctattt
tcccttgctattaccaaaccaattgaattgcgctgatgcccagtttaatttaaatgttatttattctgcc
tatgaaaatcgttttcacattatatgaaattggtcagacatgttcattggtcctttggaagtgacgtcat
gtcacatctattaccacaatgcacagcaccttgacctggaaattagggaaattataacagtcaatcagtg
gaagaaaatggaggaagtatgtgattcatcagcagctgcgagcagcacagtccaaaatcagccacaggat
caagagcacccgtggccgtatcttcgcgaattcttttctttaagtggtgtaaataaagattcattcaaga
tgaaatgtgtcctctgtctcccgcttaataaagaaatatcggccttcaaaagttcgccatcaaacctaag
gaagcatattgaggtaagtacattaagtattttgttttactgatagtttttttttttttttttttttttt
tttttgggtgtgcatgttttgacgttgatggcgcgccttttatatgtgtagtaggcctattttcactaat
gcatgcgattgacaatataaggctcacgtaataaaatgctaaaatgcatttgtaattggtaacgttaggt
ccacgggaaatttggcgcctattgcagctttgaataatcattatcattccgtgctctcattgtgtttgaa
ttcatgcaaaacacaagaaaaccaagcgagaaatttttttccaaacatgttgtattgtcaaaacggtaac
actttacaatgaggttgattagttcatgtattaactaacattaaataaccatgagcaatacatttgttac
tgtatctgttaatctttgttaacgttagttaatagaaatacagatgttcattgtttgttcatgttagttc
acagtgcattaactaatgttaacaagatataagtattagtaaatgttgaaattaacatgtatacgtgcag
ttcattattagttcatgttaactaatgtagttaactaacgaaccttattgtaaaagtgttaccatcaaaa
ctaatgtaatgaaatcaattcaccctgtcatgtcagccttacagtcctgtgtttttgtcaatataatcag
aaataaaattaatgtttgattgtcactaaatgctactgtatttctaaaatcaacaagtatttaacattat
aaagtgtgcaattggctgcaaatgtcagttttattaaagggttagttcacccaaaaatgaaaataatgtc
attaatgactcgccctcatgtcgttccaagcccgtaagacctccgttcatcttcagaacacagtttaaga
tattttagatttagtccgagagctttctgtgcctccattgagaatgtatgtacggtatactgtccatgtc
cagaaaggtaataaaaacatcaaagtagtccatgtgacatcagtgggttagttagaattttttgaagcat
cgaatacattttggtccaaaaataacaaaacctacgactttattcggcattgtattctcttccgggtctg
ttgtcaatccgcgttcacgacttcgcagtgacgctacaatgctgaataaagtcgtaggttttgttatttt
tggaccaaaatgtattttcgatgcttcaaataattctacctaacccactgatgtcacatggactactttg
atgtttttattacctttctggacatggacagtataccgtacatacattttcagtggagggacagaaagct
ctcggactaaatctaaaatatcttaaactgtgttccgaagatgaacggaggtgttacgggcttggaacga
catgagggtgagtcattaatgacatcttttcatttttgggtgaactaaccctttaatgctgtaatcagag
agtgtatgtgtaattgttacatttattgcatacaatataaatatttatttgttgtttttacagagaatgc
acccaaattacctcaaaaactactctaaattgacagcacagaagagaaagatcgggacctccacccatgc
ttccagcagtaagcaactgaaagttgactcagttttcccagtcaaacatgtgtctccagtcactgtgaac
aaagctatattaaggtacatcattcaaggacttcatcctttcagcactgttgatctgccatcatttaaag
agctgattagtacactgcagcctggcatttctgtcattacaaggcctactttacgctccaagatagctga
agctgctctgatcatgaaacagaaagtgactgctgccatgagtgaagttgaatggattgcaaccacaacg
gattgttggactgcacgtagaaagtcattcattggtgtaactgctcactggatcaaccctggaagtcttg
aaagacattccgctgcacttgcctgcaaaagattaatgggctctcatacttttgaggtactggccagtgc
catgaatgatatccactcagagtatgaaatacgtgacaaggttgtttgcacaaccacagacagtggttcc
aactttatgaaggctttcagagtttttggtgtggaaaacaatgatatcgagactgaggcaagaaggtgtg
aaagtgatgacactgattctgaaggctgtggtgagggaagtgatggtgtggaattccaagatgcctcacg
agtcctggaccaagacgatggcttcgaattccagctaccaaaacatcaaaagtgtgcctgtcacttactt
aacctagtctcaagcgttgatgcccaaaaagctctctcaaatgaacactacaagaaactctacagatctg
tctttggcaaatgccaagctttatggaataaaagcagccgatcggctctagcagctgaagctgttgaatc
agaaagccggcttcagcttttaaggccaaaccaaacgcggtggaattcaacttttatggctgttgacaga
attcttcaaatttgcaaagaagcaggagaaggcgcacttcggaatatatgcacctctcttgaggttccaa
tgtaagtgtttttcccctctatcgatgtaaacaaatgtgggttgtttttgtttaatactctttgattatg
ctgatttctcctgtaggtttaatccagcagaaatgctgttcttgacagagtgggccaacacaatgcgtcc
agttgcaaaagtactcgacatcttgcaagcggaaacgaatacacagctggggtggctgctgcctagtgtc
catcagttaagcttgaaacttcagcgactccaccattctctcaggtactgtgacccacttgtggatgccc
tacaacaaggaatccaaacacgattcaagcatatgtttgaagatcctgagatcatagcagctgccatcct
tctccctaaatttcggacctcttggacaaatgatgaaaccatcataaaacgaggtaaatgaatgcaagca
acatacacttgacgaattctaatctgggcaacctttgagccataccaaaattattcttttatttatttat
ttttgcactttttaggaatgttatatcccatctttggctgtgatctcaatatgaatattgatgtaaagta
ttcttgcagcaggttgtagttatccctcagtgtttcttgaaaccaaactcatatgtatcatatgtggttt
ggaaatgcagttagattttatgctaaaataagggatttgcatgattttagatgtagatgactgcacgtaa
atgtagttaatgacaaaatccataaaatttgttcccagtcagaagcccctcaaccaaacttttctttgtg
tctgctcactgtgcttgtaggcatggactacatcagagtgcatctggagcctttggaccacaagaaggaa
ttggccaacagttcatctgatgatgaagattttttcgcttctttgaaaccgacaacacatgaagccagca
aagagttggatggatatctggcctgtgtttcagacaccagggagtctctgctcacgtttcctgctatttg
cagcctctctatcaagactaatacacctcttcccgcatcggctgcctgtgagaggcttttcagcactgca
ggattgcttttcagccccaaaagagctaggcttgacactaacaattttgagaatcagcttctactgaagt
taaatctgaggttttacaactttgagtagcgtgtactggcattagattgtctgtcttatagtttgataat
taaatacaaacagttctaaagcaggataaaaccttgtatgcatttcatttaatgttttttgagattaaaa
gcttaaacaagaatctctagttttctttcttgcttttacttttacttccttaatactcaagtacaatttt
aatggagtacttttttacttttactcaagtaagattctagccagatacttttacttttaattgagtaaaa
ttttccctaagtacttgtactttcacttgagtaaaatttttgagtactttttacacctctg
>EFG_GG   Chicken EGF-like repeat.
tgcgtgtgcgagccaggccggaaaggccccaactgctccgaaccggcctgcccacgcaactgcctcaacc
gcggcctctgcgtgcggggcaaatgcatctgcgaggagggctttaccggcgaggactgcagccaggctgc
ctgcccgtctgactgcaacgaccaaggcaagtgtgtggatggggtgtgcgtctgcttcgagggctacacg
ggcccggactgcggcgaggagctctgcccccacgggtgtggcattcacgggcgctgtgtgggtggacgct
gtgtgtgccacgagggcttcactggcgaggactgcaatgagcccctgtgccccaacaactgtcacaaccg
cgggcgctgtgtggacaacgagtgcgtctgcgatgagggctacacgggagaggactgcggcgagctgatt
tgccccaatgactgctttgaccgtgggcgctgtatcaacgggacctgcttctgcgaggagggctacactg
gagaggactgcggcgagctgacctgccccaacaactgcaacggcaacgggcgctgcgagaacgggctgtg
tgtgtgccatgagggcttcgtgggggatgactgcagccagaagaggtgcccgaaggactgcaataaccgc
gggcactgcgtggatgggcgctgtgtgtgccatgaggggtacctgggggaggactgtggggagctgcggt
gccccaacgactgccacaaccgcgggcgctgcatcaatgggcagtgtgtgtgtgatgagggattcattgg
ggaggactgtggagagctgcggtgccccaacgactgccacaaccgcgggcgctgcgtcaatgggcagtgc
gagtgccacgagggattcatcggggaggactgcggggagctgcggtgtcccaacgactgcaacagccatg
ggcgctgtgtcaatgggcagtgcgtgtgtgatgaggggtacacaggggaggactgcggggagttgcggtg
ccccaacgactgccacaaccgcgggcgctgcgtggagggacgctgtgtgtgtgacaacggcttcatgggg
gaggactgcggggagctgtcctgtcccaatgactgccaccagcacgggcgctgcgtcgatgggcgctgcg
tgtgccacgagggcttcactggggaagactgccgggaacggtcctgccccaatgactgcaacaacgtggg
ccgctgtgtcgagggacggtgtgtctgtgaggaaggttacatggggatcgactgt
>INV_GG   Chicken inverted repeat.
ggccccgccctccagggaggaggaggcagtggcgctcccgcccccgcctgggccccgcccctggtttcaa
tcaggtccgaccatacgccataacacccgcgcgcgccccgccacatcctcactggtgtcggacgactcag
gctctcggcatgtctggcagaggcaagggcgggaaggggctcggcaagggcggcgccaagcgccaccgca
aggtgctgcgcgacaatatccagggcatcaccaagccggccatccgccgcctggcgcggcgcggcggcgt
caagcgcatctcggggctcatctacgaggagacgcgcggcgtgctcaaggtcttcctggagaacgtcatc
cgcgacgccgtcacctacaccgagcacgccaagaggaagacggtcacggccatggacgtggtctacgcgc
tcaagcgccagggacgcaccctctacggcttcggcggttaaactcgtctccgattccggccacccgaact
cgtttttagcaacccaaaggctcttttcagagccgcccacttggttccaacaaagagctgtgtcacctcg
cctgatgtgacggggctttttcacttaatagttaggctcttttatctcccccagccgtattttcagctct
tcgctttccgtgtccggactgcagagctgtgtagcacagctctagcgcctcgcggcgtccctccgttccc
tcgcaagcggctcgctgcctccgcttccccgcagcaggctctcaccgggcagctttcgggctccgctcgc
tccagggcgcgctcttgacttctattcccgttgctagcgaccgggtcaggcacgtgcgacacagtgccca
ggcgcgaatccagcccctcccttcggcaccgcgtccggaaaggccaggagaagggggccggccccattac
tcacagaccgggggaagggcgaaggagaagcaggttctgccctgacaggaaccccccgaggtggggggag
aaatggggaagaggcggctattccgcttccgcccgcccgcaggccgcgcacgccgggctgcgcggcaaga
ggcggacaccacaacggaccccgcggtgtccgctccttttccccccaactgggcgtttcgcccgccctta
cgaaaggcgcgcgcggggcgcccacgcgggacgcggatgcgcggctgccgctcgagagggggacggggag
cggcttcagcgcagcgtttcgggttgcagtcaggacagggcagcgacgcccaggggaaaactcggggctt
cccgaacgaacacagcgcctctccggcggagctgcgagggccgcacggacggaaaaccccccagtgccgc
cgtgcgcccagcagtacggaacctcccgcaacaacacaccacacaagcactcgtcgagtcaccgcattcc
gagctctttctcgagactgtgggtggctctgaaaagagcctttgggtttcacttcgctgctcggcgcgct
tcctcggggccggcctacttagccttggccttgtggctgtcggtcttcttgggcagcagcacggcctgga
tgttgggcagcaccccaccctgcgcgatggtcaccttgcccagcagcttgttgagctcctcgtcgttgcg
gatggccagctgcaggtggcgggggatgatgcgcgtcttcttgttgtcgcgggccgcgttgcccgccagc
tccaggatctcggccgtcaggtactccagcacggccgccaggtacaccggggcgccggcgcccacccgct
ccgcgtagttgcccttgcgcagcagccggtgcacgcggcccacggggaactgcagcccggcccgcgacga
gcgcgacttggccttggcgcgcgccttcccgccctgcttcccgcgccccgacatcgccgatcagtcgctc
agaagctcaactgccaactcaacagaaatcaaaacacgcaacagctgcccgcgctcgcccgcgcgccttt
atatcccttccccgttgcgcgcccgccggctcctgataggcggacgtgtcctcacggggaacgagcgccc
aatggcgtagcgaatctcggcccgaccaatagcgacgggcgcccttccccgccccgcccctctctctgct
cacagcaatggcggggcgg
>LFFP2   P2000-17.
gatcaaagcatagataaagtcgaacctgactcaactccacagactagtctggttccactgccactatctg
aaacccccgacaatgacaccttattgagcggacttaagaatctgccccttgatgatgagctttgggataa
tgcactgtcacgatacactgcaagcactgagacattagaaaacatgagggatttaaatacacctgccctc
ctctccccagcgccagtgtgtgcagtatgcgctgaaggctcgcccgctgcggcgctacatccccaagaac
ccctaccagtaccagatc
>BRIDGE1_FR   sequence.
ttggcaatttttaccggggtttcaatttaaaaaaatttttttcaaagttttttggaaccttccggttgga
aaccccccttttggggggattccccccccggaattggggaatttgattggaaaagttctggaaacattta
aaaatcattttatttcagtcaaggaaaatttaaatatttcattaccagaaataaaagcattacaggagct
acaacataaaaagaatatagttattaaaccagcagacaaagggtctgcaattgtcattctggaccgggaa
caatatatttttgaagtagagcgacaacttaatgacacggaatattataaaaagttagaaaaaccaattt
atttagatacaattcccatggtagctacaattttagacacattaaagagaaagaaattcatttgcgaaaa
acaaaggaagtatttagttggggatgtagaacctagggaaaggagattctatattcttcccaaaattcac
aaggagccagaaaagtggacaattccatatgaactgcccccgggaaggccaatcgtctctgactgtggga
gcgagacatatttcactgcggaattcttagatttttacctgaatccgctgtccacaaaacatcctgcctt
tgtcagagacacttatcatttcatagagattataaaaaccttgaagattcctgcagattcctatttcttc
tctatggatgtggatagtctatatactaatatccccattgaatctggcatcaactgtattagaaatatat
ttgaaaaatatcctgaccccaagagaccagatgaagagctcttacaattattagaaataaatttgagcag
aaatgatttcatatttaatggtaaatactatttacaaaccaaaggaactgctatgggcaaaaggtttgcc
ccggcatatgcgaatattttcatggcaaactgggaagaagaggcactattgaaatgtaaacataaaccag
ctcactatctacggtatttagatgatgtttggggaatatggacaggatctgaactacagtttagggaatt
tgttgagaccttaaattcccacgatccctctattaaacttaaaacagaaattaataaacattcaattaat
tttttagatacaacagttttcaaagggccagattttctaaaaactgccaaattggacattaaagtatatt
ttaaaagcactgatacccatgcattgcttcataaaacaagttttcatccaaaacatacatttaaaggcat
agtaaaatctcaaattattagatttaagcgaatttgcacaagggatgaggaattcaaggaagcagtaaat
gttttatttaaggcccttcgtaaaagagggtattccaaaccctttttgaaacactgctttaaatctgttc
aaaaaagaaaaaatgggggagatcgtgggg
>LINE_FR   Fugu rubripes CR1-like LINE retrotransposon - complete cds.
gtattgcgtcacttcctgtcttctcaatcgttcgttggttgcactgtgcatggggtgttgtattcactta
atattgaacacttggtgtgttgtattcacttaatattgaacacttggtgtgttgtattcactttacttaa
aattttgaacacttgggacattctagtcacctgataacaacagtgagaaacaacccatattaaacaaata
cagggctccaccgattatcagcgttagcatggcctcaccgtctgtttcacccggtgtctttgtctgttca
gcgtgtgaaatgtttagttactcctctgcctcctttagtgaagggaataggtgcagaaagtgtagtttat
ttatggctatggaggcgagacttagcgagcttgagacgcggttccgcagcttggagttagctggagttgc
gtcaggtagccaggagaagctagctgctgcggagccgcctagcgtagctacagctagcggtcccccggca
gcagccgagcagccggctagccagggcggctgggtgacggttcgtaggaagcgtagcccaaaacaaaggc
ccacggtgcaccaccaaccgcttcccgtggctaaccgcttttccccactcggcgacacacccgctgagaa
accgaccctggtaattggcgactctgttttgcgctacgtgaagccgactccagcgaccatagttaagtgc
attccgggggccagagcgggcgacatagaagcaaatttacggctgctggcgagacgtaatcgtaaatttg
gtaaagttattattcacgtcggagccaacgacacccggcttcgtcagtcggaggtcaccaaaattaactt
ggagtcggtgtgtaactacgcaaaaacgatgtcggactccgtagcattctctggtcccctccccaatctg
gccagcgaggagatgtttagccgcatgtcgtcgcttcgtcgctggctgtcacggtggtgccccgaaaacc
aggtggcctttatagacaattggagcactttttggggaaaacctggtctgattaggagagacggtgtcca
tcccacacgggatggtgcttctctcatttctagtaatttggctaattttattagacccaaagtgacctga
caatccagggtccagaccaggatgcagagttgtagtcttacacacctctctgctgcttccttagaaccct
catccaccaacaataacatatttaacactatagaggtagtctctgttccacggttaaaagttcaccaagc
acagagcaggggagcggtcaatcaccataatcttattaaaattaataccaaagcacaagttggagaaact
aatatcacaattaagtgtggactgttaaatattagatctcttttgtgtaaatccctgttagtgcacgacc
tgatagcggatcatcacattgatttattttgtcttactgagacctggcttcaggaggaggagtatgttag
cttaaatgaatctactcctcctacccatcttaattatcatattcctcgtgttactggtcgaggaggggga
gtggcagcaatctatcactccaagttattaattaatcccagaccaaaacatggcttcagttcatttgaaa
gcctgactcttggcatcactcatctgaactggaggacagaaaagccacttctgtttgtagttgtatatcg
gccccctgctgggccacattcagagttcctgtctgagttctctgacttcttatctgacttggtccttaga
acggacaaagtcattatcattggagactttaacatccatatggacgttataaatgacagctttagaaatg
gcttcatttcattacttgagtcagttggtttcctccagcagataaaccaaccaactcacagctttaacca
caccctagatctagttctgacttatggtgttgaggtagaacatgtgtcagtgttccctcagaaccccctc
ctgtcagaccattctttgatcacttttacatttatgattaaggattcttctatgctcagaacacagtctt
actatagcagatgtctttcagataatgctgtagctaagtttaaggaagcgatccctgtgctgatcccagg
accaccgtgtgtttccccagggatcaatcattacaatcttagccctgctgaggttgactctattgctgaa
ggtgcagcaacctcactgagaatcacgcttgattctgttgcccccctgaaaaagaaaatagtaaatcaga
ggaggtgtgccccctggtataattcacatatcaggaccctcaagcagaaagtgcgaagactggaaaggaa
gtggcattcttgtaaaatagacagctaccatgtagcctggaaagactgtctattagtttacaaaaaggcc
cttcgcaaggctagaacagcttatttttcttctttgattgaggaaaataagagcaaccccaggtttcttt
tcagcactgtggccaaattaactaagagtcacagtgttttagatccacgtatcccttcttcccttagtgg
tgaagacttcatgagcttcttcactgataaagttctagctatcagagaaaaagctaaccaggccatccca
acaactggaccatcaccagatgtgctgactgtgggaacatacagggtctccaacgagcccttaaactcct
tcagccctatatatttttctgaggcgtcatcgctaattcagaaatccaagaccaccacgtgtcttttaga
tcccatcccaacacacctgttgaaggatgttttaccattgataggcagttctatcctggaccagatcaat
ggttctttagtgtcaggttatgtaccccggtcctacaaggtggcagtgattaagccgttgcttaaaaaac
catcactggatcctgatgtcttagcaaattataggccaatatccaaccttccttttatctctaaagttct
agagaaggtggtggtgactcagttactggagcacctgcagaggaacagcctgtttgagatgtttcagtca
ggctttagagctcaccacagcacagaaacagcacttcttaaagtcactaatgatcttctcatagcttccg
atcatggactggtctctatgctggttctgctggacctcagtgctgcttttgatacagttgatcacagcat
cctgttacagagactggaacatgtgattgggattaaagggacagcactagactggtttagatcatattta
tctgatagataccagtttgctcatgtccatggtgttccctcctcatacagtagggttagccatggagttc
ctcaaggttctgtacttggaccaatcctcttcaccttgtacatgcttcccttagggaacattattcggca
gcatgggataaattttcattgttatgctgatgacactcagctttatttatccatgaaaccagaggagaca
gagaagttagtgaagctccagacctgtcttaaagacataaagtcctggatgtcttcaaatttcctcctcc
ttaacccaggaaaaactgaggtcatggtgtttggtcctgaacctctcagggatagattagatcacatgat
cactctagatggtatctcattaacatctagtctctctgtgaggaatctaggagtaacttttgatcaaaat
ctctccttcaactcacacattaaattagtctctagaagtgccttttttcacttgaggaacatcacaaaga
tcaggaaactactgacacggcatgatgctgaaaagttagtccatgcatttgttacttccaggctggacta
ttgtaattctttattatcagggtgtccaaacaactctttaagaagcctccaggtgatccaaaatgctgca
gccagagttctgacaggtattgacaaaagagatcacataactcctgtactggcgtctcttcattggctgc
ccattaaatttagaataatttttaaaactcttcttctgacctacaaggtcctcagatgcctagctccatc
ctacctggaagagctagtgacaccttatcagcccaatagaccgctccgctctcagaatgctggtctactt
gtggttcccagagtttctagggttagaatggggggccgagcatttagctaccaggcccccctgctatgga
accagctccctgtccaggtacgggaggctgactccatcgctacttttaagatcagacttaaaacctacct
ctttgaaaaagcttattgttactaattctggagttccagttactatcatagacagacaaataatcatact
tagggggtcgtctaatcattaggttaacatcttagtcatgctgttataggccaaggctgccggggtccag
aaacatgatcacctgacaggcctctgtcaccccactgggtcatggtttcctctttacccagccggccatc
agcaggagggtccccctacatgagcctggtcctgctcaaggtttcttcctgttaaaggggagtttttcct
tgccactgttgcttgtctggggtcaggccctgggattctggaaagcgccttgaaacaattttgattgtat
aagacgctatataaataaagattgattgattgatt
>BRIDGE1_FR   sequence.
gggggaattgggttcccccgcgtggcggccgtttagaaatagtgttcccccggggtgcagggatttgata
cccctaatcttaccctaaccctaaatcctaacccaaagattaaatattacatttgatatcaaactaattt
aatttggcatttagggggttaaaatggtagggtgaaaaaatgaaaaaagaaaaaacatcgcgtatatagt
gttttttaaaaaaaagcgatgccacagcagacactatataagggactcgagttcgcaaaaagggaccatt
tgcttttcaaccagcgtatggaacacatcgtccacagccaatacagcgagccagcttttggttatttagt
gtgccctacctgaagaagacccatagggggtcgaaacgtcgttttttggcacactcttccttagttattt
aatacatttattgatttttggttttattttacttaccttttaagaaaagggagaaattaaaagaaaaaaa
tacttacccttaaaaaaataaaaaaaaaaacaaaataaacaaaaaaaacattaaaatacttacctttttc
ctttcctattttttggaaagcgcttttatttcaaaaaactttctaaaataaataactttcctattttttg
gaaagcacttttagttcaaaaaactttctaaaataaataacttaccttgatttatggagccgggttggac
ggaggtgcgctatggcaggggtcgccagcgtgcccatcgtcaacaacaaggatttcagggttatgggagg
tcggttgggaggaaggaccgtgctttccctgtctcgtatgggaggcagggtacattcccctaccctatcc
ggccagtgcttcctccacggatcgcccattaccctgttcctcaacagcgtacatatgcagcagtggttcg
gcaagggtacccgcaagcatcccaaagacgggtgtttccaagggccagtaggccgggggtccaataccaa
taccaataccaaccagctgacccccagtttgggaaactggtacgcaaactacattcagtgatcaaaacag
tccaccacctacaaaatgtggctccaaaggaggggaaacctgaaccccggatgatttctcggatggtgga
tatcctgacagatatgattaagcctgctgctcccacacagcgcacaaaagacttgatttctgggaatgct
aaaaattggggttataatacctacctgattttgatggagcactacgaagcaaacctagcagaatatctgg
atgaagtatctggcctcctcacgccagaatggagggcagcctttgaggtggctgttcgttgggctcgacg
aaacttacctcgtattacacgggacgagatagaccatgcccaggcattggtaacagctcgagtggacact
atggtcccggcagtggttcaggtcccgcagcagaccacagtcagtacagacacgagggacctggcatgtg
ggcattcaccacgacagactgttgtcacagctgcaacccagtgttgtggacagtgtatagctcaagtggt
tctagggacgagatagaaggaagggctgagactccattacagccgacaaccaagagagcggtcgttacta
tgactgactctactggccagcattcggactggcactttgatcccccatacgtagagcctcctcgggagct
tagagtgggacgtaagtgcctaaggaagaccaaacattttgtcccaaatgaggacgacttactacaggat
gacccagaagatttgatggggagggggacacccgttggagacgccacactcctggacctaagcggtcttt
ttgtggaatctcaaaatgaggaagctgaggtcgggaccgctagacacgagatggttgttcaggctccccg
agggccctccttatttgaggaggatagctttgaggactccttcgaccatttcgtagaggcgggccctcca
atgtttcaggtgttgagacaccctaatacccaaaggaaattgattgattgggacttggtggttagaaaga
aatggttgatcattggggattcaaatctctgcagtttcccagattttgccatcaagaacctacagattga
tagttatccaggggcccacttccgccatgcacaggctcttattgaaaaaactgaaccacctttagatttg
gtagtggaaaagattgtactgtcctttgggatcaacagtagggggaatagctcgaagggaactacggtaa
aaaacgtccaggctgcccttcgggttgcaaagaaaaaatttccctatgcagagatgtgggttcctctgct
caatttctcgaataatcttcctgaggaggaaagggagaacctccaacttctcaatcaccacctggagagg
aacatgcccttcattcctcttctgccgggaagattctttcgcacagggacagataatgttcattggacag
ttgaaacaggaagggctatgtttcaccattggatggagtttttaaacttcaccaccccttgagtctggaa
cagagagggatagatggaccacagtcctctcattctcaggaagtggttgttctagctaaaaatttcaaac
tttttagaccacaacaggacctgttaagcaaagggttgtcgttcattccttcttggaacgtaggcaggga
tcaaaaggtacagctccaattggacattcaaaattatcaccgtaagattaaattggcaacttattacaga
gattcaactaaaaaactatattcaaagtttattggaacctcagattggacaccaccattgggggaattgc
caccggtaattggagaattgattagaaaagatctggaaacatttaaaaatcattttatttcagtcaagga
aaatctaaatatttcattaccagaaataaaagcattacaggagctacaacataaaaagaatatagttatt
aaaccagcagacaaagggtctgcaattgtcattctggaccgggaacaatatatttttgaagtagagcgac
aacttaatgacacggaatattataaaaagttagaaaaaccaatttatttagatacaattcccatggtagc
tacaattttagacacattaaagagaaagaaattcatttgcgaaaaacaaaggaagtatttagttggggat
gtagaacctagggaaaggagattctatattcttcccaaaattcacaaggagccagaaaagtggacaattc
catatgaactgcccccgggaaggccaatcgtctctgactgtgggagcgagacatatttcactgcggaatt
cttagatttttacctgaatccgctgtccacaaaacatcctgcctttgtcagagacacttatcatttcata
gagattataaaaaccttgaagattcctgcagattcctatttcttctctatggatgtggatagtctatata
ctaatatccccattgaatctggcatcaactgtattagaaatatatttgaaaaatatcctgaccccaagag
accagatgaagagctcttacaattattagaaataaatttgagcagaaatgatttcatatttaatggtaaa
tactatttacaaaccaaaggaactgctatgggcaaaaggtttgccccggcatatgcgaatattttcatgg
caaactgggaagaagaggcactattgaaatgtaaacataaaccagctcactatctacggtatttagatga
tgtttggggaatatggacaggatctgaactacagtttagggaatttgttgagaccttaaattcccacgat
ccctctattaaacttaaaacagaaattaataaacattcaattaattttttagatacaacagttttcaaag
ggccagattttctaaaaactgccaaattggacattaaagtatattttaaaagcactgatacccatgcatt
gcttcataaaacaagttttcatccaaaacatacatttaaaggcatagtaaaatctcaaattattagattt
aagcgaatttgcacaagggatgaggaattcaaggaagcagtaaatgttttatttaaggcccttcgtaaaa
gagggtattccaaaccctttttgaaacactgctttaaatctgttcaaaaaagaaaaaatgggggagatcg
tggggatttgatccctcttattacaacatattcttcggttaataaatctctaaacataggtttgaaaaca
atttgaaaa
>BRIDGE2_FR   sequence.
atcttacagaaagaacaaccttaacaccggcccaaatctgcaccatgctggacctgtgtttgaacaccac
ctatttccaatacagagaaggcttctacaggcagaaacatggctgtgccatgggctcaccagtatccccc
atagttgccaatctatacatggagaaggtggaatcccaggccctgacatccttcacaggaactgcgccaa
gccactggttcaggtatgtggatgacacctgggtcaaaattcaaacacaagaattggaagcgttctccga
tcacctcaacaaaacagacgagcatgtaaaattcacccgggaagaggtaaaaggaaacagtctggccttt
ctggactgcgcagtcaagatcactgaggacagaaatcagtagtcagaaacacagtctgtcagtccatcca
ggtcctcaccatgtggttcacagagagcagaccagttggtggtctccagggcatcccgcagacagtccat
ggcaccatctgaccatttcctaacagtcctcacagtgactgattgctgctgaaccacaggtgtgtatgat
ggggagggcagmaggagattatgatcagacttgcggagcggagggagtgcagtggaag
>CR1POL   Gallus gallus reverse transcriptase gene, 3' end.
tcgagggatgtgggcctggcaaatggtggggtcaggaccctgaactttggaagagagaactttaagctgt
tcaatggatcgttagccatgatcccctggaatgctgtcattaaagataaagatgttgaggagagctggct
actcttcaaggatgccctcctgaaagcacaagaggtctccatccctctgaataggaaagtgggcagacga
gataggaaaccagcatggctcggcaaggacctgctgggcacactgagggtgaagaaaggtgcgtacaagc
tctggaaacaagggcgtgtcacctgggaagagtacagggatgctgtccggacttgcagacgtaggatcag
gaaagccaaggcgcaggtagaactgaacttagcgagggatgtgaaaaacaataagaagacattctacagg
tacattggccagaaaagacagaccaaaacaggtgtaccttctttagtaaacttaaaaggagaactggctt
caacggatgaagagaaagcggaggtactgaatgagttctttgcctcagtcttcactggaggccaggattc
cagtctttctcacgtccctgagccctgcacccccaagcctccaggtggggaccaggggggtaaatccccc
cccacactaagggcagagcaagtccgagaccgcctcatgagactggatgagtacaagtcttcagggccgg
atggtgtgcatcccagggttctgaaggagctggctgaggtggttgctgagccactctccatcatatttga
gaagtcatggctgtcaggcgaggtcccagatgactggaggaagggttacgtcactcccatttacaagaaa
gggagcaaggaggacccagggaactacaggccggtgagtctcacctctgtgcctgggaagatcatggaac
agatcctcctggatgacatgctcgatcacatgaggaatgagcgtgtgatccgagacagccagcacggctt
caccaggggaaggtcatgcttaaccaatcttgtggccttctatgatggagtgacggcgttggtggatgag
gggaaggcgaccgatgtcatttacctggacttgaccaaggcctttgacatggtcccccaccacatcctta
tctccaaattggagggatgtggatttgatgggtggaccactcattggataagaaattggttgaaaggccg
cagacagagggtggtgaccaatggctctatgtccaggtggaggccggtaatgagcggagtcccccagggg
tctgtcttgggaccggtgctctttaacatctttatcaatgacattgacgatggaatcgagtgcaccctca
gcaaatttgctgacgacaccaaactgagtggtgcggttgacacggaggaaggaagggatgccattcagag
ggaccttgacagacttgaaaggtgggcccgggtgaacctaatgaggttcaacacggcaaagtgcagggtt
ttgcacttgggctggaggaaccccaggcatctatacagactggaaggagcagtccttgagagcagctctg
cagagaaggacctgggggtcctgatggatgacaaacttaacatgagccagcagtgtgctcttgcagctca
gaaagcaaatggtatcctgggctccatcatgagaggggtggccagcagggacagggaggtgattgtccct
ctctactctgctcttgtgaggccccatctggagtactgtgtccaggtatggaggccccagtacaagaaag
acagagagctgttggagagggtccagaggagggccacaaagatgatcagggggctggagcacctccccta
cgaggacaggctgagggagctgggcttattcagcctggagaagagaaggctgcgcggtgacctcattgca
gcctttcagtacctgaagggagcctataaacaggaagggagtaaactctttgaaagggtagataacagca
ggacaagggggaacggttttaagttgaaagagggaagatttaggttggatgttagggggaagttctttac
caggagagtggtgaggtgctggaacaggctgcccagagaggttgtggatgctctgtccctggaggtgttc
aaggccaggttggatggggccctgggcaacctggtctagtaaatggggatgttggtggccctgcccagca
ggggggttggagattcgtgatcctcgaggtcccttccaacccaggccattctgtgattctgt
>CR1_GG   Chicken CR1 repetitive sequence.
tattgcatccaggcctggggcccagcatgagaaagatgtggaactgttggagtgggtccataggaggcca
tgaagacaatcacagggctggagcacctctcttatgacgaaaggctgagggagctgggcttgttcagcat
caagaagggaaagctgagaggacacctcattggagtcttccagtacttgaagggagcttgcaagcaggaa
ggggaacaaacttctacatggtctgaacagagatagacaagggggagtggctttaagctaaaaagaggga
agatttgggtgagatgttgggaagaaatactttactcagaggttggtgtgacactggcactgctgcccag
agctgtgggtgccccatccctgtacatgagctgaaggccagattggatggggctctgtgcagcctgatct
ggtgggggcagccagcccatggcaggggttggggtagatgggttgtatggcccttttcaacccaaaccat
tcaatgattctatgattctcagataagcctgcctgcccatatctgagctcacggtgctcgctggg
>TC1L_SS   Tc1-like DNA transposon (inactive).
aactatagtttttggcaagtcggtttggacatctactttgtgcatgacacaagtaatttttttcaacaat
tgtttacagacagattatttcacttacaattcactgtatcacaattccagtgggtcagaagtttacatgt
actaagttgaatgtgcatttaaacagcttggacaattccagaaaatgatgtcatggctttagaagcctct
gataggctaattgacataatttgagtcaattggaggtgtacctgtggatgtatgtcaaggcctaccttca
aactcagtgcctctttgattgacatcatgggaaaatcaaaagaaatcagccaagacctcagaaaaaaaat
tgtagacctccacaagtttggttcatccttgggagcaaattccaaacacctgaaagtaccacgttcatct
gtacaaacaatagtacgcaagtataaacaccatgggacctcgcagccatcataccgctcaggaagacgcg
ttctgtctcctagagatgaacgtagtttggtgtgaaaagtgcaaatcaatcccagaacaacagcaaagga
tcttgtgaagattctggaggaaacaggtacaaaagtatctttatccacagtaaaaaggtcctatatcgac
ataacctgagaggccgctcagcaaggaagaagctactgctccaaaacccacataaaaaagccagactacg
gtttgcaactgcacatggggacaaagattgtactttttggagaaatgtcctctggtctgatgaaacaaaa
atagaactgtttggccataatgaccattgttatgtttggaggaaaaagggggagacttgcaagccgaaga
acaccatcctaaacatgaagcacgggggtggcagcatcctgttgtgggggtgctttgctgcaggagggac
tggtgcacttcacaaaatagatggcatcatgaggaagaaaaatgatgtggatatattgaagcaacatctc
aagacatcagtcaggaagttaaagcttggtcgcaaatgggtcttccaaatggacaatgaccccaagtata
cttccaaagatgtggcaaaatggcttaaggacaacaaagtcaaggtattggagtggccatcacaaagccc
tgacctcaatcctatagaacatttgtgggcagaactgaaaaagcgtgtgcgagccaggaggcctacaaac
ctgattcagttacaccagctctgtcaggaggaatgggccaaaattcacccaacttattgtgggaagcttg
tggaaggctacctgaaacgtttgacccaagttaaacaatttaaaggcaattctaccaattactagttgag
tgtatgtaaacttcttacccaccgggaatgtgatgaaagaaataaaagctgaaataaataattctctcta
ctattattctgacatttcacattcttaaaataaagtggtgatcctaactgacctaaaacagggaattttt
actaggattaaatgtcaggaattgtgaaaaactgagtttaaatgtatttggctaaggtgtatgtaaactt
ccactttcaaatgta
>TOL-TYR   DNA transposon Tol-tyr.
cagtagcggttctaggcacgggccgtccgggcggtggcctggggcggaaaactgaaggggggcggcaccg
gcggctcagccctttgtaatatattaatatgcaccactattggtttacttatgtcacagtttgtaagttt
gtaacagcctgaacctggccgcgccgccgccctcgccccgcagctgcgctctcctgtctttgagaagtag
acacaaatgtgtgtgaagaaggagaagggagggggcgcggggtgagcacggagcgtcgccgcgtttgcgc
atgcgcaaaacctggctggctcatctttcaggggaggcgacggtcgcgggcttgatgaaaaaaataaaag
taaaaactgcgactgcgccgtcatgtagcgaatcagcgcccctggctgtagctgcacgcgctcctgctgg
aaatgtgtgaagaggggggggggggggggggctgcggggaatcagttcaattgtgggacgcttccaaatt
aagtggctaggtggggacaagggcgggggtttgaatctacttcataaaacctttttatattataagtcag
tcataaggtgacattctataacctacattttaataaaggtataaaaaatatattctgctttttttgggtt
aattttgtgtgaaatgtccaaataaaaaaaatggcaacacaaaacaatgctgtcactaaggtgacagttg
gttcagtcgacggacttgatgccttcttcgtgacgtgaggacatttatgccaaacaaacgccaataaaca
tctaaaatatggaaaagaaaaggtcaaagccatctggtgcccaatttagaaagaaaagaaaagaagaaga
ggagaaaagagataaagaaaagggtaagtcctcacagcttgatgcatgttttttctaaattctaatgcta
cctgccctacaacaacgttgccgatgaaaactttattttggtcgatgaccaacactgaattaggcccaaa
tgttgcaaatagcgtcatttttttttttttttttagattttattcttaaaaatttgctctgccttaactt
gtaacattagttatgattcatgtgtctgtctgctctgctgtaacacaaaggttttgttgggttttgctgt
tgtatactagctcataatgttaaaaaagctgtgatggttacacagcatgctggtgctgccataagatgct
aatggggcaaataatttgagattggtcattaatttaataatcatttgtggcagcctaaacgttttcacaa
tgtttttttgacatttaactggggatttaggggttaattttgagcctgcatatgaagtttattttttatt
tgttttacaaatgtgggattatatttttagccaatagaatttccataaatctgtaggtagttttaaaaat
gaatatttaccatttactgcaactctatggggacaaaacataatgtaacaggtcataactaaaaatgtgc
caatcaaaggattgaagacggaaaacatgagttaatttttcttctctgaagtagagatcgatatagaaca
tgacaatttaaatttccaattcataaatgtttttaaaatatttattttatattatttatttaacattgag
tttgattcaatattttcttagctaactgtatttttgccatgcttatggtcttttattttttgtgttctga
taacttttataatgcttttcagaattttgacatcttttgtatccacttcttaatttcaatgacaataaaa
catttcagttgacgaagacaaacaaagttctgttgtgactatggggggggggggcgcctggggatggtct
cgcccggggagtaattcagggtagaaccgccactg
>SINE_HE1   Heterodontus japonicus HE1 SINE - a consensus.
gagggcggcacagtggcgcagtggttagcaccgcagcctcacagctccagcgacccgggttcaattctgg
gtactgcctgtgtggagtttgcaagttctccctgtgtctgcgtgggtttcctccgggtgctccggtttcc
tcccacawgccaaaagacttgcaggttgataggtaaattggccattataanattgycactagtataggta
ggtggtagggaaatatagggacaggtggggaatgtggtagsaatatgggattagtgtaggattagtataa
atgggtggttgatggtcggcacagactcggtgggccgaagggcctgnttcagtgctgtatctctaaacta
aactaaactaawat
